Archive member included to satisfy reference by file (symbol)

/usr/bin/../lib/gcc/arm-none-eabi/14.2.1/thumb/v7e-m/nofp/libgcc.a(_arm_muldf3.o)
                              CMakeFiles/ads1256.elf.dir/usr/app_main.c.obj (__aeabi_dmul)
/usr/bin/../lib/gcc/arm-none-eabi/14.2.1/thumb/v7e-m/nofp/libgcc.a(_arm_mulsf3.o)
                              CMakeFiles/ads1256.elf.dir/usr/app_main.c.obj (__aeabi_fmul)
/usr/bin/../lib/gcc/arm-none-eabi/14.2.1/thumb/v7e-m/nofp/libgcc.a(_arm_addsubdf3.o)
                              CMakeFiles/ads1256.elf.dir/usr/app_main.c.obj (__aeabi_dsub)
/usr/bin/../lib/gcc/arm-none-eabi/14.2.1/thumb/v7e-m/nofp/libgcc.a(_arm_truncdfsf2.o)
                              CMakeFiles/ads1256.elf.dir/usr/app_main.c.obj (__aeabi_d2f)
/usr/bin/../lib/gcc/arm-none-eabi/14.2.1/thumb/v7e-m/nofp/libgcc.a(_arm_addsubsf3.o)
                              CMakeFiles/ads1256.elf.dir/usr/ads1256/ads125x.c.obj (__aeabi_fadd)
/usr/bin/../lib/gcc/arm-none-eabi/14.2.1/thumb/v7e-m/nofp/libgcc.a(_arm_muldivsf3.o)
                              CMakeFiles/ads1256.elf.dir/usr/app_main.c.obj (__aeabi_fdiv)
/usr/bin/../lib/gcc/arm-none-eabi/14.2.1/thumb/v7e-m/nofp/libgcc.a(_aeabi_uldivmod.o)
                              CMakeFiles/ads1256.elf.dir/Drivers/STM32F4xx_HAL_Driver/Src/stm32f4xx_hal_rcc.c.obj (__aeabi_uldivmod)
/usr/bin/../lib/gcc/arm-none-eabi/14.2.1/thumb/v7e-m/nofp/libgcc.a(_udivmoddi4.o)
                              /usr/bin/../lib/gcc/arm-none-eabi/14.2.1/thumb/v7e-m/nofp/libgcc.a(_aeabi_uldivmod.o) (__udivmoddi4)
/usr/bin/../lib/gcc/arm-none-eabi/14.2.1/thumb/v7e-m/nofp/libgcc.a(_dvmd_tls.o)
                              /usr/bin/../lib/gcc/arm-none-eabi/14.2.1/thumb/v7e-m/nofp/libgcc.a(_aeabi_uldivmod.o) (__aeabi_ldiv0)
/usr/bin/../lib/gcc/arm-none-eabi/14.2.1/../../../../arm-none-eabi/lib/thumb/v7e-m/nofp/libg.a(libc_a-atoi.o)
                              CMakeFiles/ads1256.elf.dir/usr/sdcard/sd_functions.c.obj (atoi)
/usr/bin/../lib/gcc/arm-none-eabi/14.2.1/../../../../arm-none-eabi/lib/thumb/v7e-m/nofp/libg.a(libc_a-exit.o)
                              /usr/bin/../lib/gcc/arm-none-eabi/14.2.1/../../../../arm-none-eabi/lib/thumb/v7e-m/nofp/crt0.o (exit)
/usr/bin/../lib/gcc/arm-none-eabi/14.2.1/../../../../arm-none-eabi/lib/thumb/v7e-m/nofp/libg.a(libc_a-malloc.o)
                              CMakeFiles/ads1256.elf.dir/Middlewares/Third_Party/FatFs/src/option/syscall.c.obj (malloc)
/usr/bin/../lib/gcc/arm-none-eabi/14.2.1/../../../../arm-none-eabi/lib/thumb/v7e-m/nofp/libg.a(libc_a-mallocr.o)
                              /usr/bin/../lib/gcc/arm-none-eabi/14.2.1/../../../../arm-none-eabi/lib/thumb/v7e-m/nofp/libg.a(libc_a-malloc.o) (_malloc_r)
/usr/bin/../lib/gcc/arm-none-eabi/14.2.1/../../../../arm-none-eabi/lib/thumb/v7e-m/nofp/libg.a(libc_a-mlock.o)
                              /usr/bin/../lib/gcc/arm-none-eabi/14.2.1/../../../../arm-none-eabi/lib/thumb/v7e-m/nofp/libg.a(libc_a-mallocr.o) (__malloc_lock)
/usr/bin/../lib/gcc/arm-none-eabi/14.2.1/../../../../arm-none-eabi/lib/thumb/v7e-m/nofp/libg.a(libc_a-strtol.o)
                              /usr/bin/../lib/gcc/arm-none-eabi/14.2.1/../../../../arm-none-eabi/lib/thumb/v7e-m/nofp/libg.a(libc_a-atoi.o) (_strtol_r)
/usr/bin/../lib/gcc/arm-none-eabi/14.2.1/../../../../arm-none-eabi/lib/thumb/v7e-m/nofp/libg.a(libc_a-ctype_.o)
                              /usr/bin/../lib/gcc/arm-none-eabi/14.2.1/../../../../arm-none-eabi/lib/thumb/v7e-m/nofp/libg.a(libc_a-strtol.o) (_ctype_)
/usr/bin/../lib/gcc/arm-none-eabi/14.2.1/../../../../arm-none-eabi/lib/thumb/v7e-m/nofp/libg.a(libc_a-findfp.o)
                              /usr/bin/../lib/gcc/arm-none-eabi/14.2.1/../../../../arm-none-eabi/lib/thumb/v7e-m/nofp/libg.a(libc_a-exit.o) (__stdio_exit_handler)
/usr/bin/../lib/gcc/arm-none-eabi/14.2.1/../../../../arm-none-eabi/lib/thumb/v7e-m/nofp/libg.a(libc_a-fwalk.o)
                              /usr/bin/../lib/gcc/arm-none-eabi/14.2.1/../../../../arm-none-eabi/lib/thumb/v7e-m/nofp/libg.a(libc_a-findfp.o) (_fwalk_sglue)
/usr/bin/../lib/gcc/arm-none-eabi/14.2.1/../../../../arm-none-eabi/lib/thumb/v7e-m/nofp/libg.a(libc_a-printf.o)
                              CMakeFiles/ads1256.elf.dir/usr/app_main.c.obj (printf)
/usr/bin/../lib/gcc/arm-none-eabi/14.2.1/../../../../arm-none-eabi/lib/thumb/v7e-m/nofp/libg.a(libc_a-putchar.o)
                              CMakeFiles/ads1256.elf.dir/usr/app_main.c.obj (putchar)
/usr/bin/../lib/gcc/arm-none-eabi/14.2.1/../../../../arm-none-eabi/lib/thumb/v7e-m/nofp/libg.a(libc_a-puts.o)
                              CMakeFiles/ads1256.elf.dir/usr/app_main.c.obj (puts)
/usr/bin/../lib/gcc/arm-none-eabi/14.2.1/../../../../arm-none-eabi/lib/thumb/v7e-m/nofp/libg.a(libc_a-snprintf.o)
                              CMakeFiles/ads1256.elf.dir/usr/sdcard/sd_functions.c.obj (snprintf)
/usr/bin/../lib/gcc/arm-none-eabi/14.2.1/../../../../arm-none-eabi/lib/thumb/v7e-m/nofp/libg.a(libc_a-sprintf.o)
[...]
Memory Configuration

Name             Origin             Length             Attributes
RAM              0x20000000         0x00010000         xrw
FLASH            0x08000000         0x00040000         xr
*default*        0x00000000         0xffffffff

Linker script and memory map

LOAD /usr/bin/../lib/gcc/arm-none-eabi/14.2.1/thumb/v7e-m/nofp/crti.o
LOAD /usr/bin/../lib/gcc/arm-none-eabi/14.2.1/thumb/v7e-m/nofp/crtbegin.o
LOAD /usr/bin/../lib/gcc/arm-none-eabi/14.2.1/../../../../arm-none-eabi/lib/thumb/v7e-m/nofp/crt0.o
LOAD CMakeFiles/ads1256.elf.dir/Core/Src/dma.c.obj
LOAD CMakeFiles/ads1256.elf.dir/Core/Src/gpio.c.obj
LOAD CMakeFiles/ads1256.elf.dir/Core/Src/main.c.obj
LOAD CMakeFiles/ads1256.elf.dir/Core/Src/spi.c.obj
LOAD CMakeFiles/ads1256.elf.dir/Core/Src/stm32f4xx_hal_msp.c.obj
LOAD CMakeFiles/ads1256.elf.dir/Core/Src/stm32f4xx_it.c.obj
LOAD CMakeFiles/ads1256.elf.dir/Core/Src/syscalls.c.obj
LOAD CMakeFiles/ads1256.elf.dir/Core/Src/sysmem.c.obj
LOAD CMakeFiles/ads1256.elf.dir/Core/Src/system_stm32f4xx.c.obj
LOAD CMakeFiles/ads1256.elf.dir/Core/Src/tim.c.obj
LOAD CMakeFiles/ads1256.elf.dir/Core/Src/usart.c.obj
LOAD CMakeFiles/ads1256.elf.dir/Core/Startup/startup_stm32f401ccux.s.obj
LOAD CMakeFiles/ads1256.elf.dir/Drivers/STM32F4xx_HAL_Driver/Src/stm32f4xx_hal.c.obj
LOAD CMakeFiles/ads1256.elf.dir/Drivers/STM32F4xx_HAL_Driver/Src/stm32f4xx_hal_cortex.c.obj
LOAD CMakeFiles/ads1256.elf.dir/Drivers/STM32F4xx_HAL_Driver/Src/stm32f4xx_hal_dma.c.obj
LOAD CMakeFiles/ads1256.elf.dir/Drivers/STM32F4xx_HAL_Driver/Src/stm32f4xx_hal_dma_ex.c.obj
LOAD CMakeFiles/ads1256.elf.dir/Drivers/STM32F4xx_HAL_Driver/Src/stm32f4xx_hal_exti.c.obj
LOAD CMakeFiles/ads1256.elf.dir/Drivers/STM32F4xx_HAL_Driver/Src/stm32f4xx_hal_flash.c.obj
LOAD CMakeFiles/ads1256.elf.dir/Drivers/STM32F4xx_HAL_Driver/Src/stm32f4xx_hal_flash_ex.c.obj
LOAD CMakeFiles/ads1256.elf.dir/Drivers/STM32F4xx_HAL_Driver/Src/stm32f4xx_hal_flash_ramfunc.c.obj
LOAD CMakeFiles/ads1256.elf.dir/Drivers/STM32F4xx_HAL_Driver/Src/stm32f4xx_hal_gpio.c.obj
LOAD CMakeFiles/ads1256.elf.dir/Drivers/STM32F4xx_HAL_Driver/Src/stm32f4xx_hal_pwr.c.obj
LOAD CMakeFiles/ads1256.elf.dir/Drivers/STM32F4xx_HAL_Driver/Src/stm32f4xx_hal_pwr_ex.c.obj
LOAD CMakeFiles/ads1256.elf.dir/Drivers/STM32F4xx_HAL_Driver/Src/stm32f4xx_hal_rcc.c.obj
LOAD CMakeFiles/ads1256.elf.dir/Drivers/STM32F4xx_HAL_Driver/Src/stm32f4xx_hal_rcc_ex.c.obj
LOAD CMakeFiles/ads1256.elf.dir/Drivers/STM32F4xx_HAL_Driver/Src/stm32f4xx_hal_spi.c.obj
LOAD CMakeFiles/ads1256.elf.dir/Drivers/STM32F4xx_HAL_Driver/Src/stm32f4xx_hal_tim.c.obj
LOAD CMakeFiles/ads1256.elf.dir/Drivers/STM32F4xx_HAL_Driver/Src/stm32f4xx_hal_tim_ex.c.obj
LOAD CMakeFiles/ads1256.elf.dir/Drivers/STM32F4xx_HAL_Driver/Src/stm32f4xx_hal_uart.c.obj
LOAD CMakeFiles/ads1256.elf.dir/usr/app_main.c.obj
LOAD CMakeFiles/ads1256.elf.dir/usr/KEY/key.c.obj
LOAD CMakeFiles/ads1256.elf.dir/usr/ads1256/ads125x.c.obj
LOAD CMakeFiles/ads1256.elf.dir/FATFS/App/fatfs.c.obj
LOAD CMakeFiles/ads1256.elf.dir/FATFS/Target/user_diskio.c.obj
LOAD CMakeFiles/ads1256.elf.dir/Middlewares/Third_Party/FatFs/src/ff.c.obj
LOAD CMakeFiles/ads1256.elf.dir/Middlewares/Third_Party/FatFs/src/ff_gen_drv.c.obj
LOAD CMakeFiles/ads1256.elf.dir/Middlewares/Third_Party/FatFs/src/diskio.c.obj
LOAD CMakeFiles/ads1256.elf.dir/Middlewares/Third_Party/FatFs/src/option/syscall.c.obj
LOAD CMakeFiles/ads1256.elf.dir/usr/sdcard/sd_benchmark.c.obj
LOAD CMakeFiles/ads1256.elf.dir/usr/sdcard/sd_diskio_spi.c.obj
LOAD CMakeFiles/ads1256.elf.dir/usr/sdcard/sd_functions.c.obj
LOAD CMakeFiles/ads1256.elf.dir/usr/sdcard/sd_spi.c.obj
LOAD CMakeFiles/ads1256.elf.dir/Middlewares/Third_Party/FatFs/src/option/ccsbcs.c.obj
START GROUP
LOAD /usr/bin/../lib/gcc/arm-none-eabi/14.2.1/thumb/v7e-m/nofp/libgcc.a
LOAD /usr/bin/../lib/gcc/arm-none-eabi/14.2.1/../../../../arm-none-eabi/lib/thumb/v7e-m/nofp/libg.a
LOAD /usr/bin/../lib/gcc/arm-none-eabi/14.2.1/../../../../arm-none-eabi/lib/thumb/v7e-m/nofp/libc.a
END GROUP
LOAD /usr/bin/../lib/gcc/arm-none-eabi/14.2.1/thumb/v7e-m/nofp/crtend.o
LOAD /usr/bin/../lib/gcc/arm-none-eabi/14.2.1/thumb/v7e-m/nofp/crtn.o
                0x20010000                        _estack = (ORIGIN (RAM) + LENGTH (RAM))
                0x00000200                        _Min_Heap_Size = 0x200
                0x00001400                        _Min_Stack_Size = 0x1400

.isr_vector     0x08000000      0x194
                0x08000000                        . = ALIGN (0x4)
 *(.isr_vector)
 .isr_vector    0x08000000      0x194 CMakeFiles/ads1256.elf.dir/Core/Startup/startup_stm32f401ccux.s.obj
                0x08000000                g_pfnVectors
                0x08000194                        . = ALIGN (0x4)

.text           0x080001c0     0xf3fc
                0x080001c0                        . = ALIGN (0x4)
 *(.text)
 .text          0x080001c0      0x378 /usr/bin/../lib/gcc/arm-none-eabi/14.2.1/thumb/v7e-m/nofp/libgcc.a(_arm_addsubdf3.o)
                0x080001c0                __aeabi_drsub
                0x080001c8                __aeabi_dsub
                0x080001c8                __subdf3
                0x080001cc                __adddf3
                0x080001cc                __aeabi_dadd
                0x08000444                __aeabi_ui2d
                0x08000444                __floatunsidf
                0x08000464                __floatsidf
                0x08000464                __aeabi_i2d
                0x08000488                __extendsfdf2
                0x08000488                __aeabi_f2d
                0x080004cc                __aeabi_ul2d
                0x080004cc                __floatundidf
                0x080004dc                __floatdidf
                0x080004dc                __aeabi_l2d
 .text          0x08000538       0xa0 /usr/bin/../lib/gcc/arm-none-eabi/14.2.1/thumb/v7e-m/nofp/libgcc.a(_arm_truncdfsf2.o)
                0x08000538                __aeabi_d2f
                0x08000538                __truncdfsf2
 .text          0x080005d8       0x30 /usr/bin/../lib/gcc/arm-none-eabi/14.2.1/thumb/v7e-m/nofp/libgcc.a(_aeabi_uldivmod.o)
                0x080005d8                __aeabi_uldivmod
 .text          0x08000608        0x4 /usr/bin/../lib/gcc/arm-none-eabi/14.2.1/thumb/v7e-m/nofp/libgcc.a(_dvmd_tls.o)
                0x08000608                __aeabi_ldiv0
                0x08000608                __aeabi_idiv0
 *fill*         0x0800060c       0x34 
 .text          0x08000640       0xd8 /usr/bin/../lib/gcc/arm-none-eabi/14.2.1/../../../../arm-none-eabi/lib/thumb/v7e-m/nofp/libg.a(libc_a-strlen.o)
                0x08000640                strlen
 *fill*         0x08000718        0x8 
 .text          0x08000720       0xa0 /usr/bin/../lib/gcc/arm-none-eabi/14.2.1/../../../../arm-none-eabi/lib/thumb/v7e-m/nofp/libg.a(libc_a-memchr.o)
                0x08000720                memchr
 .text          0x080007c0      0x134 /usr/bin/../lib/gcc/arm-none-eabi/14.2.1/../../../../arm-none-eabi/lib/thumb/v7e-m/nofp/libg.a(libc_a-memcpy.o)
                0x080007c0                memcpy
 .text          0x080008f4      0x424 /usr/bin/../lib/gcc/arm-none-eabi/14.2.1/thumb/v7e-m/nofp/libgcc.a(_arm_muldivdf3.o)
                0x080008f4                __aeabi_dmul
                0x080008f4                __muldf3
                0x08000b48                __aeabi_ddiv
                0x08000b48                __divdf3
 .text          0x08000d18      0x110 /usr/bin/../lib/gcc/arm-none-eabi/14.2.1/thumb/v7e-m/nofp/libgcc.a(_arm_cmpdf2.o)
                0x08000d18                __gtdf2
                0x08000d18                __gedf2
                0x08000d20                __ltdf2
                0x08000d20                __ledf2
                0x08000d28                __cmpdf2
                0x08000d28                __eqdf2
                0x08000d28                __nedf2
                0x08000da4                __aeabi_cdrcmple
                0x08000db4                __aeabi_cdcmple
                0x08000db4                __aeabi_cdcmpeq
                0x08000dc4                __aeabi_dcmpeq
                0x08000dd8                __aeabi_dcmplt
                0x08000dec                __aeabi_dcmple
                0x08000e00                __aeabi_dcmpge
                0x08000e14                __aeabi_dcmpgt
 .text          0x08000e28       0x2c /usr/bin/../lib/gcc/arm-none-eabi/14.2.1/thumb/v7e-m/nofp/libgcc.a(_arm_unorddf2.o)
                0x08000e28                __aeabi_dcmpun
                0x08000e28                __unorddf2
 .text          0x08000e54       0x50 /usr/bin/../lib/gcc/arm-none-eabi/14.2.1/thumb/v7e-m/nofp/libgcc.a(_arm_fixdfsi.o)
                0x08000e54                __fixdfsi
                0x08000e54                __aeabi_d2iz
 *(.text*)
 .text.deregister_tm_clones
                0x08000ea4       0x1c /usr/bin/../lib/gcc/arm-none-eabi/14.2.1/thumb/v7e-m/nofp/crtbegin.o
 .text.register_tm_clones
                0x08000ec0       0x24 /usr/bin/../lib/gcc/arm-none-eabi/14.2.1/thumb/v7e-m/nofp/crtbegin.o
 .text.__do_global_dtors_aux
                0x08000ee4       0x28 /usr/bin/../lib/gcc/arm-none-eabi/14.2.1/thumb/v7e-m/nofp/crtbegin.o
 .text.frame_dummy
                0x08000f0c       0x24 /usr/bin/../lib/gcc/arm-none-eabi/14.2.1/thumb/v7e-m/nofp/crtbegin.o
 .text.MX_DMA_Init
                0x08000f30       0x34 CMakeFiles/ads1256.elf.dir/Core/Src/dma.c.obj
                0x08000f30                MX_DMA_Init
 .text.MX_GPIO_Init
                0x08000f64      0x10c CMakeFiles/ads1256.elf.dir/Core/Src/gpio.c.obj
                0x08000f64                MX_GPIO_Init
 .text.Error_Handler
                0x08001070        0x4 CMakeFiles/ads1256.elf.dir/Core/Src/main.c.obj
                0x08001070                Error_Handler
 .text.SystemClock_Config
                0x08001074       0xa8 CMakeFiles/ads1256.elf.dir/Core/Src/main.c.obj
                0x08001074                SystemClock_Config
 .text.main     0x0800111c       0x60 CMakeFiles/ads1256.elf.dir/Core/Src/main.c.obj
                0x0800111c                main
 .text.MX_SPI1_Init
                0x0800117c       0x44 CMakeFiles/ads1256.elf.dir/Core/Src/spi.c.obj
                0x0800117c                MX_SPI1_Init
 .text.MX_SPI2_Init
                0x080011c0       0x44 CMakeFiles/ads1256.elf.dir/Core/Src/spi.c.obj
                0x080011c0                MX_SPI2_Init
 .text.HAL_SPI_MspInit
                0x08001204      0x100 CMakeFiles/ads1256.elf.dir/Core/Src/spi.c.obj
                0x08001204                HAL_SPI_MspInit
 .text.HAL_MspInit
                0x08001304       0x38 CMakeFiles/ads1256.elf.dir/Core/Src/stm32f4xx_hal_msp.c.obj
                0x08001304                HAL_MspInit
 .text.NMI_Handler
                0x0800133c        0x2 CMakeFiles/ads1256.elf.dir/Core/Src/stm32f4xx_it.c.obj
                0x0800133c                NMI_Handler
 .text.HardFault_Handler
                0x0800133e        0x2 CMakeFiles/ads1256.elf.dir/Core/Src/stm32f4xx_it.c.obj
                0x0800133e                HardFault_Handler
 .text.MemManage_Handler
                0x08001340        0x2 CMakeFiles/ads1256.elf.dir/Core/Src/stm32f4xx_it.c.obj
                0x08001340                MemManage_Handler
 .text.BusFault_Handler
                0x08001342        0x2 CMakeFiles/ads1256.elf.dir/Core/Src/stm32f4xx_it.c.obj
                0x08001342                BusFault_Handler
 .text.UsageFault_Handler
                0x08001344        0x2 CMakeFiles/ads1256.elf.dir/Core/Src/stm32f4xx_it.c.obj
                0x08001344                UsageFault_Handler
 .text.SVC_Handler
                0x08001346        0x2 CMakeFiles/ads1256.elf.dir/Core/Src/stm32f4xx_it.c.obj
                0x08001346                SVC_Handler
 .text.DebugMon_Handler
                0x08001348        0x2 CMakeFiles/ads1256.elf.dir/Core/Src/stm32f4xx_it.c.obj
                0x08001348                DebugMon_Handler
 .text.PendSV_Handler
                0x0800134a        0x2 CMakeFiles/ads1256.elf.dir/Core/Src/stm32f4xx_it.c.obj
                0x0800134a                PendSV_Handler
 .text.SysTick_Handler
                0x0800134c        0x8 CMakeFiles/ads1256.elf.dir/Core/Src/stm32f4xx_it.c.obj
                0x0800134c                SysTick_Handler
 .text.TIM1_TRG_COM_TIM11_IRQHandler
                0x08001354       0x18 CMakeFiles/ads1256.elf.dir/Core/Src/stm32f4xx_it.c.obj
                0x08001354                TIM1_TRG_COM_TIM11_IRQHandler
 .text.TIM2_IRQHandler
                0x0800136c       0x10 CMakeFiles/ads1256.elf.dir/Core/Src/stm32f4xx_it.c.obj
                0x0800136c                TIM2_IRQHandler
 .text.DMA2_Stream0_IRQHandler
                0x0800137c       0x10 CMakeFiles/ads1256.elf.dir/Core/Src/stm32f4xx_it.c.obj
                0x0800137c                DMA2_Stream0_IRQHandler
 .text._getpid  0x0800138c        0x4 CMakeFiles/ads1256.elf.dir/Core/Src/syscalls.c.obj
                0x0800138c                _getpid
 .text._kill    0x08001390       0x10 CMakeFiles/ads1256.elf.dir/Core/Src/syscalls.c.obj
                0x08001390                _kill
 .text._exit    0x080013a0        0xc CMakeFiles/ads1256.elf.dir/Core/Src/syscalls.c.obj
                0x080013a0                _exit
 .text._read    0x080013ac       0x20 CMakeFiles/ads1256.elf.dir/Core/Src/syscalls.c.obj
                0x080013ac                _read
 .text._close   0x080013cc        0x6 CMakeFiles/ads1256.elf.dir/Core/Src/syscalls.c.obj
                0x080013cc                _close
 .text._fstat   0x080013d2        0xa CMakeFiles/ads1256.elf.dir/Core/Src/syscalls.c.obj
                0x080013d2                _fstat
 .text._isatty  0x080013dc        0x4 CMakeFiles/ads1256.elf.dir/Core/Src/syscalls.c.obj
                0x080013dc                _isatty
 .text._lseek   0x080013e0        0x4 CMakeFiles/ads1256.elf.dir/Core/Src/syscalls.c.obj
                0x080013e0                _lseek
 .text._sbrk    0x080013e4       0x48 CMakeFiles/ads1256.elf.dir/Core/Src/sysmem.c.obj
                0x080013e4                _sbrk
 .text.SystemInit
                0x0800142c        0x2 CMakeFiles/ads1256.elf.dir/Core/Src/system_stm32f4xx.c.obj
                0x0800142c                SystemInit
 *fill*         0x0800142e        0x2 
 .text.MX_TIM1_Init
                0x08001430       0x74 CMakeFiles/ads1256.elf.dir/Core/Src/tim.c.obj
                0x08001430                MX_TIM1_Init
 .text.MX_TIM2_Init
                0x080014a4       0xf0 CMakeFiles/ads1256.elf.dir/Core/Src/tim.c.obj
                0x080014a4                MX_TIM2_Init
 .text.MX_TIM3_Init
                0x08001594       0x70 CMakeFiles/ads1256.elf.dir/Core/Src/tim.c.obj
                0x08001594                MX_TIM3_Init
 .text.MX_TIM11_Init
                0x08001604       0x34 CMakeFiles/ads1256.elf.dir/Core/Src/tim.c.obj
                0x08001604                MX_TIM11_Init
 .text.HAL_TIM_Base_MspInit
                0x08001638      0x104 CMakeFiles/ads1256.elf.dir/Core/Src/tim.c.obj
                0x08001638                HAL_TIM_Base_MspInit
 .text.MX_USART1_UART_Init
                0x0800173c       0x34 CMakeFiles/ads1256.elf.dir/Core/Src/usart.c.obj
                0x0800173c                MX_USART1_UART_Init
 .text.HAL_UART_MspInit
                0x08001770       0x74 CMakeFiles/ads1256.elf.dir/Core/Src/usart.c.obj
                0x08001770                HAL_UART_MspInit
 .text.Reset_Handler
                0x080017e4       0x50 CMakeFiles/ads1256.elf.dir/Core/Startup/startup_stm32f401ccux.s.obj
                0x080017e4                Reset_Handler
 .text.Default_Handler
                0x08001834        0x2 CMakeFiles/ads1256.elf.dir/Core/Startup/startup_stm32f401ccux.s.obj
                0x08001834                RTC_Alarm_IRQHandler
                0x08001834                EXTI2_IRQHandler
                0x08001834                SPI4_IRQHandler
                0x08001834                TIM1_CC_IRQHandler
                0x08001834                DMA2_Stream5_IRQHandler
                0x08001834                DMA1_Stream5_IRQHandler
                0x08001834                PVD_IRQHandler
                0x08001834                SDIO_IRQHandler
                0x08001834                TAMP_STAMP_IRQHandler
                0x08001834                EXTI3_IRQHandler
                0x08001834                TIM1_UP_TIM10_IRQHandler
                0x08001834                I2C3_ER_IRQHandler
                0x08001834                EXTI0_IRQHandler
                0x08001834                I2C2_EV_IRQHandler
                0x08001834                DMA1_Stream2_IRQHandler
                0x08001834                FPU_IRQHandler
                0x08001834                DMA2_Stream2_IRQHandler
                0x08001834                SPI1_IRQHandler
                0x08001834                TIM1_BRK_TIM9_IRQHandler
                0x08001834                DMA2_Stream3_IRQHandler
                0x08001834                USART6_IRQHandler
                0x08001834                TIM4_IRQHandler
                0x08001834                I2C1_EV_IRQHandler
                0x08001834                DMA1_Stream6_IRQHandler
                0x08001834                DMA1_Stream1_IRQHandler
                0x08001834                TIM3_IRQHandler
                0x08001834                RCC_IRQHandler
                0x08001834                Default_Handler
                0x08001834                EXTI15_10_IRQHandler
                0x08001834                ADC_IRQHandler
                0x08001834                DMA1_Stream7_IRQHandler
                0x08001834                TIM5_IRQHandler
                0x08001834                DMA2_Stream7_IRQHandler
                0x08001834                I2C3_EV_IRQHandler
                0x08001834                EXTI9_5_IRQHandler
                0x08001834                RTC_WKUP_IRQHandler
                0x08001834                SPI2_IRQHandler
                0x08001834                DMA1_Stream0_IRQHandler
                0x08001834                EXTI4_IRQHandler
                0x08001834                WWDG_IRQHandler
                0x08001834                OTG_FS_WKUP_IRQHandler
                0x08001834                EXTI1_IRQHandler
                0x08001834                USART2_IRQHandler
                0x08001834                I2C2_ER_IRQHandler
                0x08001834                DMA2_Stream1_IRQHandler
                0x08001834                FLASH_IRQHandler
                0x08001834                DMA2_Stream4_IRQHandler
                0x08001834                USART1_IRQHandler
                0x08001834                OTG_FS_IRQHandler
                0x08001834                SPI3_IRQHandler
                0x08001834                DMA1_Stream4_IRQHandler
                0x08001834                I2C1_ER_IRQHandler
                0x08001834                DMA2_Stream6_IRQHandler
                0x08001834                DMA1_Stream3_IRQHandler
 *fill*         0x08001836        0x2 
 .text.HAL_InitTick
                0x08001838       0x4c CMakeFiles/ads1256.elf.dir/Drivers/STM32F4xx_HAL_Driver/Src/stm32f4xx_hal.c.obj
                0x08001838                HAL_InitTick
 .text.HAL_Init
                0x08001884       0x34 CMakeFiles/ads1256.elf.dir/Drivers/STM32F4xx_HAL_Driver/Src/stm32f4xx_hal.c.obj
                0x08001884                HAL_Init
 .text.HAL_IncTick
                0x080018b8       0x18 CMakeFiles/ads1256.elf.dir/Drivers/STM32F4xx_HAL_Driver/Src/stm32f4xx_hal.c.obj
                0x080018b8                HAL_IncTick
 .text.HAL_GetTick
                0x080018d0        0xc CMakeFiles/ads1256.elf.dir/Drivers/STM32F4xx_HAL_Driver/Src/stm32f4xx_hal.c.obj
                0x080018d0                HAL_GetTick
 .text.HAL_Delay
                0x080018dc       0x28 CMakeFiles/ads1256.elf.dir/Drivers/STM32F4xx_HAL_Driver/Src/stm32f4xx_hal.c.obj
                0x080018dc                HAL_Delay
 .text.__NVIC_EnableIRQ
                0x08001904       0x1c CMakeFiles/ads1256.elf.dir/Drivers/STM32F4xx_HAL_Driver/Src/stm32f4xx_hal_cortex.c.obj
 .text.__NVIC_SetPriority
                0x08001920       0x28 CMakeFiles/ads1256.elf.dir/Drivers/STM32F4xx_HAL_Driver/Src/stm32f4xx_hal_cortex.c.obj
 .text.NVIC_EncodePriority
                0x08001948       0x3e CMakeFiles/ads1256.elf.dir/Drivers/STM32F4xx_HAL_Driver/Src/stm32f4xx_hal_cortex.c.obj
 *fill*         0x08001986        0x2 
 .text.HAL_NVIC_SetPriorityGrouping
                0x08001988       0x24 CMakeFiles/ads1256.elf.dir/Drivers/STM32F4xx_HAL_Driver/Src/stm32f4xx_hal_cortex.c.obj
                0x08001988                HAL_NVIC_SetPriorityGrouping
 .text.HAL_NVIC_SetPriority
                0x080019ac       0x20 CMakeFiles/ads1256.elf.dir/Drivers/STM32F4xx_HAL_Driver/Src/stm32f4xx_hal_cortex.c.obj
                0x080019ac                HAL_NVIC_SetPriority
 .text.HAL_NVIC_EnableIRQ
                0x080019cc        0x8 CMakeFiles/ads1256.elf.dir/Drivers/STM32F4xx_HAL_Driver/Src/stm32f4xx_hal_cortex.c.obj
                0x080019cc                HAL_NVIC_EnableIRQ
 .text.HAL_SYSTICK_Config
                0x080019d4       0x28 CMakeFiles/ads1256.elf.dir/Drivers/STM32F4xx_HAL_Driver/Src/stm32f4xx_hal_cortex.c.obj
                0x080019d4                HAL_SYSTICK_Config
 .text.DMA_CalcBaseAndBitshift
                0x080019fc       0x38 CMakeFiles/ads1256.elf.dir/Drivers/STM32F4xx_HAL_Driver/Src/stm32f4xx_hal_dma.c.obj
 .text.DMA_CheckFifoParam
                0x08001a34       0x8e CMakeFiles/ads1256.elf.dir/Drivers/STM32F4xx_HAL_Driver/Src/stm32f4xx_hal_dma.c.obj
 *fill*         0x08001ac2        0x2 
 .text.HAL_DMA_Init
                0x08001ac4       0xcc CMakeFiles/ads1256.elf.dir/Drivers/STM32F4xx_HAL_Driver/Src/stm32f4xx_hal_dma.c.obj
                0x08001ac4                HAL_DMA_Init
 .text.HAL_DMA_IRQHandler
                0x08001b90      0x1dc CMakeFiles/ads1256.elf.dir/Drivers/STM32F4xx_HAL_Driver/Src/stm32f4xx_hal_dma.c.obj
                0x08001b90                HAL_DMA_IRQHandler
 .text.HAL_GPIO_Init
                0x08001d6c      0x1d0 CMakeFiles/ads1256.elf.dir/Drivers/STM32F4xx_HAL_Driver/Src/stm32f4xx_hal_gpio.c.obj
                0x08001d6c                HAL_GPIO_Init
 .text.HAL_GPIO_ReadPin
                0x08001f3c        0xe CMakeFiles/ads1256.elf.dir/Drivers/STM32F4xx_HAL_Driver/Src/stm32f4xx_hal_gpio.c.obj
                0x08001f3c                HAL_GPIO_ReadPin
 .text.HAL_GPIO_WritePin
                0x08001f4a        0xc CMakeFiles/ads1256.elf.dir/Drivers/STM32F4xx_HAL_Driver/Src/stm32f4xx_hal_gpio.c.obj
                0x08001f4a                HAL_GPIO_WritePin
 .text.HAL_GPIO_TogglePin
                0x08001f56       0x12 CMakeFiles/ads1256.elf.dir/Drivers/STM32F4xx_HAL_Driver/Src/stm32f4xx_hal_gpio.c.obj
                0x08001f56                HAL_GPIO_TogglePin
 .text.HAL_RCC_OscConfig
                0x08001f68      0x3f8 CMakeFiles/ads1256.elf.dir/Drivers/STM32F4xx_HAL_Driver/Src/stm32f4xx_hal_rcc.c.obj
                0x08001f68                HAL_RCC_OscConfig
 .text.HAL_RCC_GetSysClockFreq
                0x08002360       0xa8 CMakeFiles/ads1256.elf.dir/Drivers/STM32F4xx_HAL_Driver/Src/stm32f4xx_hal_rcc.c.obj
                0x08002360                HAL_RCC_GetSysClockFreq
 .text.HAL_RCC_ClockConfig
                0x08002408      0x160 CMakeFiles/ads1256.elf.dir/Drivers/STM32F4xx_HAL_Driver/Src/stm32f4xx_hal_rcc.c.obj
                0x08002408                HAL_RCC_ClockConfig
 .text.HAL_RCC_GetHCLKFreq
                0x08002568        0xc CMakeFiles/ads1256.elf.dir/Drivers/STM32F4xx_HAL_Driver/Src/stm32f4xx_hal_rcc.c.obj
                0x08002568                HAL_RCC_GetHCLKFreq
 .text.HAL_RCC_GetPCLK1Freq
                0x08002574       0x20 CMakeFiles/ads1256.elf.dir/Drivers/STM32F4xx_HAL_Driver/Src/stm32f4xx_hal_rcc.c.obj
                0x08002574                HAL_RCC_GetPCLK1Freq
 .text.HAL_RCC_GetPCLK2Freq
                0x08002594       0x20 CMakeFiles/ads1256.elf.dir/Drivers/STM32F4xx_HAL_Driver/Src/stm32f4xx_hal_rcc.c.obj
                0x08002594                HAL_RCC_GetPCLK2Freq
 .text.SPI_WaitFlagStateUntilTimeout
                0x080025b4       0xc8 CMakeFiles/ads1256.elf.dir/Drivers/STM32F4xx_HAL_Driver/Src/stm32f4xx_hal_spi.c.obj
 .text.SPI_EndRxTxTransaction
                0x0800267c       0x80 CMakeFiles/ads1256.elf.dir/Drivers/STM32F4xx_HAL_Driver/Src/stm32f4xx_hal_spi.c.obj
 .text.HAL_SPI_Init
                0x080026fc       0xbe CMakeFiles/ads1256.elf.dir/Drivers/STM32F4xx_HAL_Driver/Src/stm32f4xx_hal_spi.c.obj
                0x080026fc                HAL_SPI_Init
 .text.HAL_SPI_Transmit
                0x080027ba      0x1c4 CMakeFiles/ads1256.elf.dir/Drivers/STM32F4xx_HAL_Driver/Src/stm32f4xx_hal_spi.c.obj
                0x080027ba                HAL_SPI_Transmit
 .text.HAL_SPI_TransmitReceive
                0x0800297e      0x252 CMakeFiles/ads1256.elf.dir/Drivers/STM32F4xx_HAL_Driver/Src/stm32f4xx_hal_spi.c.obj
                0x0800297e                HAL_SPI_TransmitReceive
 .text.TIM_TI1_ConfigInputStage
                0x08002bd0       0x24 CMakeFiles/ads1256.elf.dir/Drivers/STM32F4xx_HAL_Driver/Src/stm32f4xx_hal_tim.c.obj
 .text.TIM_TI2_SetConfig
                0x08002bf4       0x36 CMakeFiles/ads1256.elf.dir/Drivers/STM32F4xx_HAL_Driver/Src/stm32f4xx_hal_tim.c.obj
 .text.TIM_TI2_ConfigInputStage
                0x08002c2a       0x26 CMakeFiles/ads1256.elf.dir/Drivers/STM32F4xx_HAL_Driver/Src/stm32f4xx_hal_tim.c.obj
 .text.TIM_TI3_SetConfig
                0x08002c50       0x36 CMakeFiles/ads1256.elf.dir/Drivers/STM32F4xx_HAL_Driver/Src/stm32f4xx_hal_tim.c.obj
 .text.TIM_TI4_SetConfig
                0x08002c86       0x36 CMakeFiles/ads1256.elf.dir/Drivers/STM32F4xx_HAL_Driver/Src/stm32f4xx_hal_tim.c.obj
 .text.TIM_ITRx_SetConfig
                0x08002cbc       0x10 CMakeFiles/ads1256.elf.dir/Drivers/STM32F4xx_HAL_Driver/Src/stm32f4xx_hal_tim.c.obj
 .text.HAL_TIM_Base_Start
                0x08002ccc       0x6c CMakeFiles/ads1256.elf.dir/Drivers/STM32F4xx_HAL_Driver/Src/stm32f4xx_hal_tim.c.obj
                0x08002ccc                HAL_TIM_Base_Start
 .text.HAL_TIM_Base_Start_IT
                0x08002d38       0x74 CMakeFiles/ads1256.elf.dir/Drivers/STM32F4xx_HAL_Driver/Src/stm32f4xx_hal_tim.c.obj
                0x08002d38                HAL_TIM_Base_Start_IT
 .text.HAL_TIM_IC_MspInit
                0x08002dac        0x2 CMakeFiles/ads1256.elf.dir/Drivers/STM32F4xx_HAL_Driver/Src/stm32f4xx_hal_tim.c.obj
                0x08002dac                HAL_TIM_IC_MspInit
 .text.HAL_TIM_ReadCapturedValue
                0x08002dae       0x32 CMakeFiles/ads1256.elf.dir/Drivers/STM32F4xx_HAL_Driver/Src/stm32f4xx_hal_tim.c.obj
                0x08002dae                HAL_TIM_ReadCapturedValue
 .text.HAL_TIM_OC_DelayElapsedCallback
                0x08002de0        0x2 CMakeFiles/ads1256.elf.dir/Drivers/STM32F4xx_HAL_Driver/Src/stm32f4xx_hal_tim.c.obj
                0x08002de0                HAL_TIM_OC_DelayElapsedCallback
 .text.HAL_TIM_PWM_PulseFinishedCallback
                0x08002de2        0x2 CMakeFiles/ads1256.elf.dir/Drivers/STM32F4xx_HAL_Driver/Src/stm32f4xx_hal_tim.c.obj
                0x08002de2                HAL_TIM_PWM_PulseFinishedCallback
 .text.HAL_TIM_TriggerCallback
                0x08002de4        0x2 CMakeFiles/ads1256.elf.dir/Drivers/STM32F4xx_HAL_Driver/Src/stm32f4xx_hal_tim.c.obj
                0x08002de4                HAL_TIM_TriggerCallback
 .text.HAL_TIM_IRQHandler
                0x08002de6      0x15e CMakeFiles/ads1256.elf.dir/Drivers/STM32F4xx_HAL_Driver/Src/stm32f4xx_hal_tim.c.obj
                0x08002de6                HAL_TIM_IRQHandler
 .text.TIM_Base_SetConfig
                0x08002f44       0xa4 CMakeFiles/ads1256.elf.dir/Drivers/STM32F4xx_HAL_Driver/Src/stm32f4xx_hal_tim.c.obj
                0x08002f44                TIM_Base_SetConfig
 .text.HAL_TIM_Base_Init
                0x08002fe8       0x58 CMakeFiles/ads1256.elf.dir/Drivers/STM32F4xx_HAL_Driver/Src/stm32f4xx_hal_tim.c.obj
                0x08002fe8                HAL_TIM_Base_Init
 .text.HAL_TIM_IC_Init
                0x08003040       0x58 CMakeFiles/ads1256.elf.dir/Drivers/STM32F4xx_HAL_Driver/Src/stm32f4xx_hal_tim.c.obj
                0x08003040                HAL_TIM_IC_Init
 .text.TIM_TI1_SetConfig
                0x08003098       0x6c CMakeFiles/ads1256.elf.dir/Drivers/STM32F4xx_HAL_Driver/Src/stm32f4xx_hal_tim.c.obj
                0x08003098                TIM_TI1_SetConfig
 .text.HAL_TIM_IC_ConfigChannel
                0x08003104       0xcc CMakeFiles/ads1256.elf.dir/Drivers/STM32F4xx_HAL_Driver/Src/stm32f4xx_hal_tim.c.obj
                0x08003104                HAL_TIM_IC_ConfigChannel
 .text.TIM_ETR_SetConfig
                0x080031d0       0x18 CMakeFiles/ads1256.elf.dir/Drivers/STM32F4xx_HAL_Driver/Src/stm32f4xx_hal_tim.c.obj
                0x080031d0                TIM_ETR_SetConfig
 .text.HAL_TIM_ConfigClockSource
                0x080031e8       0xfe CMakeFiles/ads1256.elf.dir/Drivers/STM32F4xx_HAL_Driver/Src/stm32f4xx_hal_tim.c.obj
                0x080031e8                HAL_TIM_ConfigClockSource
 .text.TIM_SlaveTimer_SetConfig
                0x080032e6       0xb8 CMakeFiles/ads1256.elf.dir/Drivers/STM32F4xx_HAL_Driver/Src/stm32f4xx_hal_tim.c.obj
 .text.HAL_TIM_SlaveConfigSynchro
                0x0800339e       0x52 CMakeFiles/ads1256.elf.dir/Drivers/STM32F4xx_HAL_Driver/Src/stm32f4xx_hal_tim.c.obj
                0x0800339e                HAL_TIM_SlaveConfigSynchro
 .text.HAL_TIMEx_MasterConfigSynchronization
                0x080033f0       0x7c CMakeFiles/ads1256.elf.dir/Drivers/STM32F4xx_HAL_Driver/Src/stm32f4xx_hal_tim_ex.c.obj
                0x080033f0                HAL_TIMEx_MasterConfigSynchronization
 .text.HAL_TIMEx_CommutCallback
                0x0800346c        0x2 CMakeFiles/ads1256.elf.dir/Drivers/STM32F4xx_HAL_Driver/Src/stm32f4xx_hal_tim_ex.c.obj
                0x0800346c                HAL_TIMEx_CommutCallback
 .text.HAL_TIMEx_BreakCallback
                0x0800346e        0x2 CMakeFiles/ads1256.elf.dir/Drivers/STM32F4xx_HAL_Driver/Src/stm32f4xx_hal_tim_ex.c.obj
                0x0800346e                HAL_TIMEx_BreakCallback
 .text.UART_EndRxTransfer
                0x08003470       0x5c CMakeFiles/ads1256.elf.dir/Drivers/STM32F4xx_HAL_Driver/Src/stm32f4xx_hal_uart.c.obj
 .text.UART_SetConfig
                0x080034cc      0x110 CMakeFiles/ads1256.elf.dir/Drivers/STM32F4xx_HAL_Driver/Src/stm32f4xx_hal_uart.c.obj
 .text.UART_WaitOnFlagUntilTimeout
                0x080035dc       0x86 CMakeFiles/ads1256.elf.dir/Drivers/STM32F4xx_HAL_Driver/Src/stm32f4xx_hal_uart.c.obj
 .text.HAL_UART_Init
                0x08003662       0x60 CMakeFiles/ads1256.elf.dir/Drivers/STM32F4xx_HAL_Driver/Src/stm32f4xx_hal_uart.c.obj
                0x08003662                HAL_UART_Init
 .text.HAL_UART_Transmit
                0x080036c2       0xca CMakeFiles/ads1256.elf.dir/Drivers/STM32F4xx_HAL_Driver/Src/stm32f4xx_hal_uart.c.obj
                0x080036c2                HAL_UART_Transmit
 .text.key_event_handler
                0x0800378c       0x64 CMakeFiles/ads1256.elf.dir/usr/app_main.c.obj
                0x0800378c                key_event_handler
 .text.write_csv_example
                0x080037f0      0x118 CMakeFiles/ads1256.elf.dir/usr/app_main.c.obj
                0x080037f0                write_csv_example
 .text.sd_test  0x08003908       0x10 CMakeFiles/ads1256.elf.dir/usr/app_main.c.obj
                0x08003908                sd_test
 .text.app_main
                0x08003918       0x80 CMakeFiles/ads1256.elf.dir/usr/app_main.c.obj
                0x08003918                app_main
 .text.HAL_TIM_PeriodElapsedCallback
                0x08003998       0x48 CMakeFiles/ads1256.elf.dir/usr/app_main.c.obj
                0x08003998                HAL_TIM_PeriodElapsedCallback
 .text.HAL_TIM_IC_CaptureCallback
                0x080039e0       0xa4 CMakeFiles/ads1256.elf.dir/usr/app_main.c.obj
                0x080039e0                HAL_TIM_IC_CaptureCallback
 .text._write   0x08003a84       0x28 CMakeFiles/ads1256.elf.dir/usr/app_main.c.obj
                0x08003a84                _write
 .text.key_state_machine
                0x08003aac      0x1d8 CMakeFiles/ads1256.elf.dir/usr/KEY/key.c.obj
 .text.key_read_pin
                0x08003c84       0x50 CMakeFiles/ads1256.elf.dir/usr/KEY/key.c.obj
 .text.key_init
                0x08003cd4       0x5c CMakeFiles/ads1256.elf.dir/usr/KEY/key.c.obj
                0x08003cd4                key_init
 .text.key_register
                0x08003d30       0x68 CMakeFiles/ads1256.elf.dir/usr/KEY/key.c.obj
                0x08003d30                key_register
 .text.key_set_callback
                0x08003d98        0xc CMakeFiles/ads1256.elf.dir/usr/KEY/key.c.obj
                0x08003d98                key_set_callback
 .text.key_scan
                0x08003da4       0x38 CMakeFiles/ads1256.elf.dir/usr/KEY/key.c.obj
                0x08003da4                key_scan
 .text.key_systick_handler
                0x08003ddc       0x14 CMakeFiles/ads1256.elf.dir/usr/KEY/key.c.obj
                0x08003ddc                key_systick_handler
 .text.get_fattime
                0x08003df0        0x4 CMakeFiles/ads1256.elf.dir/FATFS/App/fatfs.c.obj
                0x08003df0                get_fattime
 .text.ld_word  0x08003df4        0xa CMakeFiles/ads1256.elf.dir/Middlewares/Third_Party/FatFs/src/ff.c.obj
 .text.ld_dword
                0x08003dfe       0x16 CMakeFiles/ads1256.elf.dir/Middlewares/Third_Party/FatFs/src/ff.c.obj
 .text.st_word  0x08003e14        0x8 CMakeFiles/ads1256.elf.dir/Middlewares/Third_Party/FatFs/src/ff.c.obj
 .text.st_dword
                0x08003e1c       0x14 CMakeFiles/ads1256.elf.dir/Middlewares/Third_Party/FatFs/src/ff.c.obj
 .text.mem_cpy  0x08003e30       0x14 CMakeFiles/ads1256.elf.dir/Middlewares/Third_Party/FatFs/src/ff.c.obj
 .text.mem_set  0x08003e44        0xa CMakeFiles/ads1256.elf.dir/Middlewares/Third_Party/FatFs/src/ff.c.obj
 .text.mem_cmp  0x08003e4e       0x1a CMakeFiles/ads1256.elf.dir/Middlewares/Third_Party/FatFs/src/ff.c.obj
 .text.chk_chr  0x08003e68       0x10 CMakeFiles/ads1256.elf.dir/Middlewares/Third_Party/FatFs/src/ff.c.obj
 .text.chk_lock
                0x08003e78       0x74 CMakeFiles/ads1256.elf.dir/Middlewares/Third_Party/FatFs/src/ff.c.obj
 .text.enq_lock
                0x08003eec       0x20 CMakeFiles/ads1256.elf.dir/Middlewares/Third_Party/FatFs/src/ff.c.obj
 .text.inc_lock
                0x08003f0c       0xa4 CMakeFiles/ads1256.elf.dir/Middlewares/Third_Party/FatFs/src/ff.c.obj
 .text.dec_lock
                0x08003fb0       0x40 CMakeFiles/ads1256.elf.dir/Middlewares/Third_Party/FatFs/src/ff.c.obj
 .text.clear_lock
                0x08003ff0       0x38 CMakeFiles/ads1256.elf.dir/Middlewares/Third_Party/FatFs/src/ff.c.obj
 .text.clust2sect
                0x08004028       0x18 CMakeFiles/ads1256.elf.dir/Middlewares/Third_Party/FatFs/src/ff.c.obj
 .text.clmt_clust
                0x08004040       0x22 CMakeFiles/ads1256.elf.dir/Middlewares/Third_Party/FatFs/src/ff.c.obj
 .text.ld_clust
                0x08004062       0x26 CMakeFiles/ads1256.elf.dir/Middlewares/Third_Party/FatFs/src/ff.c.obj
 .text.st_clust
                0x08004088       0x26 CMakeFiles/ads1256.elf.dir/Middlewares/Third_Party/FatFs/src/ff.c.obj
 *fill*         0x080040ae        0x2 
 .text.put_lfn  0x080040b0       0x78 CMakeFiles/ads1256.elf.dir/Middlewares/Third_Party/FatFs/src/ff.c.obj
 .text.gen_numname
                0x08004128       0xaa CMakeFiles/ads1256.elf.dir/Middlewares/Third_Party/FatFs/src/ff.c.obj
 .text.sum_sfn  0x080041d2       0x20 CMakeFiles/ads1256.elf.dir/Middlewares/Third_Party/FatFs/src/ff.c.obj
 .text.get_ldnumber
                0x080041f2       0x4e CMakeFiles/ads1256.elf.dir/Middlewares/Third_Party/FatFs/src/ff.c.obj
 .text.validate
                0x08004240       0x46 CMakeFiles/ads1256.elf.dir/Middlewares/Third_Party/FatFs/src/ff.c.obj
 .text.sync_window
                0x08004286       0x54 CMakeFiles/ads1256.elf.dir/Middlewares/Third_Party/FatFs/src/ff.c.obj
 .text.move_window
                0x080042da       0x36 CMakeFiles/ads1256.elf.dir/Middlewares/Third_Party/FatFs/src/ff.c.obj
 .text.check_fs
                0x08004310       0x78 CMakeFiles/ads1256.elf.dir/Middlewares/Third_Party/FatFs/src/ff.c.obj
 .text.find_volume
                0x08004388      0x2fc CMakeFiles/ads1256.elf.dir/Middlewares/Third_Party/FatFs/src/ff.c.obj
 .text.put_fat  0x08004684      0x104 CMakeFiles/ads1256.elf.dir/Middlewares/Third_Party/FatFs/src/ff.c.obj
 .text.get_fat  0x08004788       0xd0 CMakeFiles/ads1256.elf.dir/Middlewares/Third_Party/FatFs/src/ff.c.obj
 .text.dir_sdi  0x08004858       0xac CMakeFiles/ads1256.elf.dir/Middlewares/Third_Party/FatFs/src/ff.c.obj
 .text.create_chain
                0x08004904       0xcc CMakeFiles/ads1256.elf.dir/Middlewares/Third_Party/FatFs/src/ff.c.obj
 .text.remove_chain
                0x080049d0       0x7e CMakeFiles/ads1256.elf.dir/Middlewares/Third_Party/FatFs/src/ff.c.obj
 .text.dir_next
                0x08004a4e      0x108 CMakeFiles/ads1256.elf.dir/Middlewares/Third_Party/FatFs/src/ff.c.obj
 .text.dir_alloc
                0x08004b56       0x50 CMakeFiles/ads1256.elf.dir/Middlewares/Third_Party/FatFs/src/ff.c.obj
 *fill*         0x08004ba6        0x2 
 .text.create_name
                0x08004ba8      0x22c CMakeFiles/ads1256.elf.dir/Middlewares/Third_Party/FatFs/src/ff.c.obj
 .text.cmp_lfn  0x08004dd4       0xa0 CMakeFiles/ads1256.elf.dir/Middlewares/Third_Party/FatFs/src/ff.c.obj
 .text.dir_find
                0x08004e74       0xe6 CMakeFiles/ads1256.elf.dir/Middlewares/Third_Party/FatFs/src/ff.c.obj
 .text.follow_path
                0x08004f5a       0x8c CMakeFiles/ads1256.elf.dir/Middlewares/Third_Party/FatFs/src/ff.c.obj
 *fill*         0x08004fe6        0x2 
 .text.dir_register
                0x08004fe8      0x140 CMakeFiles/ads1256.elf.dir/Middlewares/Third_Party/FatFs/src/ff.c.obj
 .text.sync_fs  0x08005128       0x8c CMakeFiles/ads1256.elf.dir/Middlewares/Third_Party/FatFs/src/ff.c.obj
 .text.f_mount  0x080051b4       0x5c CMakeFiles/ads1256.elf.dir/Middlewares/Third_Party/FatFs/src/ff.c.obj
                0x080051b4                f_mount
 .text.f_open   0x08005210      0x242 CMakeFiles/ads1256.elf.dir/Middlewares/Third_Party/FatFs/src/ff.c.obj
                0x08005210                f_open
 .text.f_write  0x08005452      0x1fc CMakeFiles/ads1256.elf.dir/Middlewares/Third_Party/FatFs/src/ff.c.obj
                0x08005452                f_write
 .text.f_sync   0x0800564e       0x98 CMakeFiles/ads1256.elf.dir/Middlewares/Third_Party/FatFs/src/ff.c.obj
                0x0800564e                f_sync
 .text.f_close  0x080056e6       0x2a CMakeFiles/ads1256.elf.dir/Middlewares/Third_Party/FatFs/src/ff.c.obj
                0x080056e6                f_close
 .text.f_getfree
                0x08005710       0xde CMakeFiles/ads1256.elf.dir/Middlewares/Third_Party/FatFs/src/ff.c.obj
                0x08005710                f_getfree
 *fill*         0x080057ee        0x2 
 .text.FATFS_LinkDriverEx
                0x080057f0       0x54 CMakeFiles/ads1256.elf.dir/Middlewares/Third_Party/FatFs/src/ff_gen_drv.c.obj
                0x080057f0                FATFS_LinkDriverEx
 .text.FATFS_LinkDriver
                0x08005844        0xa CMakeFiles/ads1256.elf.dir/Middlewares/Third_Party/FatFs/src/ff_gen_drv.c.obj
                0x08005844                FATFS_LinkDriver
 *fill*         0x0800584e        0x2 
 .text.disk_status
                0x08005850       0x18 CMakeFiles/ads1256.elf.dir/Middlewares/Third_Party/FatFs/src/diskio.c.obj
                0x08005850                disk_status
 .text.disk_initialize
                0x08005868       0x2c CMakeFiles/ads1256.elf.dir/Middlewares/Third_Party/FatFs/src/diskio.c.obj
                0x08005868                disk_initialize
 .text.disk_read
                0x08005894       0x18 CMakeFiles/ads1256.elf.dir/Middlewares/Third_Party/FatFs/src/diskio.c.obj
                0x08005894                disk_read
 .text.disk_write
                0x080058ac       0x18 CMakeFiles/ads1256.elf.dir/Middlewares/Third_Party/FatFs/src/diskio.c.obj
                0x080058ac                disk_write
 .text.disk_ioctl
                0x080058c4       0x18 CMakeFiles/ads1256.elf.dir/Middlewares/Third_Party/FatFs/src/diskio.c.obj
                0x080058c4                disk_ioctl
 .text.ff_memalloc
                0x080058dc        0x8 CMakeFiles/ads1256.elf.dir/Middlewares/Third_Party/FatFs/src/option/syscall.c.obj
                0x080058dc                ff_memalloc
 .text.ff_memfree
                0x080058e4        0x8 CMakeFiles/ads1256.elf.dir/Middlewares/Third_Party/FatFs/src/option/syscall.c.obj
                0x080058e4                ff_memfree
 .text.SD_disk_status
                0x080058ec        0x8 CMakeFiles/ads1256.elf.dir/usr/sdcard/sd_diskio_spi.c.obj
                0x080058ec                SD_disk_status
 .text.SD_disk_ioctl
                0x080058f4       0x38 CMakeFiles/ads1256.elf.dir/usr/sdcard/sd_diskio_spi.c.obj
                0x080058f4                SD_disk_ioctl
 .text.SD_disk_initialize
                0x0800592c       0x20 CMakeFiles/ads1256.elf.dir/usr/sdcard/sd_diskio_spi.c.obj
                0x0800592c                SD_disk_initialize
 .text.SD_disk_read
                0x0800594c       0x30 CMakeFiles/ads1256.elf.dir/usr/sdcard/sd_diskio_spi.c.obj
                0x0800594c                SD_disk_read
 .text.SD_disk_write
                0x0800597c       0x30 CMakeFiles/ads1256.elf.dir/usr/sdcard/sd_diskio_spi.c.obj
                0x0800597c                SD_disk_write
 .text.sd_get_space_kb
                0x080059ac       0x40 CMakeFiles/ads1256.elf.dir/usr/sdcard/sd_functions.c.obj
                0x080059ac                sd_get_space_kb
 .text.sd_mount
                0x080059ec       0xc4 CMakeFiles/ads1256.elf.dir/usr/sdcard/sd_functions.c.obj
                0x080059ec                sd_mount
 .text.sd_unmount
                0x08005ab0       0x30 CMakeFiles/ads1256.elf.dir/usr/sdcard/sd_functions.c.obj
                0x08005ab0                sd_unmount
 .text.SD_ReceiveByte
                0x08005ae0       0x34 CMakeFiles/ads1256.elf.dir/usr/sdcard/sd_spi.c.obj
 .text.SD_WaitReady
                0x08005b14       0x22 CMakeFiles/ads1256.elf.dir/usr/sdcard/sd_spi.c.obj
 .text.SD_ReceiveBuffer
                0x08005b36       0x1a CMakeFiles/ads1256.elf.dir/usr/sdcard/sd_spi.c.obj
 .text.SD_TransmitByte
                0x08005b50       0x24 CMakeFiles/ads1256.elf.dir/usr/sdcard/sd_spi.c.obj
 .text.SD_SendCommand
                0x08005b74       0x4c CMakeFiles/ads1256.elf.dir/usr/sdcard/sd_spi.c.obj
 .text.SD_TransmitBuffer
                0x08005bc0       0x18 CMakeFiles/ads1256.elf.dir/usr/sdcard/sd_spi.c.obj
 .text.sd_is_sdhc
                0x08005bd8        0xc CMakeFiles/ads1256.elf.dir/usr/sdcard/sd_spi.c.obj
                0x08005bd8                sd_is_sdhc
 .text.SD_SPI_Init
                0x08005be4      0x1bc CMakeFiles/ads1256.elf.dir/usr/sdcard/sd_spi.c.obj
                0x08005be4                SD_SPI_Init
 .text.SD_ReadMultiBlocks
                0x08005da0       0xc0 CMakeFiles/ads1256.elf.dir/usr/sdcard/sd_spi.c.obj
                0x08005da0                SD_ReadMultiBlocks
 .text.SD_ReadBlocks
                0x08005e60       0xac CMakeFiles/ads1256.elf.dir/usr/sdcard/sd_spi.c.obj
                0x08005e60                SD_ReadBlocks
 .text.SD_WriteMultiBlocks
                0x08005f0c       0xbc CMakeFiles/ads1256.elf.dir/usr/sdcard/sd_spi.c.obj
                0x08005f0c                SD_WriteMultiBlocks
 .text.SD_WriteBlocks
                0x08005fc8       0xac CMakeFiles/ads1256.elf.dir/usr/sdcard/sd_spi.c.obj
                0x08005fc8                SD_WriteBlocks
 .text.ff_convert
                0x08006074       0x3c CMakeFiles/ads1256.elf.dir/Middlewares/Third_Party/FatFs/src/option/ccsbcs.c.obj
                0x08006074                ff_convert
 .text.ff_wtoupper
                0x080060b0       0x9c CMakeFiles/ads1256.elf.dir/Middlewares/Third_Party/FatFs/src/option/ccsbcs.c.obj
                0x080060b0                ff_wtoupper
 .text.__udivmoddi4
                0x0800614c      0x2f8 /usr/bin/../lib/gcc/arm-none-eabi/14.2.1/thumb/v7e-m/nofp/libgcc.a(_udivmoddi4.o)
                0x0800614c                __udivmoddi4
 .text.malloc   0x08006444       0x10 /usr/bin/../lib/gcc/arm-none-eabi/14.2.1/../../../../arm-none-eabi/lib/thumb/v7e-m/nofp/libg.a(libc_a-malloc.o)
                0x08006444                malloc
 .text.free     0x08006454       0x10 /usr/bin/../lib/gcc/arm-none-eabi/14.2.1/../../../../arm-none-eabi/lib/thumb/v7e-m/nofp/libg.a(libc_a-malloc.o)
                0x08006454                free
 .text._malloc_r
                0x08006464      0x598 /usr/bin/../lib/gcc/arm-none-eabi/14.2.1/../../../../arm-none-eabi/lib/thumb/v7e-m/nofp/libg.a(libc_a-mallocr.o)
                0x08006464                _malloc_r
 .text.__malloc_lock
                0x080069fc        0xc /usr/bin/../lib/gcc/arm-none-eabi/14.2.1/../../../../arm-none-eabi/lib/thumb/v7e-m/nofp/libg.a(libc_a-mlock.o)
                0x080069fc                __malloc_lock
 .text.__malloc_unlock
                0x08006a08        0xc /usr/bin/../lib/gcc/arm-none-eabi/14.2.1/../../../../arm-none-eabi/lib/thumb/v7e-m/nofp/libg.a(libc_a-mlock.o)
                0x08006a08                __malloc_unlock
 .text.stdio_exit_handler
                0x08006a14       0x18 /usr/bin/../lib/gcc/arm-none-eabi/14.2.1/../../../../arm-none-eabi/lib/thumb/v7e-m/nofp/libg.a(libc_a-findfp.o)
 .text.cleanup_stdio
                0x08006a2c       0x40 /usr/bin/../lib/gcc/arm-none-eabi/14.2.1/../../../../arm-none-eabi/lib/thumb/v7e-m/nofp/libg.a(libc_a-findfp.o)
 .text.global_stdio_init.part.0
                0x08006a6c       0xf0 /usr/bin/../lib/gcc/arm-none-eabi/14.2.1/../../../../arm-none-eabi/lib/thumb/v7e-m/nofp/libg.a(libc_a-findfp.o)
 .text.__sinit  0x08006b5c       0x3c /usr/bin/../lib/gcc/arm-none-eabi/14.2.1/../../../../arm-none-eabi/lib/thumb/v7e-m/nofp/libg.a(libc_a-findfp.o)
                0x08006b5c                __sinit
 .text.__sfp_lock_acquire
                0x08006b98        0xc /usr/bin/../lib/gcc/arm-none-eabi/14.2.1/../../../../arm-none-eabi/lib/thumb/v7e-m/nofp/libg.a(libc_a-findfp.o)
                0x08006b98                __sfp_lock_acquire
 .text.__sfp_lock_release
                0x08006ba4        0xc /usr/bin/../lib/gcc/arm-none-eabi/14.2.1/../../../../arm-none-eabi/lib/thumb/v7e-m/nofp/libg.a(libc_a-findfp.o)
                0x08006ba4                __sfp_lock_release
 .text._fwalk_sglue
                0x08006bb0       0x44 /usr/bin/../lib/gcc/arm-none-eabi/14.2.1/../../../../arm-none-eabi/lib/thumb/v7e-m/nofp/libg.a(libc_a-fwalk.o)
                0x08006bb0                _fwalk_sglue
 .text.printf   0x08006bf4       0x28 /usr/bin/../lib/gcc/arm-none-eabi/14.2.1/../../../../arm-none-eabi/lib/thumb/v7e-m/nofp/libg.a(libc_a-printf.o)
                0x08006bf4                printf
 .text._puts_r  0x08006c1c       0xbc /usr/bin/../lib/gcc/arm-none-eabi/14.2.1/../../../../arm-none-eabi/lib/thumb/v7e-m/nofp/libg.a(libc_a-puts.o)
                0x08006c1c                _puts_r
 .text.puts     0x08006cd8       0x10 /usr/bin/../lib/gcc/arm-none-eabi/14.2.1/../../../../arm-none-eabi/lib/thumb/v7e-m/nofp/libg.a(libc_a-puts.o)
                0x08006cd8                puts
 .text.sprintf  0x08006ce8       0x44 /usr/bin/../lib/gcc/arm-none-eabi/14.2.1/../../../../arm-none-eabi/lib/thumb/v7e-m/nofp/libg.a(libc_a-sprintf.o)
                0x08006ce8                sprintf
 .text.__sread  0x08006d2c       0x24 /usr/bin/../lib/gcc/arm-none-eabi/14.2.1/../../../../arm-none-eabi/lib/thumb/v7e-m/nofp/libg.a(libc_a-stdio.o)
                0x08006d2c                __sread
 .text.__swrite
                0x08006d50       0x40 /usr/bin/../lib/gcc/arm-none-eabi/14.2.1/../../../../arm-none-eabi/lib/thumb/v7e-m/nofp/libg.a(libc_a-stdio.o)
                0x08006d50                __swrite
 .text.__sseek  0x08006d90       0x24 /usr/bin/../lib/gcc/arm-none-eabi/14.2.1/../../../../arm-none-eabi/lib/thumb/v7e-m/nofp/libg.a(libc_a-stdio.o)
                0x08006d90                __sseek
 .text.__sclose
                0x08006db4        0x8 /usr/bin/../lib/gcc/arm-none-eabi/14.2.1/../../../../arm-none-eabi/lib/thumb/v7e-m/nofp/libg.a(libc_a-stdio.o)
                0x08006db4                __sclose
 .text.memset   0x08006dbc       0x9c /usr/bin/../lib/gcc/arm-none-eabi/14.2.1/../../../../arm-none-eabi/lib/thumb/v7e-m/nofp/libg.a(libc_a-memset.o)
                0x08006dbc                memset
 .text.strncpy  0x08006e58       0x68 /usr/bin/../lib/gcc/arm-none-eabi/14.2.1/../../../../arm-none-eabi/lib/thumb/v7e-m/nofp/libg.a(libc_a-strncpy.o)
                0x08006e58                strncpy
 .text._close_r
                0x08006ec0       0x24 /usr/bin/../lib/gcc/arm-none-eabi/14.2.1/../../../../arm-none-eabi/lib/thumb/v7e-m/nofp/libg.a(libc_a-closer.o)
                0x08006ec0                _close_r
 .text._lseek_r
                0x08006ee4       0x2c /usr/bin/../lib/gcc/arm-none-eabi/14.2.1/../../../../arm-none-eabi/lib/thumb/v7e-m/nofp/libg.a(libc_a-lseekr.o)
                0x08006ee4                _lseek_r
 .text._read_r  0x08006f10       0x2c /usr/bin/../lib/gcc/arm-none-eabi/14.2.1/../../../../arm-none-eabi/lib/thumb/v7e-m/nofp/libg.a(libc_a-readr.o)
                0x08006f10                _read_r
 .text._sbrk_r  0x08006f3c       0x24 /usr/bin/../lib/gcc/arm-none-eabi/14.2.1/../../../../arm-none-eabi/lib/thumb/v7e-m/nofp/libg.a(libc_a-sbrkr.o)
                0x08006f3c                _sbrk_r
 .text._write_r
                0x08006f60       0x2c /usr/bin/../lib/gcc/arm-none-eabi/14.2.1/../../../../arm-none-eabi/lib/thumb/v7e-m/nofp/libg.a(libc_a-writer.o)
                0x08006f60                _write_r
 .text.__errno  0x08006f8c        0xc /usr/bin/../lib/gcc/arm-none-eabi/14.2.1/../../../../arm-none-eabi/lib/thumb/v7e-m/nofp/libg.a(libc_a-errno.o)
                0x08006f8c                __errno
 .text.__libc_init_array
                0x08006f98       0x50 /usr/bin/../lib/gcc/arm-none-eabi/14.2.1/../../../../arm-none-eabi/lib/thumb/v7e-m/nofp/libg.a(libc_a-init.o)
                0x08006f98                __libc_init_array
 .text.__retarget_lock_init_recursive
                0x08006fe8        0x4 /usr/bin/../lib/gcc/arm-none-eabi/14.2.1/../../../../arm-none-eabi/lib/thumb/v7e-m/nofp/libg.a(libc_a-lock.o)
                0x08006fe8                __retarget_lock_init_recursive
 .text.__retarget_lock_close_recursive
                0x08006fec        0x4 /usr/bin/../lib/gcc/arm-none-eabi/14.2.1/../../../../arm-none-eabi/lib/thumb/v7e-m/nofp/libg.a(libc_a-lock.o)
                0x08006fec                __retarget_lock_close_recursive
 .text.__retarget_lock_acquire_recursive
                0x08006ff0        0x4 /usr/bin/../lib/gcc/arm-none-eabi/14.2.1/../../../../arm-none-eabi/lib/thumb/v7e-m/nofp/libg.a(libc_a-lock.o)
                0x08006ff0                __retarget_lock_acquire_recursive
 .text.__retarget_lock_release_recursive
                0x08006ff4        0x4 /usr/bin/../lib/gcc/arm-none-eabi/14.2.1/../../../../arm-none-eabi/lib/thumb/v7e-m/nofp/libg.a(libc_a-lock.o)
                0x08006ff4                __retarget_lock_release_recursive
 .text.sysconf  0x08006ff8       0x1c /usr/bin/../lib/gcc/arm-none-eabi/14.2.1/../../../../arm-none-eabi/lib/thumb/v7e-m/nofp/libg.a(libc_a-sysconf.o)
                0x08006ff8                sysconf
 .text.startup.register_fini
                0x08007014       0x14 /usr/bin/../lib/gcc/arm-none-eabi/14.2.1/../../../../arm-none-eabi/lib/thumb/v7e-m/nofp/libg.a(libc_a-__call_atexit.o)
 .text.atexit   0x08007028        0xc /usr/bin/../lib/gcc/arm-none-eabi/14.2.1/../../../../arm-none-eabi/lib/thumb/v7e-m/nofp/libg.a(libc_a-atexit.o)
                0x08007028                atexit
 .text._malloc_trim_r
                0x08007034       0xb8 /usr/bin/../lib/gcc/arm-none-eabi/14.2.1/../../../../arm-none-eabi/lib/thumb/v7e-m/nofp/libg.a(libc_a-freer.o)
                0x08007034                _malloc_trim_r
 .text._free_r  0x080070ec      0x1f0 /usr/bin/../lib/gcc/arm-none-eabi/14.2.1/../../../../arm-none-eabi/lib/thumb/v7e-m/nofp/libg.a(libc_a-freer.o)
                0x080070ec                _free_r
 .text._svfprintf_r
                0x080072dc     0x2210 /usr/bin/../lib/gcc/arm-none-eabi/14.2.1/../../../../arm-none-eabi/lib/thumb/v7e-m/nofp/libg.a(libc_a-svfprintf.o)
                0x080072dc                _svfprintf_r
 .text._vfprintf_r
                0x080094ec     0x2320 /usr/bin/../lib/gcc/arm-none-eabi/14.2.1/../../../../arm-none-eabi/lib/thumb/v7e-m/nofp/libg.a(libc_a-vfprintf.o)
                0x080094ec                _vfprintf_r
 .text.__sbprintf
                0x0800b80c       0x84 /usr/bin/../lib/gcc/arm-none-eabi/14.2.1/../../../../arm-none-eabi/lib/thumb/v7e-m/nofp/libg.a(libc_a-vfprintf.o)
 .text.__sprint_r
                0x0800b890       0x20 /usr/bin/../lib/gcc/arm-none-eabi/14.2.1/../../../../arm-none-eabi/lib/thumb/v7e-m/nofp/libg.a(libc_a-sprint_r.o)
                0x0800b890                __sprint_r
 .text.__ssprint_r
                0x0800b8b0       0x58 /usr/bin/../lib/gcc/arm-none-eabi/14.2.1/../../../../arm-none-eabi/lib/thumb/v7e-m/nofp/libg.a(libc_a-ssprint_r.o)
                0x0800b8b0                __ssprint_r
 .text._fclose_r
                0x0800b908       0xc0 /usr/bin/../lib/gcc/arm-none-eabi/14.2.1/../../../../arm-none-eabi/lib/thumb/v7e-m/nofp/libg.a(libc_a-fclose.o)
                0x0800b908                _fclose_r
 .text.__sflush_r
                0x0800b9c8      0x124 /usr/bin/../lib/gcc/arm-none-eabi/14.2.1/../../../../arm-none-eabi/lib/thumb/v7e-m/nofp/libg.a(libc_a-fflush.o)
                0x0800b9c8                __sflush_r
 .text._fflush_r
                0x0800baec       0x54 /usr/bin/../lib/gcc/arm-none-eabi/14.2.1/../../../../arm-none-eabi/lib/thumb/v7e-m/nofp/libg.a(libc_a-fflush.o)
                0x0800baec                _fflush_r
 .text.__sfvwrite_r
                0x0800bb40      0x2d8 /usr/bin/../lib/gcc/arm-none-eabi/14.2.1/../../../../arm-none-eabi/lib/thumb/v7e-m/nofp/libg.a(libc_a-fvwrite.o)
                0x0800bb40                __sfvwrite_r
 .text.__swsetup_r
                0x0800be18       0xfc /usr/bin/../lib/gcc/arm-none-eabi/14.2.1/../../../../arm-none-eabi/lib/thumb/v7e-m/nofp/libg.a(libc_a-wsetup.o)
                0x0800be18                __swsetup_r
 .text.memmove  0x0800bf14       0xf8 /usr/bin/../lib/gcc/arm-none-eabi/14.2.1/../../../../arm-none-eabi/lib/thumb/v7e-m/nofp/libg.a(libc_a-memmove.o)
                0x0800bf14                memmove
 .text.__locale_mb_cur_max
                0x0800c00c        0xc /usr/bin/../lib/gcc/arm-none-eabi/14.2.1/../../../../arm-none-eabi/lib/thumb/v7e-m/nofp/libg.a(libc_a-locale.o)
                0x0800c00c                __locale_mb_cur_max
 .text._localeconv_r
                0x0800c018        0x8 /usr/bin/../lib/gcc/arm-none-eabi/14.2.1/../../../../arm-none-eabi/lib/thumb/v7e-m/nofp/libg.a(libc_a-localeconv.o)
                0x0800c018                _localeconv_r
 .text.__libc_fini_array
                0x0800c020       0x28 /usr/bin/../lib/gcc/arm-none-eabi/14.2.1/../../../../arm-none-eabi/lib/thumb/v7e-m/nofp/libg.a(libc_a-fini.o)
                0x0800c020                __libc_fini_array
 .text.frexp    0x0800c048       0x6c /usr/bin/../lib/gcc/arm-none-eabi/14.2.1/../../../../arm-none-eabi/lib/thumb/v7e-m/nofp/libg.a(libm_a-s_frexp.o)
                0x0800c048                frexp
 .text.__register_exitproc
                0x0800c0b4       0x80 /usr/bin/../lib/gcc/arm-none-eabi/14.2.1/../../../../arm-none-eabi/lib/thumb/v7e-m/nofp/libg.a(libc_a-__atexit.o)
                0x0800c0b4                __register_exitproc
 .text.quorem   0x0800c134      0x12c /usr/bin/../lib/gcc/arm-none-eabi/14.2.1/../../../../arm-none-eabi/lib/thumb/v7e-m/nofp/libg.a(libc_a-dtoa.o)
 .text._dtoa_r  0x0800c260     0x1044 /usr/bin/../lib/gcc/arm-none-eabi/14.2.1/../../../../arm-none-eabi/lib/thumb/v7e-m/nofp/libg.a(libc_a-dtoa.o)
                0x0800c260                _dtoa_r
 .text.__ascii_mbtowc
                0x0800d2a4       0x2c /usr/bin/../lib/gcc/arm-none-eabi/14.2.1/../../../../arm-none-eabi/lib/thumb/v7e-m/nofp/libg.a(libc_a-mbtowc_r.o)
                0x0800d2a4                __ascii_mbtowc
 .text._Balloc  0x0800d2d0       0x4c /usr/bin/../lib/gcc/arm-none-eabi/14.2.1/../../../../arm-none-eabi/lib/thumb/v7e-m/nofp/libg.a(libc_a-mprec.o)
                0x0800d2d0                _Balloc
 .text._Bfree   0x0800d31c       0x14 /usr/bin/../lib/gcc/arm-none-eabi/14.2.1/../../../../arm-none-eabi/lib/thumb/v7e-m/nofp/libg.a(libc_a-mprec.o)
                0x0800d31c                _Bfree
 .text.__multadd
                0x0800d330       0xa0 /usr/bin/../lib/gcc/arm-none-eabi/14.2.1/../../../../arm-none-eabi/lib/thumb/v7e-m/nofp/libg.a(libc_a-mprec.o)
                0x0800d330                __multadd
 .text.__hi0bits
                0x0800d3d0       0x54 /usr/bin/../lib/gcc/arm-none-eabi/14.2.1/../../../../arm-none-eabi/lib/thumb/v7e-m/nofp/libg.a(libc_a-mprec.o)
                0x0800d3d0                __hi0bits
 .text.__lo0bits
                0x0800d424       0x80 /usr/bin/../lib/gcc/arm-none-eabi/14.2.1/../../../../arm-none-eabi/lib/thumb/v7e-m/nofp/libg.a(libc_a-mprec.o)
                0x0800d424                __lo0bits
 .text.__i2b    0x0800d4a4       0x5c /usr/bin/../lib/gcc/arm-none-eabi/14.2.1/../../../../arm-none-eabi/lib/thumb/v7e-m/nofp/libg.a(libc_a-mprec.o)
                0x0800d4a4                __i2b
 .text.__multiply
                0x0800d500      0x16c /usr/bin/../lib/gcc/arm-none-eabi/14.2.1/../../../../arm-none-eabi/lib/thumb/v7e-m/nofp/libg.a(libc_a-mprec.o)
                0x0800d500                __multiply
 .text.__pow5mult
                0x0800d66c       0xc0 /usr/bin/../lib/gcc/arm-none-eabi/14.2.1/../../../../arm-none-eabi/lib/thumb/v7e-m/nofp/libg.a(libc_a-mprec.o)
                0x0800d66c                __pow5mult
 .text.__lshift
                0x0800d72c       0xe8 /usr/bin/../lib/gcc/arm-none-eabi/14.2.1/../../../../arm-none-eabi/lib/thumb/v7e-m/nofp/libg.a(libc_a-mprec.o)
                0x0800d72c                __lshift
 .text.__mcmp   0x0800d814       0x40 /usr/bin/../lib/gcc/arm-none-eabi/14.2.1/../../../../arm-none-eabi/lib/thumb/v7e-m/nofp/libg.a(libc_a-mprec.o)
                0x0800d814                __mcmp
 .text.__mdiff  0x0800d854      0x174 /usr/bin/../lib/gcc/arm-none-eabi/14.2.1/../../../../arm-none-eabi/lib/thumb/v7e-m/nofp/libg.a(libc_a-mprec.o)
                0x0800d854                __mdiff
 .text.__d2b    0x0800d9c8       0xb8 /usr/bin/../lib/gcc/arm-none-eabi/14.2.1/../../../../arm-none-eabi/lib/thumb/v7e-m/nofp/libg.a(libc_a-mprec.o)
                0x0800d9c8                __d2b
 .text._realloc_r
                0x0800da80      0x348 /usr/bin/../lib/gcc/arm-none-eabi/14.2.1/../../../../arm-none-eabi/lib/thumb/v7e-m/nofp/libg.a(libc_a-reallocr.o)
                0x0800da80                _realloc_r
 .text.__ascii_wctomb
                0x0800ddc8       0x1c /usr/bin/../lib/gcc/arm-none-eabi/14.2.1/../../../../arm-none-eabi/lib/thumb/v7e-m/nofp/libg.a(libc_a-wctomb_r.o)
                0x0800ddc8                __ascii_wctomb
 .text._wcrtomb_r
                0x0800dde4       0x4c /usr/bin/../lib/gcc/arm-none-eabi/14.2.1/../../../../arm-none-eabi/lib/thumb/v7e-m/nofp/libg.a(libc_a-wcrtomb.o)
                0x0800dde4                _wcrtomb_r
 .text._wcsrtombs_r
                0x0800de30       0x1c /usr/bin/../lib/gcc/arm-none-eabi/14.2.1/../../../../arm-none-eabi/lib/thumb/v7e-m/nofp/libg.a(libc_a-wcsrtombs.o)
                0x0800de30                _wcsrtombs_r
 .text.__ssputs_r
                0x0800de4c       0xc0 /usr/bin/../lib/gcc/arm-none-eabi/14.2.1/../../../../arm-none-eabi/lib/thumb/v7e-m/nofp/libg.a(libc_a-ssputs_r.o)
                0x0800de4c                __ssputs_r
 .text.__smakebuf_r
                0x0800df0c       0xd0 /usr/bin/../lib/gcc/arm-none-eabi/14.2.1/../../../../arm-none-eabi/lib/thumb/v7e-m/nofp/libg.a(libc_a-makebuf.o)
                0x0800df0c                __smakebuf_r
 .text._fstat_r
                0x0800dfdc       0x2c /usr/bin/../lib/gcc/arm-none-eabi/14.2.1/../../../../arm-none-eabi/lib/thumb/v7e-m/nofp/libg.a(libc_a-fstatr.o)
                0x0800dfdc                _fstat_r
 .text._isatty_r
                0x0800e008       0x24 /usr/bin/../lib/gcc/arm-none-eabi/14.2.1/../../../../arm-none-eabi/lib/thumb/v7e-m/nofp/libg.a(libc_a-isattyr.o)
                0x0800e008                _isatty_r
 .text.__assert_func
                0x0800e02c       0x40 /usr/bin/../lib/gcc/arm-none-eabi/14.2.1/../../../../arm-none-eabi/lib/thumb/v7e-m/nofp/libg.a(libc_a-assert.o)
                0x0800e02c                __assert_func
 .text._calloc_r
                0x0800e06c       0x6c /usr/bin/../lib/gcc/arm-none-eabi/14.2.1/../../../../arm-none-eabi/lib/thumb/v7e-m/nofp/libg.a(libc_a-callocr.o)
                0x0800e06c                _calloc_r
 .text._wcsnrtombs_l
                0x0800e0d8       0xec /usr/bin/../lib/gcc/arm-none-eabi/14.2.1/../../../../arm-none-eabi/lib/thumb/v7e-m/nofp/libg.a(libc_a-wcsnrtombs.o)
                0x0800e0d8                _wcsnrtombs_l
 .text._wcsnrtombs_r
                0x0800e1c4       0x24 /usr/bin/../lib/gcc/arm-none-eabi/14.2.1/../../../../arm-none-eabi/lib/thumb/v7e-m/nofp/libg.a(libc_a-wcsnrtombs.o)
                0x0800e1c4                _wcsnrtombs_r
 .text.fiprintf
                0x0800e1e8       0x28 /usr/bin/../lib/gcc/arm-none-eabi/14.2.1/../../../../arm-none-eabi/lib/thumb/v7e-m/nofp/libg.a(libc_a-fiprintf.o)
                0x0800e1e8                fiprintf
 .text._vfiprintf_r
                0x0800e210     0x1278 /usr/bin/../lib/gcc/arm-none-eabi/14.2.1/../../../../arm-none-eabi/lib/thumb/v7e-m/nofp/libg.a(libc_a-vfiprintf.o)
                0x0800e210                _vfiprintf_r
 .text.__sbprintf
                0x0800f488       0x84 /usr/bin/../lib/gcc/arm-none-eabi/14.2.1/../../../../arm-none-eabi/lib/thumb/v7e-m/nofp/libg.a(libc_a-vfiprintf.o)
 .text.abort    0x0800f50c       0x10 /usr/bin/../lib/gcc/arm-none-eabi/14.2.1/../../../../arm-none-eabi/lib/thumb/v7e-m/nofp/libg.a(libc_a-abort.o)
                0x0800f50c                abort
 .text.raise    0x0800f51c       0x58 /usr/bin/../lib/gcc/arm-none-eabi/14.2.1/../../../../arm-none-eabi/lib/thumb/v7e-m/nofp/libg.a(libc_a-signal.o)
                0x0800f51c                raise
 .text._kill_r  0x0800f574       0x2c /usr/bin/../lib/gcc/arm-none-eabi/14.2.1/../../../../arm-none-eabi/lib/thumb/v7e-m/nofp/libg.a(libc_a-signalr.o)
                0x0800f574                _kill_r
 .text._getpid_r
                0x0800f5a0        0x4 /usr/bin/../lib/gcc/arm-none-eabi/14.2.1/../../../../arm-none-eabi/lib/thumb/v7e-m/nofp/libg.a(libc_a-signalr.o)
                0x0800f5a0                _getpid_r
 *(.glue_7)
 .glue_7        0x0800f5a4        0x0 linker stubs
 *(.glue_7t)
 .glue_7t       0x0800f5a4        0x0 linker stubs
 *(.eh_frame)
 .eh_frame      0x0800f5a4        0x0 /usr/bin/../lib/gcc/arm-none-eabi/14.2.1/thumb/v7e-m/nofp/crtbegin.o
 *(.init)
 .init          0x0800f5a4        0x4 /usr/bin/../lib/gcc/arm-none-eabi/14.2.1/thumb/v7e-m/nofp/crti.o
                0x0800f5a4                _init
 .init          0x0800f5a8        0x8 /usr/bin/../lib/gcc/arm-none-eabi/14.2.1/thumb/v7e-m/nofp/crtn.o
 *(.fini)
 .fini          0x0800f5b0        0x4 /usr/bin/../lib/gcc/arm-none-eabi/14.2.1/thumb/v7e-m/nofp/crti.o
                0x0800f5b0                _fini
 .fini          0x0800f5b4        0x8 /usr/bin/../lib/gcc/arm-none-eabi/14.2.1/thumb/v7e-m/nofp/crtn.o
                0x0800f5bc                        . = ALIGN (0x4)
                0x0800f5bc                        _etext = .

.vfp11_veneer   0x0800f5bc        0x0
 .vfp11_veneer  0x0800f5bc        0x0 linker stubs

.v4_bx          0x0800f5bc        0x0
 .v4_bx         0x0800f5bc        0x0 linker stubs

.iplt           0x0800f5bc        0x0
 .iplt          0x0800f5bc        0x0 /usr/bin/../lib/gcc/arm-none-eabi/14.2.1/thumb/v7e-m/nofp/crtbegin.o

.rodata         0x0800f5c0      0xb40
                0x0800f5c0                        . = ALIGN (0x4)
 *(.rodata)
 *(.rodata*)
 .rodata.APBPrescTable
                0x0800f5c0        0x8 CMakeFiles/ads1256.elf.dir/Core/Src/system_stm32f4xx.c.obj
                0x0800f5c0                APBPrescTable
 .rodata.AHBPrescTable
                0x0800f5c8       0x10 CMakeFiles/ads1256.elf.dir/Core/Src/system_stm32f4xx.c.obj
                0x0800f5c8                AHBPrescTable
 .rodata.flagBitshiftOffset.0
                0x0800f5d8        0x8 CMakeFiles/ads1256.elf.dir/Drivers/STM32F4xx_HAL_Driver/Src/stm32f4xx_hal_dma.c.obj
 .rodata.key_event_handler.str1.4
                0x0800f5e0      0x46b CMakeFiles/ads1256.elf.dir/usr/app_main.c.obj
                                  0x4 (size before relaxing)
 .rodata.write_csv_example.str1.4
                0x0800fa4b       0x6d CMakeFiles/ads1256.elf.dir/usr/app_main.c.obj
 .rodata.app_main.str1.4
                0x0800fa4b        0x8 CMakeFiles/ads1256.elf.dir/usr/app_main.c.obj
 .rodata.create_name.str1.4
                0x0800fa4b       0x13 CMakeFiles/ads1256.elf.dir/Middlewares/Third_Party/FatFs/src/ff.c.obj
 *fill*         0x0800fa4b        0x1 
 .rodata.LfnOfs
                0x0800fa4c        0xd CMakeFiles/ads1256.elf.dir/Middlewares/Third_Party/FatFs/src/ff.c.obj
 *fill*         0x0800fa59        0x3 
 .rodata.ExCvt  0x0800fa5c       0x80 CMakeFiles/ads1256.elf.dir/Middlewares/Third_Party/FatFs/src/ff.c.obj
 .rodata.SD_disk_initialize.str1.4
                0x0800fadc        0x8 CMakeFiles/ads1256.elf.dir/usr/sdcard/sd_diskio_spi.c.obj
 .rodata.SD_Driver
                0x0800fadc       0x14 CMakeFiles/ads1256.elf.dir/usr/sdcard/sd_diskio_spi.c.obj
                0x0800fadc                SD_Driver
 .rodata.sd_get_space_kb.str1.4
                0x0800faf0       0x23 CMakeFiles/ads1256.elf.dir/usr/sdcard/sd_functions.c.obj
 .rodata.sd_mount.str1.4
                0x0800faf0      0x1dd CMakeFiles/ads1256.elf.dir/usr/sdcard/sd_functions.c.obj
 .rodata.sd_unmount.str1.4
                0x0800faf0       0x24 CMakeFiles/ads1256.elf.dir/usr/sdcard/sd_functions.c.obj
 .rodata.cvt2.0
                0x0800faf0       0xbc CMakeFiles/ads1256.elf.dir/Middlewares/Third_Party/FatFs/src/option/ccsbcs.c.obj
 .rodata.cvt1.1
                0x0800fbac      0x1f2 CMakeFiles/ads1256.elf.dir/Middlewares/Third_Party/FatFs/src/option/ccsbcs.c.obj
 *fill*         0x0800fd9e        0x2 
 .rodata.Tbl    0x0800fda0      0x100 CMakeFiles/ads1256.elf.dir/Middlewares/Third_Party/FatFs/src/option/ccsbcs.c.obj
 .rodata._ctype_
                0x0800fea0      0x101 /usr/bin/../lib/gcc/arm-none-eabi/14.2.1/../../../../arm-none-eabi/lib/thumb/v7e-m/nofp/libg.a(libc_a-ctype_.o)
                0x0800fea0                _ctype_
 .rodata._puts_r.str1.4
                0x0800ffa1        0x2 /usr/bin/../lib/gcc/arm-none-eabi/14.2.1/../../../../arm-none-eabi/lib/thumb/v7e-m/nofp/libg.a(libc_a-puts.o)
 .rodata._svfprintf_r.str1.4
                0x0800ffa1       0x42 /usr/bin/../lib/gcc/arm-none-eabi/14.2.1/../../../../arm-none-eabi/lib/thumb/v7e-m/nofp/libg.a(libc_a-svfprintf.o)
 *fill*         0x0800ffa1        0x3 
 .rodata.zeroes.0
                0x0800ffa4       0x10 /usr/bin/../lib/gcc/arm-none-eabi/14.2.1/../../../../arm-none-eabi/lib/thumb/v7e-m/nofp/libg.a(libc_a-svfprintf.o)
 .rodata.blanks.1
                0x0800ffb4       0x10 /usr/bin/../lib/gcc/arm-none-eabi/14.2.1/../../../../arm-none-eabi/lib/thumb/v7e-m/nofp/libg.a(libc_a-svfprintf.o)
 .rodata._vfprintf_r.str1.4
                0x0800ffc4       0x42 /usr/bin/../lib/gcc/arm-none-eabi/14.2.1/../../../../arm-none-eabi/lib/thumb/v7e-m/nofp/libg.a(libc_a-vfprintf.o)
 .rodata.zeroes.0
                0x0800ffc4       0x10 /usr/bin/../lib/gcc/arm-none-eabi/14.2.1/../../../../arm-none-eabi/lib/thumb/v7e-m/nofp/libg.a(libc_a-vfprintf.o)
 .rodata.blanks.1
                0x0800ffd4       0x10 /usr/bin/../lib/gcc/arm-none-eabi/14.2.1/../../../../arm-none-eabi/lib/thumb/v7e-m/nofp/libg.a(libc_a-vfprintf.o)
 .rodata.str1.4
                0x0800ffe4       0x4c /usr/bin/../lib/gcc/arm-none-eabi/14.2.1/../../../../arm-none-eabi/lib/thumb/v7e-m/nofp/libg.a(libc_a-locale.o)
 .rodata._dtoa_r.str1.4
                0x0800ffe4       0x81 /usr/bin/../lib/gcc/arm-none-eabi/14.2.1/../../../../arm-none-eabi/lib/thumb/v7e-m/nofp/libg.a(libc_a-dtoa.o)
 .rodata.__multadd.str1.4
                0x0800ffe4       0x6e /usr/bin/../lib/gcc/arm-none-eabi/14.2.1/../../../../arm-none-eabi/lib/thumb/v7e-m/nofp/libg.a(libc_a-mprec.o)
 .rodata.p05.0  0x0800ffe4        0xc /usr/bin/../lib/gcc/arm-none-eabi/14.2.1/../../../../arm-none-eabi/lib/thumb/v7e-m/nofp/libg.a(libc_a-mprec.o)
 .rodata.__mprec_bigtens
                0x0800fff0       0x28 /usr/bin/../lib/gcc/arm-none-eabi/14.2.1/../../../../arm-none-eabi/lib/thumb/v7e-m/nofp/libg.a(libc_a-mprec.o)
                0x0800fff0                __mprec_bigtens
 .rodata.__mprec_tens
                0x08010018       0xc8 /usr/bin/../lib/gcc/arm-none-eabi/14.2.1/../../../../arm-none-eabi/lib/thumb/v7e-m/nofp/libg.a(libc_a-mprec.o)
                0x08010018                __mprec_tens
 .rodata.__assert_func.str1.4
                0x080100e0       0x43 /usr/bin/../lib/gcc/arm-none-eabi/14.2.1/../../../../arm-none-eabi/lib/thumb/v7e-m/nofp/libg.a(libc_a-assert.o)
 .rodata._vfiprintf_r.str1.4
                0x080100e0       0x2f /usr/bin/../lib/gcc/arm-none-eabi/14.2.1/../../../../arm-none-eabi/lib/thumb/v7e-m/nofp/libg.a(libc_a-vfiprintf.o)
 .rodata.zeroes.0
                0x080100e0       0x10 /usr/bin/../lib/gcc/arm-none-eabi/14.2.1/../../../../arm-none-eabi/lib/thumb/v7e-m/nofp/libg.a(libc_a-vfiprintf.o)
 .rodata.blanks.1
                0x080100f0       0x10 /usr/bin/../lib/gcc/arm-none-eabi/14.2.1/../../../../arm-none-eabi/lib/thumb/v7e-m/nofp/libg.a(libc_a-vfiprintf.o)
                0x08010124                        . = ALIGN (0x4)

.ARM.extab      0x08010100        0x0
                0x08010100                        . = ALIGN (0x4)
 *(.ARM.extab* .gnu.linkonce.armextab.*)
                0x08010100                        . = ALIGN (0x4)

.ARM            0x08010100        0x8
                0x08010100                        . = ALIGN (0x4)
                0x08010100                        __exidx_start = .
 *(.ARM.exidx*)
 .ARM.exidx     0x08010100        0x8 /usr/bin/../lib/gcc/arm-none-eabi/14.2.1/../../../../arm-none-eabi/lib/thumb/v7e-m/nofp/libg.a(libc_a-strlen.o)
 .ARM.exidx     0x08010108        0x0 /usr/bin/../lib/gcc/arm-none-eabi/14.2.1/../../../../arm-none-eabi/lib/thumb/v7e-m/nofp/libg.a(libc_a-memchr.o)
                                  0x8 (size before relaxing)
 .ARM.exidx     0x08010108        0x0 /usr/bin/../lib/gcc/arm-none-eabi/14.2.1/../../../../arm-none-eabi/lib/thumb/v7e-m/nofp/libg.a(libc_a-memcpy.o)
                                  0x8 (size before relaxing)
 .ARM.exidx.text.__udivmoddi4
                0x08010108        0x0 /usr/bin/../lib/gcc/arm-none-eabi/14.2.1/thumb/v7e-m/nofp/libgcc.a(_udivmoddi4.o)
                                  0x8 (size before relaxing)
                0x08010108                        __exidx_end = .
                0x08010108                        . = ALIGN (0x4)

.preinit_array  0x08010108        0x0
                0x08010108                        . = ALIGN (0x4)
                0x08010108                        PROVIDE (__preinit_array_start = .)
 *(.preinit_array*)
                0x08010108                        PROVIDE (__preinit_array_end = .)
                0x08010108                        . = ALIGN (0x4)

.init_array     0x08010108        0x8
                0x08010108                        . = ALIGN (0x4)
                0x08010108                        PROVIDE (__init_array_start = .)
 *(SORT_BY_NAME(.init_array.*))
 .init_array.00000
                0x08010108        0x4 /usr/bin/../lib/gcc/arm-none-eabi/14.2.1/../../../../arm-none-eabi/lib/thumb/v7e-m/nofp/libg.a(libc_a-__call_atexit.o)
 *(.init_array*)
 .init_array    0x0801010c        0x4 /usr/bin/../lib/gcc/arm-none-eabi/14.2.1/thumb/v7e-m/nofp/crtbegin.o
                0x08010110                        PROVIDE (__init_array_end = .)
                0x08010110                        . = ALIGN (0x4)

.fini_array     0x08010110        0x4
                0x08010110                        . = ALIGN (0x4)
                0x08010110                        PROVIDE (__fini_array_start = .)
 *(SORT_BY_NAME(.fini_array.*))
 *(.fini_array*)
 .fini_array    0x08010110        0x4 /usr/bin/../lib/gcc/arm-none-eabi/14.2.1/thumb/v7e-m/nofp/crtbegin.o
                0x08010114                        PROVIDE (__fini_array_end = .)
                0x08010114                        . = ALIGN (0x4)
                0x08010114                        _sidata = LOADADDR (.data)

.rel.dyn        0x08010114        0x0
 .rel.iplt      0x08010114        0x0 /usr/bin/../lib/gcc/arm-none-eabi/14.2.1/thumb/v7e-m/nofp/crtbegin.o

.data           0x20000000      0x6e0 load address 0x08010114
                0x20000000                        . = ALIGN (0x4)
                0x20000000                        _sdata = .
 *(.data)
 *(.data*)
 .data.SystemCoreClock
                0x20000000        0x4 CMakeFiles/ads1256.elf.dir/Core/Src/system_stm32f4xx.c.obj
                0x20000000                SystemCoreClock
 .data.uwTickFreq
                0x20000004        0x1 CMakeFiles/ads1256.elf.dir/Drivers/STM32F4xx_HAL_Driver/Src/stm32f4xx_hal.c.obj
                0x20000004                uwTickFreq
 *fill*         0x20000005        0x3 
 .data.uwTickPrio
                0x20000008        0x4 CMakeFiles/ads1256.elf.dir/Drivers/STM32F4xx_HAL_Driver/Src/stm32f4xx_hal.c.obj
                0x20000008                uwTickPrio
 .data.__malloc_sbrk_base
                0x2000000c        0x4 /usr/bin/../lib/gcc/arm-none-eabi/14.2.1/../../../../arm-none-eabi/lib/thumb/v7e-m/nofp/libg.a(libc_a-mallocr.o)
                0x2000000c                __malloc_sbrk_base
 .data.__malloc_trim_threshold
                0x20000010        0x4 /usr/bin/../lib/gcc/arm-none-eabi/14.2.1/../../../../arm-none-eabi/lib/thumb/v7e-m/nofp/libg.a(libc_a-mallocr.o)
                0x20000010                __malloc_trim_threshold
 *fill*         0x20000014        0x4 
 .data.__malloc_av_
                0x20000018      0x408 /usr/bin/../lib/gcc/arm-none-eabi/14.2.1/../../../../arm-none-eabi/lib/thumb/v7e-m/nofp/libg.a(libc_a-mallocr.o)
                0x20000018                __malloc_av_
 .data.__sglue  0x20000420        0xc /usr/bin/../lib/gcc/arm-none-eabi/14.2.1/../../../../arm-none-eabi/lib/thumb/v7e-m/nofp/libg.a(libc_a-findfp.o)
                0x20000420                __sglue
 .data._impure_ptr
                0x2000042c        0x4 /usr/bin/../lib/gcc/arm-none-eabi/14.2.1/../../../../arm-none-eabi/lib/thumb/v7e-m/nofp/libg.a(libc_a-impure.o)
                0x2000042c                _impure_ptr
 .data._impure_data
                0x20000430      0x140 /usr/bin/../lib/gcc/arm-none-eabi/14.2.1/../../../../arm-none-eabi/lib/thumb/v7e-m/nofp/libg.a(libc_a-impure.o)
                0x20000430                _impure_data
 .data.__atexit_recursive_mutex
                0x20000570        0x4 /usr/bin/../lib/gcc/arm-none-eabi/14.2.1/../../../../arm-none-eabi/lib/thumb/v7e-m/nofp/libg.a(libc_a-__call_atexit.o)
                0x20000570                __atexit_recursive_mutex
 .data.__global_locale
                0x20000574      0x16c /usr/bin/../lib/gcc/arm-none-eabi/14.2.1/../../../../arm-none-eabi/lib/thumb/v7e-m/nofp/libg.a(libc_a-locale.o)
                0x20000574                __global_locale
 *(.RamFunc)
 *(.RamFunc*)
                0x200006e0                        . = ALIGN (0x4)
                0x200006e0                        _edata = .

.tm_clone_table
                0x200006e0        0x0 load address 0x080107f4
 .tm_clone_table
                0x200006e0        0x0 /usr/bin/../lib/gcc/arm-none-eabi/14.2.1/thumb/v7e-m/nofp/crtbegin.o
 .tm_clone_table
                0x200006e0        0x0 /usr/bin/../lib/gcc/arm-none-eabi/14.2.1/thumb/v7e-m/nofp/crtend.o

.igot.plt       0x200006e0        0x0 load address 0x080107f4
 .igot.plt      0x200006e0        0x0 /usr/bin/../lib/gcc/arm-none-eabi/14.2.1/thumb/v7e-m/nofp/crtbegin.o
                0x200006e0                        . = ALIGN (0x4)

.bss            0x200006e0      0xb1c load address 0x080107f4
                0x200006e0                        _sbss = .
                0x200006e0                        __bss_start__ = _sbss
 *(.bss)
 *(.bss*)
 .bss.completed.1
                0x200006e0        0x1 /usr/bin/../lib/gcc/arm-none-eabi/14.2.1/thumb/v7e-m/nofp/crtbegin.o
 *fill*         0x200006e1        0x3 
 .bss.object.0  0x200006e4       0x18 /usr/bin/../lib/gcc/arm-none-eabi/14.2.1/thumb/v7e-m/nofp/crtbegin.o
 .bss.hdma_spi1_rx
                0x200006fc       0x60 CMakeFiles/ads1256.elf.dir/Core/Src/spi.c.obj
                0x200006fc                hdma_spi1_rx
 .bss.hspi2     0x2000075c       0x58 CMakeFiles/ads1256.elf.dir/Core/Src/spi.c.obj
                0x2000075c                hspi2
 .bss.hspi1     0x200007b4       0x58 CMakeFiles/ads1256.elf.dir/Core/Src/spi.c.obj
                0x200007b4                hspi1
 .bss.__sbrk_heap_end
                0x2000080c        0x4 CMakeFiles/ads1256.elf.dir/Core/Src/sysmem.c.obj
 .bss.htim11    0x20000810       0x48 CMakeFiles/ads1256.elf.dir/Core/Src/tim.c.obj
                0x20000810                htim11
 .bss.htim3     0x20000858       0x48 CMakeFiles/ads1256.elf.dir/Core/Src/tim.c.obj
                0x20000858                htim3
 .bss.htim2     0x200008a0       0x48 CMakeFiles/ads1256.elf.dir/Core/Src/tim.c.obj
                0x200008a0                htim2
 .bss.htim1     0x200008e8       0x48 CMakeFiles/ads1256.elf.dir/Core/Src/tim.c.obj
                0x200008e8                htim1
 .bss.huart1    0x20000930       0x48 CMakeFiles/ads1256.elf.dir/Core/Src/usart.c.obj
                0x20000930                huart1
 .bss.uwTick    0x20000978        0x4 CMakeFiles/ads1256.elf.dir/Drivers/STM32F4xx_HAL_Driver/Src/stm32f4xx_hal.c.obj
                0x20000978                uwTick
 .bss.adc_index_index.0
                0x2000097c        0x1 CMakeFiles/ads1256.elf.dir/usr/app_main.c.obj
 *fill*         0x2000097d        0x1 
 .bss.d.1       0x2000097e        0x2 CMakeFiles/ads1256.elf.dir/usr/app_main.c.obj
 .bss.t.2       0x20000980        0x2 CMakeFiles/ads1256.elf.dir/usr/app_main.c.obj
 *fill*         0x20000982        0x2 
 .bss.ms.3      0x20000984        0x4 CMakeFiles/ads1256.elf.dir/usr/app_main.c.obj
 .bss.adc_index_value
                0x20000988        0x4 CMakeFiles/ads1256.elf.dir/usr/app_main.c.obj
                0x20000988                adc_index_value
 .bss.bw        0x2000098c        0x4 CMakeFiles/ads1256.elf.dir/usr/app_main.c.obj
                0x2000098c                bw
 .bss.res       0x20000990        0x1 CMakeFiles/ads1256.elf.dir/usr/app_main.c.obj
                0x20000990                res
 *fill*         0x20000991        0x3 
 .bss.file      0x20000994      0x230 CMakeFiles/ads1256.elf.dir/usr/app_main.c.obj
                0x20000994                file
 .bss.adc_index
                0x20000bc4       0x18 CMakeFiles/ads1256.elf.dir/usr/app_main.c.obj
                0x20000bc4                adc_index
 .bss.pul_index
                0x20000bdc        0x1 CMakeFiles/ads1256.elf.dir/usr/app_main.c.obj
 *fill*         0x20000bdd        0x3 
 .bss.pulse_width
                0x20000be0       0x3c CMakeFiles/ads1256.elf.dir/usr/app_main.c.obj
                0x20000be0                pulse_width
 .bss.key1_click
                0x20000c1c        0x1 CMakeFiles/ads1256.elf.dir/usr/app_main.c.obj
 .bss.key_1     0x20000c1d        0x1 CMakeFiles/ads1256.elf.dir/usr/app_main.c.obj
 .bss.key_0     0x20000c1e        0x1 CMakeFiles/ads1256.elf.dir/usr/app_main.c.obj
 *fill*         0x20000c1f        0x1 
 .bss.ADC_Switch
                0x20000c20        0x2 CMakeFiles/ads1256.elf.dir/usr/app_main.c.obj
                0x20000c20                ADC_Switch
 *fill*         0x20000c22        0x2 
 .bss.key_event_callback
                0x20000c24        0x4 CMakeFiles/ads1256.elf.dir/usr/KEY/key.c.obj
 .bss.systick_count
                0x20000c28        0x4 CMakeFiles/ads1256.elf.dir/usr/KEY/key.c.obj
 .bss.key_num   0x20000c2c        0x1 CMakeFiles/ads1256.elf.dir/usr/KEY/key.c.obj
 *fill*         0x20000c2d        0x3 
 .bss.keys      0x20000c30       0x48 CMakeFiles/ads1256.elf.dir/usr/KEY/key.c.obj
 .bss.Files     0x20000c78       0x20 CMakeFiles/ads1256.elf.dir/Middlewares/Third_Party/FatFs/src/ff.c.obj
 .bss.Fsid      0x20000c98        0x2 CMakeFiles/ads1256.elf.dir/Middlewares/Third_Party/FatFs/src/ff.c.obj
 *fill*         0x20000c9a        0x2 
 .bss.FatFs     0x20000c9c        0x4 CMakeFiles/ads1256.elf.dir/Middlewares/Third_Party/FatFs/src/ff.c.obj
 .bss.disk      0x20000ca0        0xc CMakeFiles/ads1256.elf.dir/Middlewares/Third_Party/FatFs/src/ff_gen_drv.c.obj
                0x20000ca0                disk
 .bss.fs        0x20000cac      0x234 CMakeFiles/ads1256.elf.dir/usr/sdcard/sd_functions.c.obj
                0x20000cac                fs
 .bss.sd_path   0x20000ee0        0x4 CMakeFiles/ads1256.elf.dir/usr/sdcard/sd_functions.c.obj
                0x20000ee0                sd_path
 .bss.card_initialized
                0x20000ee4        0x1 CMakeFiles/ads1256.elf.dir/usr/sdcard/sd_spi.c.obj
                0x20000ee4                card_initialized
 .bss.sdhc      0x20000ee5        0x1 CMakeFiles/ads1256.elf.dir/usr/sdcard/sd_spi.c.obj
 *fill*         0x20000ee6        0x2 
 .bss.__malloc_current_mallinfo
                0x20000ee8       0x28 /usr/bin/../lib/gcc/arm-none-eabi/14.2.1/../../../../arm-none-eabi/lib/thumb/v7e-m/nofp/libg.a(libc_a-mallocr.o)
                0x20000ee8                __malloc_current_mallinfo
 .bss.__malloc_max_total_mem
                0x20000f10        0x4 /usr/bin/../lib/gcc/arm-none-eabi/14.2.1/../../../../arm-none-eabi/lib/thumb/v7e-m/nofp/libg.a(libc_a-mallocr.o)
                0x20000f10                __malloc_max_total_mem
 .bss.__malloc_max_sbrked_mem
                0x20000f14        0x4 /usr/bin/../lib/gcc/arm-none-eabi/14.2.1/../../../../arm-none-eabi/lib/thumb/v7e-m/nofp/libg.a(libc_a-mallocr.o)
                0x20000f14                __malloc_max_sbrked_mem
 .bss.__malloc_top_pad
                0x20000f18        0x4 /usr/bin/../lib/gcc/arm-none-eabi/14.2.1/../../../../arm-none-eabi/lib/thumb/v7e-m/nofp/libg.a(libc_a-mallocr.o)
                0x20000f18                __malloc_top_pad
 .bss.__sf      0x20000f1c      0x138 /usr/bin/../lib/gcc/arm-none-eabi/14.2.1/../../../../arm-none-eabi/lib/thumb/v7e-m/nofp/libg.a(libc_a-findfp.o)
                0x20000f1c                __sf
 .bss.__stdio_exit_handler
                0x20001054        0x4 /usr/bin/../lib/gcc/arm-none-eabi/14.2.1/../../../../arm-none-eabi/lib/thumb/v7e-m/nofp/libg.a(libc_a-findfp.o)
                0x20001054                __stdio_exit_handler
 .bss.errno     0x20001058        0x4 /usr/bin/../lib/gcc/arm-none-eabi/14.2.1/../../../../arm-none-eabi/lib/thumb/v7e-m/nofp/libg.a(libc_a-reent.o)
                0x20001058                errno
 .bss.__lock___malloc_recursive_mutex
                0x2000105c        0x1 /usr/bin/../lib/gcc/arm-none-eabi/14.2.1/../../../../arm-none-eabi/lib/thumb/v7e-m/nofp/libg.a(libc_a-lock.o)
                0x2000105c                __lock___malloc_recursive_mutex
 *fill*         0x2000105d        0x3 
 .bss.__lock___atexit_recursive_mutex
                0x20001060        0x1 /usr/bin/../lib/gcc/arm-none-eabi/14.2.1/../../../../arm-none-eabi/lib/thumb/v7e-m/nofp/libg.a(libc_a-lock.o)
                0x20001060                __lock___atexit_recursive_mutex
 *fill*         0x20001061        0x3 
 .bss.__lock___sfp_recursive_mutex
                0x20001064        0x1 /usr/bin/../lib/gcc/arm-none-eabi/14.2.1/../../../../arm-none-eabi/lib/thumb/v7e-m/nofp/libg.a(libc_a-lock.o)
                0x20001064                __lock___sfp_recursive_mutex
 *fill*         0x20001065        0x3 
 .bss.__atexit  0x20001068        0x4 /usr/bin/../lib/gcc/arm-none-eabi/14.2.1/../../../../arm-none-eabi/lib/thumb/v7e-m/nofp/libg.a(libc_a-__call_atexit.o)
                0x20001068                __atexit
 .bss.__atexit0
                0x2000106c      0x190 /usr/bin/../lib/gcc/arm-none-eabi/14.2.1/../../../../arm-none-eabi/lib/thumb/v7e-m/nofp/libg.a(libc_a-__atexit.o)
                0x2000106c                __atexit0
 *(COMMON)
                0x200011fc                        . = ALIGN (0x4)
                0x200011fc                        _ebss = .
                0x200011fc                        __bss_end__ = _ebss

._user_heap_stack
                0x200011fc     0x1604 load address 0x080107f4
                0x20001200                        . = ALIGN (0x8)
 *fill*         0x200011fc        0x4 
                [!provide]                        PROVIDE (end = .)
                0x20001200                        PROVIDE (_end = .)
                0x20001400                        . = (. + _Min_Heap_Size)
 *fill*         0x20001200      0x200 
                0x20002800                        . = (. + _Min_Stack_Size)
 *fill*         0x20001400     0x1400 
                0x20002800                        . = ALIGN (0x8)

/DISCARD/
 libc.a(*)
 libm.a(*)
 libgcc.a(*)

.ARM.attributes
                0x00000000       0x2a
 *(.ARM.attributes)
 .ARM.attributes
                0x00000000       0x1e /usr/bin/../lib/gcc/arm-none-eabi/14.2.1/thumb/v7e-m/nofp/crti.o
 .ARM.attributes
                0x0000001e       0x2e /usr/bin/../lib/gcc/arm-none-eabi/14.2.1/thumb/v7e-m/nofp/crtbegin.o
 .ARM.attributes
                0x0000004c       0x2e CMakeFiles/ads1256.elf.dir/Core/Src/dma.c.obj
 .ARM.attributes
                0x0000007a       0x2e CMakeFiles/ads1256.elf.dir/Core/Src/gpio.c.obj
 .ARM.attributes
                0x000000a8       0x2e CMakeFiles/ads1256.elf.dir/Core/Src/main.c.obj
 .ARM.attributes
                0x000000d6       0x2e CMakeFiles/ads1256.elf.dir/Core/Src/spi.c.obj
 .ARM.attributes
                0x00000104       0x2e CMakeFiles/ads1256.elf.dir/Core/Src/stm32f4xx_hal_msp.c.obj
 .ARM.attributes
                0x00000132       0x2e CMakeFiles/ads1256.elf.dir/Core/Src/stm32f4xx_it.c.obj
 .ARM.attributes
                0x00000160       0x2e CMakeFiles/ads1256.elf.dir/Core/Src/syscalls.c.obj
 .ARM.attributes
                0x0000018e       0x2e CMakeFiles/ads1256.elf.dir/Core/Src/sysmem.c.obj
 .ARM.attributes
                0x000001bc       0x2e CMakeFiles/ads1256.elf.dir/Core/Src/system_stm32f4xx.c.obj
 .ARM.attributes
                0x000001ea       0x2e CMakeFiles/ads1256.elf.dir/Core/Src/tim.c.obj
 .ARM.attributes
                0x00000218       0x2e CMakeFiles/ads1256.elf.dir/Core/Src/usart.c.obj
 .ARM.attributes
                0x00000246       0x21 CMakeFiles/ads1256.elf.dir/Core/Startup/startup_stm32f401ccux.s.obj
 .ARM.attributes
                0x00000267       0x2e CMakeFiles/ads1256.elf.dir/Drivers/STM32F4xx_HAL_Driver/Src/stm32f4xx_hal.c.obj
 .ARM.attributes
                0x00000295       0x2e CMakeFiles/ads1256.elf.dir/Drivers/STM32F4xx_HAL_Driver/Src/stm32f4xx_hal_cortex.c.obj
 .ARM.attributes
                0x000002c3       0x2e CMakeFiles/ads1256.elf.dir/Drivers/STM32F4xx_HAL_Driver/Src/stm32f4xx_hal_dma.c.obj
 .ARM.attributes
                0x000002f1       0x2e CMakeFiles/ads1256.elf.dir/Drivers/STM32F4xx_HAL_Driver/Src/stm32f4xx_hal_gpio.c.obj
 .ARM.attributes
                0x0000031f       0x2e CMakeFiles/ads1256.elf.dir/Drivers/STM32F4xx_HAL_Driver/Src/stm32f4xx_hal_rcc.c.obj
 .ARM.attributes
                0x0000034d       0x2e CMakeFiles/ads1256.elf.dir/Drivers/STM32F4xx_HAL_Driver/Src/stm32f4xx_hal_spi.c.obj
 .ARM.attributes
                0x0000037b       0x2e CMakeFiles/ads1256.elf.dir/Drivers/STM32F4xx_HAL_Driver/Src/stm32f4xx_hal_tim.c.obj
 .ARM.attributes
                0x000003a9       0x2e CMakeFiles/ads1256.elf.dir/Drivers/STM32F4xx_HAL_Driver/Src/stm32f4xx_hal_tim_ex.c.obj
 .ARM.attributes
                0x000003d7       0x2e CMakeFiles/ads1256.elf.dir/Drivers/STM32F4xx_HAL_Driver/Src/stm32f4xx_hal_uart.c.obj
 .ARM.attributes
                0x00000405       0x2e CMakeFiles/ads1256.elf.dir/usr/app_main.c.obj
 .ARM.attributes
                0x00000433       0x2e CMakeFiles/ads1256.elf.dir/usr/KEY/key.c.obj
 .ARM.attributes
                0x00000461       0x2e CMakeFiles/ads1256.elf.dir/FATFS/App/fatfs.c.obj
 .ARM.attributes
                0x0000048f       0x2e CMakeFiles/ads1256.elf.dir/Middlewares/Third_Party/FatFs/src/ff.c.obj
 .ARM.attributes
                0x000004bd       0x2e CMakeFiles/ads1256.elf.dir/Middlewares/Third_Party/FatFs/src/ff_gen_drv.c.obj
 .ARM.attributes
                0x000004eb       0x2e CMakeFiles/ads1256.elf.dir/Middlewares/Third_Party/FatFs/src/diskio.c.obj
 .ARM.attributes
                0x00000519       0x2e CMakeFiles/ads1256.elf.dir/Middlewares/Third_Party/FatFs/src/option/syscall.c.obj
 .ARM.attributes
                0x00000547       0x2e CMakeFiles/ads1256.elf.dir/usr/sdcard/sd_diskio_spi.c.obj
 .ARM.attributes
                0x00000575       0x2e CMakeFiles/ads1256.elf.dir/usr/sdcard/sd_functions.c.obj
 .ARM.attributes
                0x000005a3       0x2e CMakeFiles/ads1256.elf.dir/usr/sdcard/sd_spi.c.obj
 .ARM.attributes
                0x000005d1       0x2e CMakeFiles/ads1256.elf.dir/Middlewares/Third_Party/FatFs/src/option/ccsbcs.c.obj
 .ARM.attributes
                0x000005ff       0x1e /usr/bin/../lib/gcc/arm-none-eabi/14.2.1/thumb/v7e-m/nofp/libgcc.a(_arm_addsubdf3.o)
 .ARM.attributes
                0x0000061d       0x1e /usr/bin/../lib/gcc/arm-none-eabi/14.2.1/thumb/v7e-m/nofp/libgcc.a(_arm_truncdfsf2.o)
 .ARM.attributes
                0x0000063b       0x1e /usr/bin/../lib/gcc/arm-none-eabi/14.2.1/thumb/v7e-m/nofp/libgcc.a(_aeabi_uldivmod.o)
 .ARM.attributes
                0x00000659       0x2e /usr/bin/../lib/gcc/arm-none-eabi/14.2.1/thumb/v7e-m/nofp/libgcc.a(_udivmoddi4.o)
 .ARM.attributes
                0x00000687       0x1e /usr/bin/../lib/gcc/arm-none-eabi/14.2.1/thumb/v7e-m/nofp/libgcc.a(_dvmd_tls.o)
 .ARM.attributes
                0x000006a5       0x2e /usr/bin/../lib/gcc/arm-none-eabi/14.2.1/../../../../arm-none-eabi/lib/thumb/v7e-m/nofp/libg.a(libc_a-malloc.o)
 .ARM.attributes
                0x000006d3       0x2e /usr/bin/../lib/gcc/arm-none-eabi/14.2.1/../../../../arm-none-eabi/lib/thumb/v7e-m/nofp/libg.a(libc_a-mallocr.o)
 .ARM.attributes
                0x00000701       0x2e /usr/bin/../lib/gcc/arm-none-eabi/14.2.1/../../../../arm-none-eabi/lib/thumb/v7e-m/nofp/libg.a(libc_a-mlock.o)
 .ARM.attributes
                0x0000072f       0x2e /usr/bin/../lib/gcc/arm-none-eabi/14.2.1/../../../../arm-none-eabi/lib/thumb/v7e-m/nofp/libg.a(libc_a-ctype_.o)
 .ARM.attributes
                0x0000075d       0x2e /usr/bin/../lib/gcc/arm-none-eabi/14.2.1/../../../../arm-none-eabi/lib/thumb/v7e-m/nofp/libg.a(libc_a-findfp.o)
 .ARM.attributes
                0x0000078b       0x2e /usr/bin/../lib/gcc/arm-none-eabi/14.2.1/../../../../arm-none-eabi/lib/thumb/v7e-m/nofp/libg.a(libc_a-fwalk.o)
 .ARM.attributes
                0x000007b9       0x2e /usr/bin/../lib/gcc/arm-none-eabi/14.2.1/../../../../arm-none-eabi/lib/thumb/v7e-m/nofp/libg.a(libc_a-printf.o)
 .ARM.attributes
                0x000007e7       0x2e /usr/bin/../lib/gcc/arm-none-eabi/14.2.1/../../../../arm-none-eabi/lib/thumb/v7e-m/nofp/libg.a(libc_a-puts.o)
 .ARM.attributes
                0x00000815       0x2e /usr/bin/../lib/gcc/arm-none-eabi/14.2.1/../../../../arm-none-eabi/lib/thumb/v7e-m/nofp/libg.a(libc_a-sprintf.o)
 .ARM.attributes
                0x00000843       0x2e /usr/bin/../lib/gcc/arm-none-eabi/14.2.1/../../../../arm-none-eabi/lib/thumb/v7e-m/nofp/libg.a(libc_a-stdio.o)
 .ARM.attributes
                0x00000871       0x2e /usr/bin/../lib/gcc/arm-none-eabi/14.2.1/../../../../arm-none-eabi/lib/thumb/v7e-m/nofp/libg.a(libc_a-memset.o)
 .ARM.attributes
                0x0000089f       0x2e /usr/bin/../lib/gcc/arm-none-eabi/14.2.1/../../../../arm-none-eabi/lib/thumb/v7e-m/nofp/libg.a(libc_a-strncpy.o)
 .ARM.attributes
                0x000008cd       0x2e /usr/bin/../lib/gcc/arm-none-eabi/14.2.1/../../../../arm-none-eabi/lib/thumb/v7e-m/nofp/libg.a(libc_a-closer.o)
 .ARM.attributes
                0x000008fb       0x2e /usr/bin/../lib/gcc/arm-none-eabi/14.2.1/../../../../arm-none-eabi/lib/thumb/v7e-m/nofp/libg.a(libc_a-reent.o)
 .ARM.attributes
                0x00000929       0x2e /usr/bin/../lib/gcc/arm-none-eabi/14.2.1/../../../../arm-none-eabi/lib/thumb/v7e-m/nofp/libg.a(libc_a-impure.o)
 .ARM.attributes
                0x00000957       0x2e /usr/bin/../lib/gcc/arm-none-eabi/14.2.1/../../../../arm-none-eabi/lib/thumb/v7e-m/nofp/libg.a(libc_a-lseekr.o)
 .ARM.attributes
                0x00000985       0x2e /usr/bin/../lib/gcc/arm-none-eabi/14.2.1/../../../../arm-none-eabi/lib/thumb/v7e-m/nofp/libg.a(libc_a-readr.o)
 .ARM.attributes
                0x000009b3       0x2e /usr/bin/../lib/gcc/arm-none-eabi/14.2.1/../../../../arm-none-eabi/lib/thumb/v7e-m/nofp/libg.a(libc_a-sbrkr.o)
 .ARM.attributes
                0x000009e1       0x2e /usr/bin/../lib/gcc/arm-none-eabi/14.2.1/../../../../arm-none-eabi/lib/thumb/v7e-m/nofp/libg.a(libc_a-writer.o)
 .ARM.attributes
                0x00000a0f       0x2e /usr/bin/../lib/gcc/arm-none-eabi/14.2.1/../../../../arm-none-eabi/lib/thumb/v7e-m/nofp/libg.a(libc_a-errno.o)
 .ARM.attributes
                0x00000a3d       0x2e /usr/bin/../lib/gcc/arm-none-eabi/14.2.1/../../../../arm-none-eabi/lib/thumb/v7e-m/nofp/libg.a(libc_a-init.o)
 .ARM.attributes
                0x00000a6b       0x2e /usr/bin/../lib/gcc/arm-none-eabi/14.2.1/../../../../arm-none-eabi/lib/thumb/v7e-m/nofp/libg.a(libc_a-lock.o)
 .ARM.attributes