Archive member included to satisfy reference by file (symbol)

/usr/bin/../lib/gcc/arm-none-eabi/14.2.1/thumb/v7e-m/nofp/libgcc.a(_arm_muldf3.o)
                              CMakeFiles/ads1256.elf.dir/usr/app_main.c.obj (__aeabi_dmul)
/usr/bin/../lib/gcc/arm-none-eabi/14.2.1/thumb/v7e-m/nofp/libgcc.a(_arm_mulsf3.o)
                              CMakeFiles/ads1256.elf.dir/usr/app_main.c.obj (__aeabi_fmul)
/usr/bin/../lib/gcc/arm-none-eabi/14.2.1/thumb/v7e-m/nofp/libgcc.a(_arm_addsubdf3.o)
                              CMakeFiles/ads1256.elf.dir/usr/app_main.c.obj (__aeabi_dsub)
/usr/bin/../lib/gcc/arm-none-eabi/14.2.1/thumb/v7e-m/nofp/libgcc.a(_arm_muldivdf3.o)
                              CMakeFiles/ads1256.elf.dir/usr/app_main.c.obj (__aeabi_ddiv)
/usr/bin/../lib/gcc/arm-none-eabi/14.2.1/thumb/v7e-m/nofp/libgcc.a(_arm_truncdfsf2.o)
                              CMakeFiles/ads1256.elf.dir/usr/app_main.c.obj (__aeabi_d2f)
/usr/bin/../lib/gcc/arm-none-eabi/14.2.1/thumb/v7e-m/nofp/libgcc.a(_arm_addsubsf3.o)
                              CMakeFiles/ads1256.elf.dir/usr/app_main.c.obj (__aeabi_fadd)
/usr/bin/../lib/gcc/arm-none-eabi/14.2.1/thumb/v7e-m/nofp/libgcc.a(_arm_muldivsf3.o)
                              CMakeFiles/ads1256.elf.dir/usr/app_main.c.obj (__aeabi_fdiv)
/usr/bin/../lib/gcc/arm-none-eabi/14.2.1/thumb/v7e-m/nofp/libgcc.a(_aeabi_uldivmod.o)
                              CMakeFiles/ads1256.elf.dir/Drivers/STM32F4xx_HAL_Driver/Src/stm32f4xx_hal_rcc.c.obj (__aeabi_uldivmod)
/usr/bin/../lib/gcc/arm-none-eabi/14.2.1/thumb/v7e-m/nofp/libgcc.a(_udivmoddi4.o)
                              /usr/bin/../lib/gcc/arm-none-eabi/14.2.1/thumb/v7e-m/nofp/libgcc.a(_aeabi_uldivmod.o) (__udivmoddi4)
/usr/bin/../lib/gcc/arm-none-eabi/14.2.1/thumb/v7e-m/nofp/libgcc.a(_dvmd_tls.o)
                              /usr/bin/../lib/gcc/arm-none-eabi/14.2.1/thumb/v7e-m/nofp/libgcc.a(_aeabi_uldivmod.o) (__aeabi_ldiv0)
/usr/bin/../lib/gcc/arm-none-eabi/14.2.1/../../../../arm-none-eabi/lib/thumb/v7e-m/nofp/libg.a(libc_a-atoi.o)
                              CMakeFiles/ads1256.elf.dir/usr/sdcard/sd_functions.c.obj (atoi)
/usr/bin/../lib/gcc/arm-none-eabi/14.2.1/../../../../arm-none-eabi/lib/thumb/v7e-m/nofp/libg.a(libc_a-exit.o)
                              /usr/bin/../lib/gcc/arm-none-eabi/14.2.1/../../../../arm-none-eabi/lib/thumb/v7e-m/nofp/crt0.o (exit)
/usr/bin/../lib/gcc/arm-none-eabi/14.2.1/../../../../arm-none-eabi/lib/thumb/v7e-m/nofp/libg.a(libc_a-malloc.o)
                              CMakeFiles/ads1256.elf.dir/Middlewares/Third_Party/FatFs/src/option/syscall.c.obj (malloc)
/usr/bin/../lib/gcc/arm-none-eabi/14.2.1/../../../../arm-none-eabi/lib/thumb/v7e-m/nofp/libg.a(libc_a-mallocr.o)
                              /usr/bin/../lib/gcc/arm-none-eabi/14.2.1/../../../../arm-none-eabi/lib/thumb/v7e-m/nofp/libg.a(libc_a-malloc.o) (_malloc_r)
/usr/bin/../lib/gcc/arm-none-eabi/14.2.1/../../../../arm-none-eabi/lib/thumb/v7e-m/nofp/libg.a(libc_a-mlock.o)
                              /usr/bin/../lib/gcc/arm-none-eabi/14.2.1/../../../../arm-none-eabi/lib/thumb/v7e-m/nofp/libg.a(libc_a-mallocr.o) (__malloc_lock)
/usr/bin/../lib/gcc/arm-none-eabi/14.2.1/../../../../arm-none-eabi/lib/thumb/v7e-m/nofp/libg.a(libc_a-strtol.o)
                              /usr/bin/../lib/gcc/arm-none-eabi/14.2.1/../../../../arm-none-eabi/lib/thumb/v7e-m/nofp/libg.a(libc_a-atoi.o) (_strtol_r)
/usr/bin/../lib/gcc/arm-none-eabi/14.2.1/../../../../arm-none-eabi/lib/thumb/v7e-m/nofp/libg.a(libc_a-ctype_.o)
                              /usr/bin/../lib/gcc/arm-none-eabi/14.2.1/../../../../arm-none-eabi/lib/thumb/v7e-m/nofp/libg.a(libc_a-strtol.o) (_ctype_)
/usr/bin/../lib/gcc/arm-none-eabi/14.2.1/../../../../arm-none-eabi/lib/thumb/v7e-m/nofp/libg.a(libc_a-findfp.o)
                              /usr/bin/../lib/gcc/arm-none-eabi/14.2.1/../../../../arm-none-eabi/lib/thumb/v7e-m/nofp/libg.a(libc_a-exit.o) (__stdio_exit_handler)
/usr/bin/../lib/gcc/arm-none-eabi/14.2.1/../../../../arm-none-eabi/lib/thumb/v7e-m/nofp/libg.a(libc_a-fwalk.o)
                              /usr/bin/../lib/gcc/arm-none-eabi/14.2.1/../../../../arm-none-eabi/lib/thumb/v7e-m/nofp/libg.a(libc_a-findfp.o) (_fwalk_sglue)
/usr/bin/../lib/gcc/arm-none-eabi/14.2.1/../../../../arm-none-eabi/lib/thumb/v7e-m/nofp/libg.a(libc_a-printf.o)
                              CMakeFiles/ads1256.elf.dir/usr/app_main.c.obj (printf)
/usr/bin/../lib/gcc/arm-none-eabi/14.2.1/../../../../arm-none-eabi/lib/thumb/v7e-m/nofp/libg.a(libc_a-putchar.o)
                              CMakeFiles/ads1256.elf.dir/usr/app_main.c.obj (putchar)
/usr/bin/../lib/gcc/arm-none-eabi/14.2.1/../../../../arm-none-eabi/lib/thumb/v7e-m/nofp/libg.a(libc_a-puts.o)
                              CMakeFiles/ads1256.elf.dir/usr/app_main.c.obj (puts)
/usr/bin/../lib/gcc/arm-none-eabi/14.2.1/../../../../arm-none-eabi/lib/thumb/v7e-m/nofp/libg.a(libc_a-snprintf.o)
[...]
Memory Configuration

Name             Origin             Length             Attributes
RAM              0x20000000         0x00010000         xrw
FLASH            0x08000000         0x00040000         xr
*default*        0x00000000         0xffffffff

Linker script and memory map

LOAD /usr/bin/../lib/gcc/arm-none-eabi/14.2.1/thumb/v7e-m/nofp/crti.o
LOAD /usr/bin/../lib/gcc/arm-none-eabi/14.2.1/thumb/v7e-m/nofp/crtbegin.o
LOAD /usr/bin/../lib/gcc/arm-none-eabi/14.2.1/../../../../arm-none-eabi/lib/thumb/v7e-m/nofp/crt0.o
LOAD CMakeFiles/ads1256.elf.dir/Core/Src/gpio.c.obj
LOAD CMakeFiles/ads1256.elf.dir/Core/Src/main.c.obj
LOAD CMakeFiles/ads1256.elf.dir/Core/Src/spi.c.obj
LOAD CMakeFiles/ads1256.elf.dir/Core/Src/stm32f4xx_hal_msp.c.obj
LOAD CMakeFiles/ads1256.elf.dir/Core/Src/stm32f4xx_it.c.obj
LOAD CMakeFiles/ads1256.elf.dir/Core/Src/syscalls.c.obj
LOAD CMakeFiles/ads1256.elf.dir/Core/Src/sysmem.c.obj
LOAD CMakeFiles/ads1256.elf.dir/Core/Src/system_stm32f4xx.c.obj
LOAD CMakeFiles/ads1256.elf.dir/Core/Src/tim.c.obj
LOAD CMakeFiles/ads1256.elf.dir/Core/Src/usart.c.obj
LOAD CMakeFiles/ads1256.elf.dir/Core/Startup/startup_stm32f401ccux.s.obj
LOAD CMakeFiles/ads1256.elf.dir/Drivers/STM32F4xx_HAL_Driver/Src/stm32f4xx_hal.c.obj
LOAD CMakeFiles/ads1256.elf.dir/Drivers/STM32F4xx_HAL_Driver/Src/stm32f4xx_hal_cortex.c.obj
LOAD CMakeFiles/ads1256.elf.dir/Drivers/STM32F4xx_HAL_Driver/Src/stm32f4xx_hal_dma.c.obj
LOAD CMakeFiles/ads1256.elf.dir/Drivers/STM32F4xx_HAL_Driver/Src/stm32f4xx_hal_dma_ex.c.obj
LOAD CMakeFiles/ads1256.elf.dir/Drivers/STM32F4xx_HAL_Driver/Src/stm32f4xx_hal_exti.c.obj
LOAD CMakeFiles/ads1256.elf.dir/Drivers/STM32F4xx_HAL_Driver/Src/stm32f4xx_hal_flash.c.obj
LOAD CMakeFiles/ads1256.elf.dir/Drivers/STM32F4xx_HAL_Driver/Src/stm32f4xx_hal_flash_ex.c.obj
LOAD CMakeFiles/ads1256.elf.dir/Drivers/STM32F4xx_HAL_Driver/Src/stm32f4xx_hal_flash_ramfunc.c.obj
LOAD CMakeFiles/ads1256.elf.dir/Drivers/STM32F4xx_HAL_Driver/Src/stm32f4xx_hal_gpio.c.obj
LOAD CMakeFiles/ads1256.elf.dir/Drivers/STM32F4xx_HAL_Driver/Src/stm32f4xx_hal_pwr.c.obj
LOAD CMakeFiles/ads1256.elf.dir/Drivers/STM32F4xx_HAL_Driver/Src/stm32f4xx_hal_pwr_ex.c.obj
LOAD CMakeFiles/ads1256.elf.dir/Drivers/STM32F4xx_HAL_Driver/Src/stm32f4xx_hal_rcc.c.obj
LOAD CMakeFiles/ads1256.elf.dir/Drivers/STM32F4xx_HAL_Driver/Src/stm32f4xx_hal_rcc_ex.c.obj
LOAD CMakeFiles/ads1256.elf.dir/Drivers/STM32F4xx_HAL_Driver/Src/stm32f4xx_hal_spi.c.obj
LOAD CMakeFiles/ads1256.elf.dir/Drivers/STM32F4xx_HAL_Driver/Src/stm32f4xx_hal_tim.c.obj
LOAD CMakeFiles/ads1256.elf.dir/Drivers/STM32F4xx_HAL_Driver/Src/stm32f4xx_hal_tim_ex.c.obj
LOAD CMakeFiles/ads1256.elf.dir/Drivers/STM32F4xx_HAL_Driver/Src/stm32f4xx_hal_uart.c.obj
LOAD CMakeFiles/ads1256.elf.dir/usr/app_main.c.obj
LOAD CMakeFiles/ads1256.elf.dir/usr/KEY/key.c.obj
LOAD CMakeFiles/ads1256.elf.dir/usr/ads1256/ads125x.c.obj
LOAD CMakeFiles/ads1256.elf.dir/FATFS/App/fatfs.c.obj
LOAD CMakeFiles/ads1256.elf.dir/FATFS/Target/user_diskio.c.obj
LOAD CMakeFiles/ads1256.elf.dir/Middlewares/Third_Party/FatFs/src/ff.c.obj
LOAD CMakeFiles/ads1256.elf.dir/Middlewares/Third_Party/FatFs/src/ff_gen_drv.c.obj
LOAD CMakeFiles/ads1256.elf.dir/Middlewares/Third_Party/FatFs/src/diskio.c.obj
LOAD CMakeFiles/ads1256.elf.dir/Middlewares/Third_Party/FatFs/src/option/syscall.c.obj
LOAD CMakeFiles/ads1256.elf.dir/usr/sdcard/sd_benchmark.c.obj
LOAD CMakeFiles/ads1256.elf.dir/usr/sdcard/sd_diskio_spi.c.obj
LOAD CMakeFiles/ads1256.elf.dir/usr/sdcard/sd_functions.c.obj
LOAD CMakeFiles/ads1256.elf.dir/usr/sdcard/sd_spi.c.obj
LOAD CMakeFiles/ads1256.elf.dir/Middlewares/Third_Party/FatFs/src/option/ccsbcs.c.obj
START GROUP
LOAD /usr/bin/../lib/gcc/arm-none-eabi/14.2.1/thumb/v7e-m/nofp/libgcc.a
LOAD /usr/bin/../lib/gcc/arm-none-eabi/14.2.1/../../../../arm-none-eabi/lib/thumb/v7e-m/nofp/libg.a
LOAD /usr/bin/../lib/gcc/arm-none-eabi/14.2.1/../../../../arm-none-eabi/lib/thumb/v7e-m/nofp/libc.a
END GROUP
LOAD /usr/bin/../lib/gcc/arm-none-eabi/14.2.1/thumb/v7e-m/nofp/crtend.o
LOAD /usr/bin/../lib/gcc/arm-none-eabi/14.2.1/thumb/v7e-m/nofp/crtn.o
                0x20010000                        _estack = (ORIGIN (RAM) + LENGTH (RAM))
                0x00000200                        _Min_Heap_Size = 0x200
                0x00001400                        _Min_Stack_Size = 0x1400

.isr_vector     0x08000000      0x194
                0x08000000                        . = ALIGN (0x4)
 *(.isr_vector)
 .isr_vector    0x08000000      0x194 CMakeFiles/ads1256.elf.dir/Core/Startup/startup_stm32f401ccux.s.obj
                0x08000000                g_pfnVectors
                0x08000194                        . = ALIGN (0x4)

.text           0x080001c0     0xbb64
                0x080001c0                        . = ALIGN (0x4)
 *(.text)
 .text          0x080001c0      0x378 /usr/bin/../lib/gcc/arm-none-eabi/14.2.1/thumb/v7e-m/nofp/libgcc.a(_arm_addsubdf3.o)
                0x080001c0                __aeabi_drsub
                0x080001c8                __aeabi_dsub
                0x080001c8                __subdf3
                0x080001cc                __adddf3
                0x080001cc                __aeabi_dadd
                0x08000444                __aeabi_ui2d
                0x08000444                __floatunsidf
                0x08000464                __floatsidf
                0x08000464                __aeabi_i2d
                0x08000488                __extendsfdf2
                0x08000488                __aeabi_f2d
                0x080004cc                __aeabi_ul2d
                0x080004cc                __floatundidf
                0x080004dc                __floatdidf
                0x080004dc                __aeabi_l2d
 .text          0x08000538      0x424 /usr/bin/../lib/gcc/arm-none-eabi/14.2.1/thumb/v7e-m/nofp/libgcc.a(_arm_muldivdf3.o)
                0x08000538                __aeabi_dmul
                0x08000538                __muldf3
                0x0800078c                __aeabi_ddiv
                0x0800078c                __divdf3
 .text          0x0800095c       0xa0 /usr/bin/../lib/gcc/arm-none-eabi/14.2.1/thumb/v7e-m/nofp/libgcc.a(_arm_truncdfsf2.o)
                0x0800095c                __aeabi_d2f
                0x0800095c                __truncdfsf2
 .text          0x080009fc      0x21c /usr/bin/../lib/gcc/arm-none-eabi/14.2.1/thumb/v7e-m/nofp/libgcc.a(_arm_addsubsf3.o)
                0x080009fc                __aeabi_frsub
                0x08000a04                __subsf3
                0x08000a04                __aeabi_fsub
                0x08000a08                __aeabi_fadd
                0x08000a08                __addsf3
                0x08000b68                __aeabi_ui2f
                0x08000b68                __floatunsisf
                0x08000b70                __aeabi_i2f
                0x08000b70                __floatsisf
                0x08000b8c                __floatundisf
                0x08000b8c                __aeabi_ul2f
                0x08000b9c                __floatdisf
                0x08000b9c                __aeabi_l2f
 .text          0x08000c18      0x2a0 /usr/bin/../lib/gcc/arm-none-eabi/14.2.1/thumb/v7e-m/nofp/libgcc.a(_arm_muldivsf3.o)
                0x08000c18                __mulsf3
                0x08000c18                __aeabi_fmul
                0x08000d80                __divsf3
                0x08000d80                __aeabi_fdiv
 .text          0x08000eb8       0x30 /usr/bin/../lib/gcc/arm-none-eabi/14.2.1/thumb/v7e-m/nofp/libgcc.a(_aeabi_uldivmod.o)
                0x08000eb8                __aeabi_uldivmod
 .text          0x08000ee8        0x4 /usr/bin/../lib/gcc/arm-none-eabi/14.2.1/thumb/v7e-m/nofp/libgcc.a(_dvmd_tls.o)
                0x08000ee8                __aeabi_ldiv0
                0x08000ee8                __aeabi_idiv0
 *fill*         0x08000eec       0x14 
 .text          0x08000f00       0xd8 /usr/bin/../lib/gcc/arm-none-eabi/14.2.1/../../../../arm-none-eabi/lib/thumb/v7e-m/nofp/libg.a(libc_a-strlen.o)
                0x08000f00                strlen
 *fill*         0x08000fd8        0x8 
 .text          0x08000fe0       0xa0 /usr/bin/../lib/gcc/arm-none-eabi/14.2.1/../../../../arm-none-eabi/lib/thumb/v7e-m/nofp/libg.a(libc_a-memchr.o)
                0x08000fe0                memchr
 .text          0x08001080      0x134 /usr/bin/../lib/gcc/arm-none-eabi/14.2.1/../../../../arm-none-eabi/lib/thumb/v7e-m/nofp/libg.a(libc_a-memcpy.o)
                0x08001080                memcpy
 .text          0x080011b4      0x110 /usr/bin/../lib/gcc/arm-none-eabi/14.2.1/thumb/v7e-m/nofp/libgcc.a(_arm_cmpdf2.o)
                0x080011b4                __gtdf2
                0x080011b4                __gedf2
                0x080011bc                __ltdf2
                0x080011bc                __ledf2
                0x080011c4                __cmpdf2
                0x080011c4                __eqdf2
                0x080011c4                __nedf2
                0x08001240                __aeabi_cdrcmple
                0x08001250                __aeabi_cdcmple
                0x08001250                __aeabi_cdcmpeq
                0x08001260                __aeabi_dcmpeq
                0x08001274                __aeabi_dcmplt
                0x08001288                __aeabi_dcmple
                0x0800129c                __aeabi_dcmpge
                0x080012b0                __aeabi_dcmpgt
 .text          0x080012c4       0x2c /usr/bin/../lib/gcc/arm-none-eabi/14.2.1/thumb/v7e-m/nofp/libgcc.a(_arm_unorddf2.o)
                0x080012c4                __aeabi_dcmpun
                0x080012c4                __unorddf2
 .text          0x080012f0       0x50 /usr/bin/../lib/gcc/arm-none-eabi/14.2.1/thumb/v7e-m/nofp/libgcc.a(_arm_fixdfsi.o)
                0x080012f0                __fixdfsi
                0x080012f0                __aeabi_d2iz
 *(.text*)
 .text.deregister_tm_clones
                0x08001340       0x1c /usr/bin/../lib/gcc/arm-none-eabi/14.2.1/thumb/v7e-m/nofp/crtbegin.o
 .text.register_tm_clones
                0x0800135c       0x24 /usr/bin/../lib/gcc/arm-none-eabi/14.2.1/thumb/v7e-m/nofp/crtbegin.o
 .text.__do_global_dtors_aux
                0x08001380       0x28 /usr/bin/../lib/gcc/arm-none-eabi/14.2.1/thumb/v7e-m/nofp/crtbegin.o
 .text.frame_dummy
                0x080013a8       0x24 /usr/bin/../lib/gcc/arm-none-eabi/14.2.1/thumb/v7e-m/nofp/crtbegin.o
 .text.MX_GPIO_Init
                0x080013cc      0x11c CMakeFiles/ads1256.elf.dir/Core/Src/gpio.c.obj
                0x080013cc                MX_GPIO_Init
 .text.Error_Handler
                0x080014e8        0x4 CMakeFiles/ads1256.elf.dir/Core/Src/main.c.obj
                0x080014e8                Error_Handler
 .text.SystemClock_Config
                0x080014ec       0xa8 CMakeFiles/ads1256.elf.dir/Core/Src/main.c.obj
                0x080014ec                SystemClock_Config
 .text.main     0x08001594       0x5c CMakeFiles/ads1256.elf.dir/Core/Src/main.c.obj
                0x08001594                main
 .text.MX_SPI1_Init
                0x080015f0       0x44 CMakeFiles/ads1256.elf.dir/Core/Src/spi.c.obj
                0x080015f0                MX_SPI1_Init
 .text.MX_SPI2_Init
                0x08001634       0x44 CMakeFiles/ads1256.elf.dir/Core/Src/spi.c.obj
                0x08001634                MX_SPI2_Init
 .text.HAL_SPI_MspInit
                0x08001678       0xd4 CMakeFiles/ads1256.elf.dir/Core/Src/spi.c.obj
                0x08001678                HAL_SPI_MspInit
 .text.HAL_MspInit
                0x0800174c       0x38 CMakeFiles/ads1256.elf.dir/Core/Src/stm32f4xx_hal_msp.c.obj
                0x0800174c                HAL_MspInit
 .text.NMI_Handler
                0x08001784        0x2 CMakeFiles/ads1256.elf.dir/Core/Src/stm32f4xx_it.c.obj
                0x08001784                NMI_Handler
 .text.HardFault_Handler
                0x08001786        0x2 CMakeFiles/ads1256.elf.dir/Core/Src/stm32f4xx_it.c.obj
                0x08001786                HardFault_Handler
 .text.MemManage_Handler
                0x08001788        0x2 CMakeFiles/ads1256.elf.dir/Core/Src/stm32f4xx_it.c.obj
                0x08001788                MemManage_Handler
 .text.BusFault_Handler
                0x0800178a        0x2 CMakeFiles/ads1256.elf.dir/Core/Src/stm32f4xx_it.c.obj
                0x0800178a                BusFault_Handler
 .text.UsageFault_Handler
                0x0800178c        0x2 CMakeFiles/ads1256.elf.dir/Core/Src/stm32f4xx_it.c.obj
                0x0800178c                UsageFault_Handler
 .text.SVC_Handler
                0x0800178e        0x2 CMakeFiles/ads1256.elf.dir/Core/Src/stm32f4xx_it.c.obj
                0x0800178e                SVC_Handler
 .text.DebugMon_Handler
                0x08001790        0x2 CMakeFiles/ads1256.elf.dir/Core/Src/stm32f4xx_it.c.obj
                0x08001790                DebugMon_Handler
 .text.PendSV_Handler
                0x08001792        0x2 CMakeFiles/ads1256.elf.dir/Core/Src/stm32f4xx_it.c.obj
                0x08001792                PendSV_Handler
 .text.SysTick_Handler
                0x08001794        0x8 CMakeFiles/ads1256.elf.dir/Core/Src/stm32f4xx_it.c.obj
                0x08001794                SysTick_Handler
 .text.EXTI0_IRQHandler
                0x0800179c        0xa CMakeFiles/ads1256.elf.dir/Core/Src/stm32f4xx_it.c.obj
                0x0800179c                EXTI0_IRQHandler
 *fill*         0x080017a6        0x2 
 .text.TIM1_TRG_COM_TIM11_IRQHandler
                0x080017a8       0x18 CMakeFiles/ads1256.elf.dir/Core/Src/stm32f4xx_it.c.obj
                0x080017a8                TIM1_TRG_COM_TIM11_IRQHandler
 .text.TIM2_IRQHandler
                0x080017c0       0x10 CMakeFiles/ads1256.elf.dir/Core/Src/stm32f4xx_it.c.obj
                0x080017c0                TIM2_IRQHandler
 .text.SPI1_IRQHandler
                0x080017d0       0x10 CMakeFiles/ads1256.elf.dir/Core/Src/stm32f4xx_it.c.obj
                0x080017d0                SPI1_IRQHandler
 .text._getpid  0x080017e0        0x4 CMakeFiles/ads1256.elf.dir/Core/Src/syscalls.c.obj
                0x080017e0                _getpid
 .text._kill    0x080017e4       0x10 CMakeFiles/ads1256.elf.dir/Core/Src/syscalls.c.obj
                0x080017e4                _kill
 .text._exit    0x080017f4        0xc CMakeFiles/ads1256.elf.dir/Core/Src/syscalls.c.obj
                0x080017f4                _exit
 .text._read    0x08001800       0x20 CMakeFiles/ads1256.elf.dir/Core/Src/syscalls.c.obj
                0x08001800                _read
 .text._close   0x08001820        0x6 CMakeFiles/ads1256.elf.dir/Core/Src/syscalls.c.obj
                0x08001820                _close
 .text._fstat   0x08001826        0xa CMakeFiles/ads1256.elf.dir/Core/Src/syscalls.c.obj
                0x08001826                _fstat
 .text._isatty  0x08001830        0x4 CMakeFiles/ads1256.elf.dir/Core/Src/syscalls.c.obj
                0x08001830                _isatty
 .text._lseek   0x08001834        0x4 CMakeFiles/ads1256.elf.dir/Core/Src/syscalls.c.obj
                0x08001834                _lseek
 .text._sbrk    0x08001838       0x48 CMakeFiles/ads1256.elf.dir/Core/Src/sysmem.c.obj
                0x08001838                _sbrk
 .text.SystemInit
                0x08001880        0x2 CMakeFiles/ads1256.elf.dir/Core/Src/system_stm32f4xx.c.obj
                0x08001880                SystemInit
 *fill*         0x08001882        0x2 
 .text.MX_TIM1_Init
                0x08001884       0x74 CMakeFiles/ads1256.elf.dir/Core/Src/tim.c.obj
                0x08001884                MX_TIM1_Init
 .text.MX_TIM2_Init
                0x080018f8       0xf0 CMakeFiles/ads1256.elf.dir/Core/Src/tim.c.obj
                0x080018f8                MX_TIM2_Init
 .text.MX_TIM3_Init
                0x080019e8       0x70 CMakeFiles/ads1256.elf.dir/Core/Src/tim.c.obj
                0x080019e8                MX_TIM3_Init
 .text.MX_TIM11_Init
                0x08001a58       0x34 CMakeFiles/ads1256.elf.dir/Core/Src/tim.c.obj
                0x08001a58                MX_TIM11_Init
 .text.HAL_TIM_Base_MspInit
                0x08001a8c      0x104 CMakeFiles/ads1256.elf.dir/Core/Src/tim.c.obj
                0x08001a8c                HAL_TIM_Base_MspInit
 .text.MX_USART1_UART_Init
                0x08001b90       0x34 CMakeFiles/ads1256.elf.dir/Core/Src/usart.c.obj
                0x08001b90                MX_USART1_UART_Init
 .text.HAL_UART_MspInit
                0x08001bc4       0x74 CMakeFiles/ads1256.elf.dir/Core/Src/usart.c.obj
                0x08001bc4                HAL_UART_MspInit
 .text.Reset_Handler
                0x08001c38       0x50 CMakeFiles/ads1256.elf.dir/Core/Startup/startup_stm32f401ccux.s.obj
                0x08001c38                Reset_Handler
 .text.Default_Handler
                0x08001c88        0x2 CMakeFiles/ads1256.elf.dir/Core/Startup/startup_stm32f401ccux.s.obj
                0x08001c88                RTC_Alarm_IRQHandler
                0x08001c88                EXTI2_IRQHandler
                0x08001c88                SPI4_IRQHandler
                0x08001c88                TIM1_CC_IRQHandler
                0x08001c88                DMA2_Stream5_IRQHandler
                0x08001c88                DMA1_Stream5_IRQHandler
                0x08001c88                PVD_IRQHandler
                0x08001c88                SDIO_IRQHandler
                0x08001c88                TAMP_STAMP_IRQHandler
                0x08001c88                EXTI3_IRQHandler
                0x08001c88                TIM1_UP_TIM10_IRQHandler
                0x08001c88                I2C3_ER_IRQHandler
                0x08001c88                I2C2_EV_IRQHandler
                0x08001c88                DMA1_Stream2_IRQHandler
                0x08001c88                FPU_IRQHandler
                0x08001c88                DMA2_Stream2_IRQHandler
                0x08001c88                TIM1_BRK_TIM9_IRQHandler
                0x08001c88                DMA2_Stream3_IRQHandler
                0x08001c88                USART6_IRQHandler
                0x08001c88                DMA2_Stream0_IRQHandler
                0x08001c88                TIM4_IRQHandler
                0x08001c88                I2C1_EV_IRQHandler
                0x08001c88                DMA1_Stream6_IRQHandler
                0x08001c88                DMA1_Stream1_IRQHandler
                0x08001c88                TIM3_IRQHandler
                0x08001c88                RCC_IRQHandler
                0x08001c88                Default_Handler
                0x08001c88                EXTI15_10_IRQHandler
                0x08001c88                ADC_IRQHandler
                0x08001c88                DMA1_Stream7_IRQHandler
                0x08001c88                TIM5_IRQHandler
                0x08001c88                DMA2_Stream7_IRQHandler
                0x08001c88                I2C3_EV_IRQHandler
                0x08001c88                EXTI9_5_IRQHandler
                0x08001c88                RTC_WKUP_IRQHandler
                0x08001c88                SPI2_IRQHandler
                0x08001c88                DMA1_Stream0_IRQHandler
                0x08001c88                EXTI4_IRQHandler
                0x08001c88                WWDG_IRQHandler
                0x08001c88                OTG_FS_WKUP_IRQHandler
                0x08001c88                EXTI1_IRQHandler
                0x08001c88                USART2_IRQHandler
                0x08001c88                I2C2_ER_IRQHandler
                0x08001c88                DMA2_Stream1_IRQHandler
                0x08001c88                FLASH_IRQHandler
                0x08001c88                DMA2_Stream4_IRQHandler
                0x08001c88                USART1_IRQHandler
                0x08001c88                OTG_FS_IRQHandler
                0x08001c88                SPI3_IRQHandler
                0x08001c88                DMA1_Stream4_IRQHandler
                0x08001c88                I2C1_ER_IRQHandler
                0x08001c88                DMA2_Stream6_IRQHandler
                0x08001c88                DMA1_Stream3_IRQHandler
 *fill*         0x08001c8a        0x2 
 .text.HAL_InitTick
                0x08001c8c       0x4c CMakeFiles/ads1256.elf.dir/Drivers/STM32F4xx_HAL_Driver/Src/stm32f4xx_hal.c.obj
                0x08001c8c                HAL_InitTick
 .text.HAL_Init
                0x08001cd8       0x34 CMakeFiles/ads1256.elf.dir/Drivers/STM32F4xx_HAL_Driver/Src/stm32f4xx_hal.c.obj
                0x08001cd8                HAL_Init
 .text.HAL_IncTick
                0x08001d0c       0x18 CMakeFiles/ads1256.elf.dir/Drivers/STM32F4xx_HAL_Driver/Src/stm32f4xx_hal.c.obj
                0x08001d0c                HAL_IncTick
 .text.HAL_GetTick
                0x08001d24        0xc CMakeFiles/ads1256.elf.dir/Drivers/STM32F4xx_HAL_Driver/Src/stm32f4xx_hal.c.obj
                0x08001d24                HAL_GetTick
 .text.HAL_Delay
                0x08001d30       0x28 CMakeFiles/ads1256.elf.dir/Drivers/STM32F4xx_HAL_Driver/Src/stm32f4xx_hal.c.obj
                0x08001d30                HAL_Delay
 .text.__NVIC_EnableIRQ
                0x08001d58       0x1c CMakeFiles/ads1256.elf.dir/Drivers/STM32F4xx_HAL_Driver/Src/stm32f4xx_hal_cortex.c.obj
 .text.__NVIC_SetPriority
                0x08001d74       0x28 CMakeFiles/ads1256.elf.dir/Drivers/STM32F4xx_HAL_Driver/Src/stm32f4xx_hal_cortex.c.obj
 .text.NVIC_EncodePriority
                0x08001d9c       0x3e CMakeFiles/ads1256.elf.dir/Drivers/STM32F4xx_HAL_Driver/Src/stm32f4xx_hal_cortex.c.obj
 *fill*         0x08001dda        0x2 
 .text.HAL_NVIC_SetPriorityGrouping
                0x08001ddc       0x24 CMakeFiles/ads1256.elf.dir/Drivers/STM32F4xx_HAL_Driver/Src/stm32f4xx_hal_cortex.c.obj
                0x08001ddc                HAL_NVIC_SetPriorityGrouping
 .text.HAL_NVIC_SetPriority
                0x08001e00       0x20 CMakeFiles/ads1256.elf.dir/Drivers/STM32F4xx_HAL_Driver/Src/stm32f4xx_hal_cortex.c.obj
                0x08001e00                HAL_NVIC_SetPriority
 .text.HAL_NVIC_EnableIRQ
                0x08001e20        0x8 CMakeFiles/ads1256.elf.dir/Drivers/STM32F4xx_HAL_Driver/Src/stm32f4xx_hal_cortex.c.obj
                0x08001e20                HAL_NVIC_EnableIRQ
 .text.HAL_SYSTICK_Config
                0x08001e28       0x28 CMakeFiles/ads1256.elf.dir/Drivers/STM32F4xx_HAL_Driver/Src/stm32f4xx_hal_cortex.c.obj
                0x08001e28                HAL_SYSTICK_Config
 .text.HAL_DMA_Abort_IT
                0x08001e50       0x24 CMakeFiles/ads1256.elf.dir/Drivers/STM32F4xx_HAL_Driver/Src/stm32f4xx_hal_dma.c.obj
                0x08001e50                HAL_DMA_Abort_IT
 .text.HAL_GPIO_Init
                0x08001e74      0x1d0 CMakeFiles/ads1256.elf.dir/Drivers/STM32F4xx_HAL_Driver/Src/stm32f4xx_hal_gpio.c.obj
                0x08001e74                HAL_GPIO_Init
 .text.HAL_GPIO_ReadPin
                0x08002044        0xe CMakeFiles/ads1256.elf.dir/Drivers/STM32F4xx_HAL_Driver/Src/stm32f4xx_hal_gpio.c.obj
                0x08002044                HAL_GPIO_ReadPin
 .text.HAL_GPIO_WritePin
                0x08002052        0xc CMakeFiles/ads1256.elf.dir/Drivers/STM32F4xx_HAL_Driver/Src/stm32f4xx_hal_gpio.c.obj
                0x08002052                HAL_GPIO_WritePin
 .text.HAL_GPIO_TogglePin
                0x0800205e       0x12 CMakeFiles/ads1256.elf.dir/Drivers/STM32F4xx_HAL_Driver/Src/stm32f4xx_hal_gpio.c.obj
                0x0800205e                HAL_GPIO_TogglePin
 .text.HAL_GPIO_EXTI_IRQHandler
                0x08002070       0x1c CMakeFiles/ads1256.elf.dir/Drivers/STM32F4xx_HAL_Driver/Src/stm32f4xx_hal_gpio.c.obj
                0x08002070                HAL_GPIO_EXTI_IRQHandler
 .text.HAL_RCC_OscConfig
                0x0800208c      0x3f8 CMakeFiles/ads1256.elf.dir/Drivers/STM32F4xx_HAL_Driver/Src/stm32f4xx_hal_rcc.c.obj
                0x0800208c                HAL_RCC_OscConfig
 .text.HAL_RCC_GetSysClockFreq
                0x08002484       0xa8 CMakeFiles/ads1256.elf.dir/Drivers/STM32F4xx_HAL_Driver/Src/stm32f4xx_hal_rcc.c.obj
                0x08002484                HAL_RCC_GetSysClockFreq
 .text.HAL_RCC_ClockConfig
                0x0800252c      0x160 CMakeFiles/ads1256.elf.dir/Drivers/STM32F4xx_HAL_Driver/Src/stm32f4xx_hal_rcc.c.obj
                0x0800252c                HAL_RCC_ClockConfig
 .text.HAL_RCC_GetHCLKFreq
                0x0800268c        0xc CMakeFiles/ads1256.elf.dir/Drivers/STM32F4xx_HAL_Driver/Src/stm32f4xx_hal_rcc.c.obj
                0x0800268c                HAL_RCC_GetHCLKFreq
 .text.HAL_RCC_GetPCLK1Freq
                0x08002698       0x20 CMakeFiles/ads1256.elf.dir/Drivers/STM32F4xx_HAL_Driver/Src/stm32f4xx_hal_rcc.c.obj
                0x08002698                HAL_RCC_GetPCLK1Freq
 .text.HAL_RCC_GetPCLK2Freq
                0x080026b8       0x20 CMakeFiles/ads1256.elf.dir/Drivers/STM32F4xx_HAL_Driver/Src/stm32f4xx_hal_rcc.c.obj
                0x080026b8                HAL_RCC_GetPCLK2Freq
 .text.SPI_WaitFlagStateUntilTimeout
                0x080026d8       0xc8 CMakeFiles/ads1256.elf.dir/Drivers/STM32F4xx_HAL_Driver/Src/stm32f4xx_hal_spi.c.obj
 .text.SPI_EndRxTxTransaction
                0x080027a0       0x80 CMakeFiles/ads1256.elf.dir/Drivers/STM32F4xx_HAL_Driver/Src/stm32f4xx_hal_spi.c.obj
 .text.SPI_EndRxTransaction
                0x08002820       0x8c CMakeFiles/ads1256.elf.dir/Drivers/STM32F4xx_HAL_Driver/Src/stm32f4xx_hal_spi.c.obj
 .text.HAL_SPI_Init
                0x080028ac       0xbe CMakeFiles/ads1256.elf.dir/Drivers/STM32F4xx_HAL_Driver/Src/stm32f4xx_hal_spi.c.obj
                0x080028ac                HAL_SPI_Init
 .text.HAL_SPI_Transmit
                0x0800296a      0x1c4 CMakeFiles/ads1256.elf.dir/Drivers/STM32F4xx_HAL_Driver/Src/stm32f4xx_hal_spi.c.obj
                0x0800296a                HAL_SPI_Transmit
 .text.HAL_SPI_TransmitReceive
                0x08002b2e      0x252 CMakeFiles/ads1256.elf.dir/Drivers/STM32F4xx_HAL_Driver/Src/stm32f4xx_hal_spi.c.obj
                0x08002b2e                HAL_SPI_TransmitReceive
 .text.HAL_SPI_Receive
                0x08002d80      0x184 CMakeFiles/ads1256.elf.dir/Drivers/STM32F4xx_HAL_Driver/Src/stm32f4xx_hal_spi.c.obj
                0x08002d80                HAL_SPI_Receive
 .text.HAL_SPI_ErrorCallback
                0x08002f04        0x2 CMakeFiles/ads1256.elf.dir/Drivers/STM32F4xx_HAL_Driver/Src/stm32f4xx_hal_spi.c.obj
                0x08002f04                HAL_SPI_ErrorCallback
 *fill*         0x08002f06        0x2 
 .text.HAL_SPI_IRQHandler
                0x08002f08      0x124 CMakeFiles/ads1256.elf.dir/Drivers/STM32F4xx_HAL_Driver/Src/stm32f4xx_hal_spi.c.obj
                0x08002f08                HAL_SPI_IRQHandler
 .text.SPI_DMAAbortOnError
                0x0800302c       0x10 CMakeFiles/ads1256.elf.dir/Drivers/STM32F4xx_HAL_Driver/Src/stm32f4xx_hal_spi.c.obj
 .text.TIM_TI1_ConfigInputStage
                0x0800303c       0x24 CMakeFiles/ads1256.elf.dir/Drivers/STM32F4xx_HAL_Driver/Src/stm32f4xx_hal_tim.c.obj
 .text.TIM_TI2_SetConfig
                0x08003060       0x36 CMakeFiles/ads1256.elf.dir/Drivers/STM32F4xx_HAL_Driver/Src/stm32f4xx_hal_tim.c.obj
 .text.TIM_TI2_ConfigInputStage
                0x08003096       0x26 CMakeFiles/ads1256.elf.dir/Drivers/STM32F4xx_HAL_Driver/Src/stm32f4xx_hal_tim.c.obj
 .text.TIM_TI3_SetConfig
                0x080030bc       0x36 CMakeFiles/ads1256.elf.dir/Drivers/STM32F4xx_HAL_Driver/Src/stm32f4xx_hal_tim.c.obj
 .text.TIM_TI4_SetConfig
                0x080030f2       0x36 CMakeFiles/ads1256.elf.dir/Drivers/STM32F4xx_HAL_Driver/Src/stm32f4xx_hal_tim.c.obj
 .text.TIM_ITRx_SetConfig
                0x08003128       0x10 CMakeFiles/ads1256.elf.dir/Drivers/STM32F4xx_HAL_Driver/Src/stm32f4xx_hal_tim.c.obj
 .text.HAL_TIM_Base_Start
                0x08003138       0x6c CMakeFiles/ads1256.elf.dir/Drivers/STM32F4xx_HAL_Driver/Src/stm32f4xx_hal_tim.c.obj
                0x08003138                HAL_TIM_Base_Start
 .text.HAL_TIM_Base_Start_IT
                0x080031a4       0x74 CMakeFiles/ads1256.elf.dir/Drivers/STM32F4xx_HAL_Driver/Src/stm32f4xx_hal_tim.c.obj
                0x080031a4                HAL_TIM_Base_Start_IT
 .text.HAL_TIM_IC_MspInit
                0x08003218        0x2 CMakeFiles/ads1256.elf.dir/Drivers/STM32F4xx_HAL_Driver/Src/stm32f4xx_hal_tim.c.obj
                0x08003218                HAL_TIM_IC_MspInit
 .text.HAL_TIM_ReadCapturedValue
                0x0800321a       0x32 CMakeFiles/ads1256.elf.dir/Drivers/STM32F4xx_HAL_Driver/Src/stm32f4xx_hal_tim.c.obj
                0x0800321a                HAL_TIM_ReadCapturedValue
 .text.HAL_TIM_OC_DelayElapsedCallback
                0x0800324c        0x2 CMakeFiles/ads1256.elf.dir/Drivers/STM32F4xx_HAL_Driver/Src/stm32f4xx_hal_tim.c.obj
                0x0800324c                HAL_TIM_OC_DelayElapsedCallback
 .text.HAL_TIM_PWM_PulseFinishedCallback
                0x0800324e        0x2 CMakeFiles/ads1256.elf.dir/Drivers/STM32F4xx_HAL_Driver/Src/stm32f4xx_hal_tim.c.obj
                0x0800324e                HAL_TIM_PWM_PulseFinishedCallback
 .text.HAL_TIM_TriggerCallback
                0x08003250        0x2 CMakeFiles/ads1256.elf.dir/Drivers/STM32F4xx_HAL_Driver/Src/stm32f4xx_hal_tim.c.obj
                0x08003250                HAL_TIM_TriggerCallback
 .text.HAL_TIM_IRQHandler
                0x08003252      0x15e CMakeFiles/ads1256.elf.dir/Drivers/STM32F4xx_HAL_Driver/Src/stm32f4xx_hal_tim.c.obj
                0x08003252                HAL_TIM_IRQHandler
 .text.TIM_Base_SetConfig
                0x080033b0       0xa4 CMakeFiles/ads1256.elf.dir/Drivers/STM32F4xx_HAL_Driver/Src/stm32f4xx_hal_tim.c.obj
                0x080033b0                TIM_Base_SetConfig
 .text.HAL_TIM_Base_Init
                0x08003454       0x58 CMakeFiles/ads1256.elf.dir/Drivers/STM32F4xx_HAL_Driver/Src/stm32f4xx_hal_tim.c.obj
                0x08003454                HAL_TIM_Base_Init
 .text.HAL_TIM_IC_Init
                0x080034ac       0x58 CMakeFiles/ads1256.elf.dir/Drivers/STM32F4xx_HAL_Driver/Src/stm32f4xx_hal_tim.c.obj
                0x080034ac                HAL_TIM_IC_Init
 .text.TIM_TI1_SetConfig
                0x08003504       0x6c CMakeFiles/ads1256.elf.dir/Drivers/STM32F4xx_HAL_Driver/Src/stm32f4xx_hal_tim.c.obj
                0x08003504                TIM_TI1_SetConfig
 .text.HAL_TIM_IC_ConfigChannel
                0x08003570       0xcc CMakeFiles/ads1256.elf.dir/Drivers/STM32F4xx_HAL_Driver/Src/stm32f4xx_hal_tim.c.obj
                0x08003570                HAL_TIM_IC_ConfigChannel
 .text.TIM_ETR_SetConfig
                0x0800363c       0x18 CMakeFiles/ads1256.elf.dir/Drivers/STM32F4xx_HAL_Driver/Src/stm32f4xx_hal_tim.c.obj
                0x0800363c                TIM_ETR_SetConfig
 .text.HAL_TIM_ConfigClockSource
                0x08003654       0xfe CMakeFiles/ads1256.elf.dir/Drivers/STM32F4xx_HAL_Driver/Src/stm32f4xx_hal_tim.c.obj
                0x08003654                HAL_TIM_ConfigClockSource
 .text.TIM_SlaveTimer_SetConfig
                0x08003752       0xb8 CMakeFiles/ads1256.elf.dir/Drivers/STM32F4xx_HAL_Driver/Src/stm32f4xx_hal_tim.c.obj
 .text.HAL_TIM_SlaveConfigSynchro
                0x0800380a       0x52 CMakeFiles/ads1256.elf.dir/Drivers/STM32F4xx_HAL_Driver/Src/stm32f4xx_hal_tim.c.obj
                0x0800380a                HAL_TIM_SlaveConfigSynchro
 .text.TIM_CCxChannelCmd
                0x0800385c       0x1e CMakeFiles/ads1256.elf.dir/Drivers/STM32F4xx_HAL_Driver/Src/stm32f4xx_hal_tim.c.obj
                0x0800385c                TIM_CCxChannelCmd
 *fill*         0x0800387a        0x2 
 .text.HAL_TIM_IC_Start_IT
                0x0800387c      0x184 CMakeFiles/ads1256.elf.dir/Drivers/STM32F4xx_HAL_Driver/Src/stm32f4xx_hal_tim.c.obj
                0x0800387c                HAL_TIM_IC_Start_IT
 .text.HAL_TIM_IC_Stop_IT
                0x08003a00       0xca CMakeFiles/ads1256.elf.dir/Drivers/STM32F4xx_HAL_Driver/Src/stm32f4xx_hal_tim.c.obj
                0x08003a00                HAL_TIM_IC_Stop_IT
 *fill*         0x08003aca        0x2 
 .text.HAL_TIMEx_MasterConfigSynchronization
                0x08003acc       0x7c CMakeFiles/ads1256.elf.dir/Drivers/STM32F4xx_HAL_Driver/Src/stm32f4xx_hal_tim_ex.c.obj
                0x08003acc                HAL_TIMEx_MasterConfigSynchronization
 .text.HAL_TIMEx_CommutCallback
                0x08003b48        0x2 CMakeFiles/ads1256.elf.dir/Drivers/STM32F4xx_HAL_Driver/Src/stm32f4xx_hal_tim_ex.c.obj
                0x08003b48                HAL_TIMEx_CommutCallback
 .text.HAL_TIMEx_BreakCallback
                0x08003b4a        0x2 CMakeFiles/ads1256.elf.dir/Drivers/STM32F4xx_HAL_Driver/Src/stm32f4xx_hal_tim_ex.c.obj
                0x08003b4a                HAL_TIMEx_BreakCallback
 .text.UART_EndRxTransfer
                0x08003b4c       0x5c CMakeFiles/ads1256.elf.dir/Drivers/STM32F4xx_HAL_Driver/Src/stm32f4xx_hal_uart.c.obj
 .text.UART_SetConfig
                0x08003ba8      0x110 CMakeFiles/ads1256.elf.dir/Drivers/STM32F4xx_HAL_Driver/Src/stm32f4xx_hal_uart.c.obj
 .text.UART_WaitOnFlagUntilTimeout
                0x08003cb8       0x86 CMakeFiles/ads1256.elf.dir/Drivers/STM32F4xx_HAL_Driver/Src/stm32f4xx_hal_uart.c.obj
 .text.HAL_UART_Init
                0x08003d3e       0x60 CMakeFiles/ads1256.elf.dir/Drivers/STM32F4xx_HAL_Driver/Src/stm32f4xx_hal_uart.c.obj
                0x08003d3e                HAL_UART_Init
 .text.HAL_UART_Transmit
                0x08003d9e       0xca CMakeFiles/ads1256.elf.dir/Drivers/STM32F4xx_HAL_Driver/Src/stm32f4xx_hal_uart.c.obj
                0x08003d9e                HAL_UART_Transmit
 .text.key_event_handler
                0x08003e68       0x6c CMakeFiles/ads1256.elf.dir/usr/app_main.c.obj
                0x08003e68                key_event_handler
 .text.HAL_GPIO_EXTI_Callback
                0x08003ed4       0x28 CMakeFiles/ads1256.elf.dir/usr/app_main.c.obj
                0x08003ed4                HAL_GPIO_EXTI_Callback
 .text.adc_init
                0x08003efc       0x70 CMakeFiles/ads1256.elf.dir/usr/app_main.c.obj
                0x08003efc                adc_init
 .text.ADS1256_Filter_Update_Int
                0x08003f6c       0x34 CMakeFiles/ads1256.elf.dir/usr/app_main.c.obj
                0x08003f6c                ADS1256_Filter_Update_Int
 .text.ADS1256_AverageFromArray
                0x08003fa0       0x94 CMakeFiles/ads1256.elf.dir/usr/app_main.c.obj
                0x08003fa0                ADS1256_AverageFromArray
 .text.ADS1256_AverageFloat
                0x08004034       0x58 CMakeFiles/ads1256.elf.dir/usr/app_main.c.obj
                0x08004034                ADS1256_AverageFloat
 .text.app_main
                0x0800408c      0x304 CMakeFiles/ads1256.elf.dir/usr/app_main.c.obj
                0x0800408c                app_main
 .text.HAL_TIM_PeriodElapsedCallback
                0x08004390       0x8c CMakeFiles/ads1256.elf.dir/usr/app_main.c.obj
                0x08004390                HAL_TIM_PeriodElapsedCallback
 .text.HAL_TIM_IC_CaptureCallback
                0x0800441c       0xd8 CMakeFiles/ads1256.elf.dir/usr/app_main.c.obj
                0x0800441c                HAL_TIM_IC_CaptureCallback
 .text._write   0x080044f4       0x28 CMakeFiles/ads1256.elf.dir/usr/app_main.c.obj
                0x080044f4                _write
 .text.key_state_machine
                0x0800451c      0x1d8 CMakeFiles/ads1256.elf.dir/usr/KEY/key.c.obj
 .text.key_read_pin
                0x080046f4       0x50 CMakeFiles/ads1256.elf.dir/usr/KEY/key.c.obj
 .text.key_init
                0x08004744       0x5c CMakeFiles/ads1256.elf.dir/usr/KEY/key.c.obj
                0x08004744                key_init
 .text.key_register
                0x080047a0       0x68 CMakeFiles/ads1256.elf.dir/usr/KEY/key.c.obj
                0x080047a0                key_register
 .text.key_set_callback
                0x08004808        0xc CMakeFiles/ads1256.elf.dir/usr/KEY/key.c.obj
                0x08004808                key_set_callback
 .text.key_scan
                0x08004814       0x38 CMakeFiles/ads1256.elf.dir/usr/KEY/key.c.obj
                0x08004814                key_scan
 .text.key_systick_handler
                0x0800484c       0x14 CMakeFiles/ads1256.elf.dir/usr/KEY/key.c.obj
                0x0800484c                key_systick_handler
 .text.delay_us
                0x08004860       0x14 CMakeFiles/ads1256.elf.dir/usr/ads1256/ads125x.c.obj
                0x08004860                delay_us
 .text.ADS125X_DRDY_Wait
                0x08004874       0x12 CMakeFiles/ads1256.elf.dir/usr/ads1256/ads125x.c.obj
                0x08004874                ADS125X_DRDY_Wait
 .text.ADS125X_CS
                0x08004886       0x16 CMakeFiles/ads1256.elf.dir/usr/ads1256/ads125x.c.obj
                0x08004886                ADS125X_CS
 .text.ADS125X_Reset
                0x0800489c       0x34 CMakeFiles/ads1256.elf.dir/usr/ads1256/ads125x.c.obj
                0x0800489c                ADS125X_Reset
 .text.ADS125X_ADC_ReadRaw
                0x080048d0       0x62 CMakeFiles/ads1256.elf.dir/usr/ads1256/ads125x.c.obj
                0x080048d0                ADS125X_ADC_ReadRaw
 .text.ADS125X_Register_Read
                0x08004932       0x5c CMakeFiles/ads1256.elf.dir/usr/ads1256/ads125x.c.obj
                0x08004932                ADS125X_Register_Read
 .text.ADS125X_Register_Write
                0x0800498e       0x6e CMakeFiles/ads1256.elf.dir/usr/ads1256/ads125x.c.obj
                0x0800498e                ADS125X_Register_Write
 .text.ADS125X_CMD_Send
                0x080049fc       0x2c CMakeFiles/ads1256.elf.dir/usr/ads1256/ads125x.c.obj
                0x080049fc                ADS125X_CMD_Send
 .text.ADS125X_Init
                0x08004a28       0xa0 CMakeFiles/ads1256.elf.dir/usr/ads1256/ads125x.c.obj
                0x08004a28                ADS125X_Init
 .text.ADS125X_ChannelDiff_Set
                0x08004ac8       0x34 CMakeFiles/ads1256.elf.dir/usr/ads1256/ads125x.c.obj
                0x08004ac8                ADS125X_ChannelDiff_Set
 .text.ADS125X_Channel_Set
                0x08004afc        0xa CMakeFiles/ads1256.elf.dir/usr/ads1256/ads125x.c.obj
                0x08004afc                ADS125X_Channel_Set
 *fill*         0x08004b06        0x2 
 .text.__udivmoddi4
                0x08004b08      0x2f8 /usr/bin/../lib/gcc/arm-none-eabi/14.2.1/thumb/v7e-m/nofp/libgcc.a(_udivmoddi4.o)
                0x08004b08                __udivmoddi4
 .text._malloc_r
                0x08004e00      0x598 /usr/bin/../lib/gcc/arm-none-eabi/14.2.1/../../../../arm-none-eabi/lib/thumb/v7e-m/nofp/libg.a(libc_a-mallocr.o)
                0x08004e00                _malloc_r
 .text.__malloc_lock
                0x08005398        0xc /usr/bin/../lib/gcc/arm-none-eabi/14.2.1/../../../../arm-none-eabi/lib/thumb/v7e-m/nofp/libg.a(libc_a-mlock.o)
                0x08005398                __malloc_lock
 .text.__malloc_unlock
                0x080053a4        0xc /usr/bin/../lib/gcc/arm-none-eabi/14.2.1/../../../../arm-none-eabi/lib/thumb/v7e-m/nofp/libg.a(libc_a-mlock.o)
                0x080053a4                __malloc_unlock
 .text.stdio_exit_handler
                0x080053b0       0x18 /usr/bin/../lib/gcc/arm-none-eabi/14.2.1/../../../../arm-none-eabi/lib/thumb/v7e-m/nofp/libg.a(libc_a-findfp.o)
 .text.cleanup_stdio
                0x080053c8       0x40 /usr/bin/../lib/gcc/arm-none-eabi/14.2.1/../../../../arm-none-eabi/lib/thumb/v7e-m/nofp/libg.a(libc_a-findfp.o)
 .text.global_stdio_init.part.0
                0x08005408       0xf0 /usr/bin/../lib/gcc/arm-none-eabi/14.2.1/../../../../arm-none-eabi/lib/thumb/v7e-m/nofp/libg.a(libc_a-findfp.o)
 .text.__sinit  0x080054f8       0x3c /usr/bin/../lib/gcc/arm-none-eabi/14.2.1/../../../../arm-none-eabi/lib/thumb/v7e-m/nofp/libg.a(libc_a-findfp.o)
                0x080054f8                __sinit
 .text.__sfp_lock_acquire
                0x08005534        0xc /usr/bin/../lib/gcc/arm-none-eabi/14.2.1/../../../../arm-none-eabi/lib/thumb/v7e-m/nofp/libg.a(libc_a-findfp.o)
                0x08005534                __sfp_lock_acquire
 .text.__sfp_lock_release
                0x08005540        0xc /usr/bin/../lib/gcc/arm-none-eabi/14.2.1/../../../../arm-none-eabi/lib/thumb/v7e-m/nofp/libg.a(libc_a-findfp.o)
                0x08005540                __sfp_lock_release
 .text._fwalk_sglue
                0x0800554c       0x44 /usr/bin/../lib/gcc/arm-none-eabi/14.2.1/../../../../arm-none-eabi/lib/thumb/v7e-m/nofp/libg.a(libc_a-fwalk.o)
                0x0800554c                _fwalk_sglue
 .text.printf   0x08005590       0x28 /usr/bin/../lib/gcc/arm-none-eabi/14.2.1/../../../../arm-none-eabi/lib/thumb/v7e-m/nofp/libg.a(libc_a-printf.o)
                0x08005590                printf
 .text.putchar  0x080055b8       0x10 /usr/bin/../lib/gcc/arm-none-eabi/14.2.1/../../../../arm-none-eabi/lib/thumb/v7e-m/nofp/libg.a(libc_a-putchar.o)
                0x080055b8                putchar
 .text._puts_r  0x080055c8       0xbc /usr/bin/../lib/gcc/arm-none-eabi/14.2.1/../../../../arm-none-eabi/lib/thumb/v7e-m/nofp/libg.a(libc_a-puts.o)
                0x080055c8                _puts_r
 .text.puts     0x08005684       0x10 /usr/bin/../lib/gcc/arm-none-eabi/14.2.1/../../../../arm-none-eabi/lib/thumb/v7e-m/nofp/libg.a(libc_a-puts.o)
                0x08005684                puts
 .text.__sread  0x08005694       0x24 /usr/bin/../lib/gcc/arm-none-eabi/14.2.1/../../../../arm-none-eabi/lib/thumb/v7e-m/nofp/libg.a(libc_a-stdio.o)
                0x08005694                __sread
 .text.__swrite
                0x080056b8       0x40 /usr/bin/../lib/gcc/arm-none-eabi/14.2.1/../../../../arm-none-eabi/lib/thumb/v7e-m/nofp/libg.a(libc_a-stdio.o)
                0x080056b8                __swrite
 .text.__sseek  0x080056f8       0x24 /usr/bin/../lib/gcc/arm-none-eabi/14.2.1/../../../../arm-none-eabi/lib/thumb/v7e-m/nofp/libg.a(libc_a-stdio.o)
                0x080056f8                __sseek
 .text.__sclose
                0x0800571c        0x8 /usr/bin/../lib/gcc/arm-none-eabi/14.2.1/../../../../arm-none-eabi/lib/thumb/v7e-m/nofp/libg.a(libc_a-stdio.o)
                0x0800571c                __sclose
 .text.memset   0x08005724       0x9c /usr/bin/../lib/gcc/arm-none-eabi/14.2.1/../../../../arm-none-eabi/lib/thumb/v7e-m/nofp/libg.a(libc_a-memset.o)
                0x08005724                memset
 .text.strncpy  0x080057c0       0x68 /usr/bin/../lib/gcc/arm-none-eabi/14.2.1/../../../../arm-none-eabi/lib/thumb/v7e-m/nofp/libg.a(libc_a-strncpy.o)
                0x080057c0                strncpy
 .text._close_r
                0x08005828       0x24 /usr/bin/../lib/gcc/arm-none-eabi/14.2.1/../../../../arm-none-eabi/lib/thumb/v7e-m/nofp/libg.a(libc_a-closer.o)
                0x08005828                _close_r
 .text._lseek_r
                0x0800584c       0x2c /usr/bin/../lib/gcc/arm-none-eabi/14.2.1/../../../../arm-none-eabi/lib/thumb/v7e-m/nofp/libg.a(libc_a-lseekr.o)
                0x0800584c                _lseek_r
 .text._read_r  0x08005878       0x2c /usr/bin/../lib/gcc/arm-none-eabi/14.2.1/../../../../arm-none-eabi/lib/thumb/v7e-m/nofp/libg.a(libc_a-readr.o)
                0x08005878                _read_r
 .text._sbrk_r  0x080058a4       0x24 /usr/bin/../lib/gcc/arm-none-eabi/14.2.1/../../../../arm-none-eabi/lib/thumb/v7e-m/nofp/libg.a(libc_a-sbrkr.o)
                0x080058a4                _sbrk_r
 .text._write_r
                0x080058c8       0x2c /usr/bin/../lib/gcc/arm-none-eabi/14.2.1/../../../../arm-none-eabi/lib/thumb/v7e-m/nofp/libg.a(libc_a-writer.o)
                0x080058c8                _write_r
 .text.__errno  0x080058f4        0xc /usr/bin/../lib/gcc/arm-none-eabi/14.2.1/../../../../arm-none-eabi/lib/thumb/v7e-m/nofp/libg.a(libc_a-errno.o)
                0x080058f4                __errno
 .text.__libc_init_array
                0x08005900       0x50 /usr/bin/../lib/gcc/arm-none-eabi/14.2.1/../../../../arm-none-eabi/lib/thumb/v7e-m/nofp/libg.a(libc_a-init.o)
                0x08005900                __libc_init_array
 .text.__retarget_lock_init_recursive
                0x08005950        0x4 /usr/bin/../lib/gcc/arm-none-eabi/14.2.1/../../../../arm-none-eabi/lib/thumb/v7e-m/nofp/libg.a(libc_a-lock.o)
                0x08005950                __retarget_lock_init_recursive
 .text.__retarget_lock_close_recursive
                0x08005954        0x4 /usr/bin/../lib/gcc/arm-none-eabi/14.2.1/../../../../arm-none-eabi/lib/thumb/v7e-m/nofp/libg.a(libc_a-lock.o)
                0x08005954                __retarget_lock_close_recursive
 .text.__retarget_lock_acquire_recursive
                0x08005958        0x4 /usr/bin/../lib/gcc/arm-none-eabi/14.2.1/../../../../arm-none-eabi/lib/thumb/v7e-m/nofp/libg.a(libc_a-lock.o)
                0x08005958                __retarget_lock_acquire_recursive
 .text.__retarget_lock_release_recursive
                0x0800595c        0x4 /usr/bin/../lib/gcc/arm-none-eabi/14.2.1/../../../../arm-none-eabi/lib/thumb/v7e-m/nofp/libg.a(libc_a-lock.o)
                0x0800595c                __retarget_lock_release_recursive
 .text.sysconf  0x08005960       0x1c /usr/bin/../lib/gcc/arm-none-eabi/14.2.1/../../../../arm-none-eabi/lib/thumb/v7e-m/nofp/libg.a(libc_a-sysconf.o)
                0x08005960                sysconf
 .text.startup.register_fini
                0x0800597c       0x14 /usr/bin/../lib/gcc/arm-none-eabi/14.2.1/../../../../arm-none-eabi/lib/thumb/v7e-m/nofp/libg.a(libc_a-__call_atexit.o)
 .text.atexit   0x08005990        0xc /usr/bin/../lib/gcc/arm-none-eabi/14.2.1/../../../../arm-none-eabi/lib/thumb/v7e-m/nofp/libg.a(libc_a-atexit.o)
                0x08005990                atexit
 .text._malloc_trim_r
                0x0800599c       0xb8 /usr/bin/../lib/gcc/arm-none-eabi/14.2.1/../../../../arm-none-eabi/lib/thumb/v7e-m/nofp/libg.a(libc_a-freer.o)
                0x0800599c                _malloc_trim_r
 .text._free_r  0x08005a54      0x1f0 /usr/bin/../lib/gcc/arm-none-eabi/14.2.1/../../../../arm-none-eabi/lib/thumb/v7e-m/nofp/libg.a(libc_a-freer.o)
                0x08005a54                _free_r
 .text._vfprintf_r
                0x08005c44     0x2320 /usr/bin/../lib/gcc/arm-none-eabi/14.2.1/../../../../arm-none-eabi/lib/thumb/v7e-m/nofp/libg.a(libc_a-vfprintf.o)
                0x08005c44                _vfprintf_r
 .text.__sbprintf
                0x08007f64       0x84 /usr/bin/../lib/gcc/arm-none-eabi/14.2.1/../../../../arm-none-eabi/lib/thumb/v7e-m/nofp/libg.a(libc_a-vfprintf.o)
 .text.__sprint_r
                0x08007fe8       0x20 /usr/bin/../lib/gcc/arm-none-eabi/14.2.1/../../../../arm-none-eabi/lib/thumb/v7e-m/nofp/libg.a(libc_a-sprint_r.o)
                0x08007fe8                __sprint_r
 .text._fclose_r
                0x08008008       0xc0 /usr/bin/../lib/gcc/arm-none-eabi/14.2.1/../../../../arm-none-eabi/lib/thumb/v7e-m/nofp/libg.a(libc_a-fclose.o)
                0x08008008                _fclose_r
 .text.__sflush_r
                0x080080c8      0x124 /usr/bin/../lib/gcc/arm-none-eabi/14.2.1/../../../../arm-none-eabi/lib/thumb/v7e-m/nofp/libg.a(libc_a-fflush.o)
                0x080080c8                __sflush_r
 .text._fflush_r
                0x080081ec       0x54 /usr/bin/../lib/gcc/arm-none-eabi/14.2.1/../../../../arm-none-eabi/lib/thumb/v7e-m/nofp/libg.a(libc_a-fflush.o)
                0x080081ec                _fflush_r
 .text.__sfvwrite_r
                0x08008240      0x2d8 /usr/bin/../lib/gcc/arm-none-eabi/14.2.1/../../../../arm-none-eabi/lib/thumb/v7e-m/nofp/libg.a(libc_a-fvwrite.o)
                0x08008240                __sfvwrite_r
 .text._putc_r  0x08008518       0x78 /usr/bin/../lib/gcc/arm-none-eabi/14.2.1/../../../../arm-none-eabi/lib/thumb/v7e-m/nofp/libg.a(libc_a-putc.o)
                0x08008518                _putc_r
 .text.__swbuf_r
                0x08008590       0xac /usr/bin/../lib/gcc/arm-none-eabi/14.2.1/../../../../arm-none-eabi/lib/thumb/v7e-m/nofp/libg.a(libc_a-wbuf.o)
                0x08008590                __swbuf_r
 .text.__swsetup_r
                0x0800863c       0xfc /usr/bin/../lib/gcc/arm-none-eabi/14.2.1/../../../../arm-none-eabi/lib/thumb/v7e-m/nofp/libg.a(libc_a-wsetup.o)
                0x0800863c                __swsetup_r
 .text.memmove  0x08008738       0xf8 /usr/bin/../lib/gcc/arm-none-eabi/14.2.1/../../../../arm-none-eabi/lib/thumb/v7e-m/nofp/libg.a(libc_a-memmove.o)
                0x08008738                memmove
 .text.__locale_mb_cur_max
                0x08008830        0xc /usr/bin/../lib/gcc/arm-none-eabi/14.2.1/../../../../arm-none-eabi/lib/thumb/v7e-m/nofp/libg.a(libc_a-locale.o)
                0x08008830                __locale_mb_cur_max
 .text._localeconv_r
                0x0800883c        0x8 /usr/bin/../lib/gcc/arm-none-eabi/14.2.1/../../../../arm-none-eabi/lib/thumb/v7e-m/nofp/libg.a(libc_a-localeconv.o)
                0x0800883c                _localeconv_r
 .text.__libc_fini_array
                0x08008844       0x28 /usr/bin/../lib/gcc/arm-none-eabi/14.2.1/../../../../arm-none-eabi/lib/thumb/v7e-m/nofp/libg.a(libc_a-fini.o)
                0x08008844                __libc_fini_array
 .text.frexp    0x0800886c       0x6c /usr/bin/../lib/gcc/arm-none-eabi/14.2.1/../../../../arm-none-eabi/lib/thumb/v7e-m/nofp/libg.a(libm_a-s_frexp.o)
                0x0800886c                frexp
 .text.__register_exitproc
                0x080088d8       0x80 /usr/bin/../lib/gcc/arm-none-eabi/14.2.1/../../../../arm-none-eabi/lib/thumb/v7e-m/nofp/libg.a(libc_a-__atexit.o)
                0x080088d8                __register_exitproc
 .text.quorem   0x08008958      0x12c /usr/bin/../lib/gcc/arm-none-eabi/14.2.1/../../../../arm-none-eabi/lib/thumb/v7e-m/nofp/libg.a(libc_a-dtoa.o)
 *fill*         0x08008a84        0x4 
 .text._dtoa_r  0x08008a88     0x1044 /usr/bin/../lib/gcc/arm-none-eabi/14.2.1/../../../../arm-none-eabi/lib/thumb/v7e-m/nofp/libg.a(libc_a-dtoa.o)
                0x08008a88                _dtoa_r
 .text.__ascii_mbtowc
                0x08009acc       0x2c /usr/bin/../lib/gcc/arm-none-eabi/14.2.1/../../../../arm-none-eabi/lib/thumb/v7e-m/nofp/libg.a(libc_a-mbtowc_r.o)
                0x08009acc                __ascii_mbtowc
 .text._Balloc  0x08009af8       0x4c /usr/bin/../lib/gcc/arm-none-eabi/14.2.1/../../../../arm-none-eabi/lib/thumb/v7e-m/nofp/libg.a(libc_a-mprec.o)
                0x08009af8                _Balloc
 .text._Bfree   0x08009b44       0x14 /usr/bin/../lib/gcc/arm-none-eabi/14.2.1/../../../../arm-none-eabi/lib/thumb/v7e-m/nofp/libg.a(libc_a-mprec.o)
                0x08009b44                _Bfree
 .text.__multadd
                0x08009b58       0xa0 /usr/bin/../lib/gcc/arm-none-eabi/14.2.1/../../../../arm-none-eabi/lib/thumb/v7e-m/nofp/libg.a(libc_a-mprec.o)
                0x08009b58                __multadd
 .text.__hi0bits
                0x08009bf8       0x54 /usr/bin/../lib/gcc/arm-none-eabi/14.2.1/../../../../arm-none-eabi/lib/thumb/v7e-m/nofp/libg.a(libc_a-mprec.o)
                0x08009bf8                __hi0bits
 .text.__lo0bits
                0x08009c4c       0x80 /usr/bin/../lib/gcc/arm-none-eabi/14.2.1/../../../../arm-none-eabi/lib/thumb/v7e-m/nofp/libg.a(libc_a-mprec.o)
                0x08009c4c                __lo0bits
 .text.__i2b    0x08009ccc       0x5c /usr/bin/../lib/gcc/arm-none-eabi/14.2.1/../../../../arm-none-eabi/lib/thumb/v7e-m/nofp/libg.a(libc_a-mprec.o)
                0x08009ccc                __i2b
 .text.__multiply
                0x08009d28      0x16c /usr/bin/../lib/gcc/arm-none-eabi/14.2.1/../../../../arm-none-eabi/lib/thumb/v7e-m/nofp/libg.a(libc_a-mprec.o)
                0x08009d28                __multiply
 .text.__pow5mult
                0x08009e94       0xc0 /usr/bin/../lib/gcc/arm-none-eabi/14.2.1/../../../../arm-none-eabi/lib/thumb/v7e-m/nofp/libg.a(libc_a-mprec.o)
                0x08009e94                __pow5mult
 .text.__lshift
                0x08009f54       0xe8 /usr/bin/../lib/gcc/arm-none-eabi/14.2.1/../../../../arm-none-eabi/lib/thumb/v7e-m/nofp/libg.a(libc_a-mprec.o)
                0x08009f54                __lshift
 .text.__mcmp   0x0800a03c       0x40 /usr/bin/../lib/gcc/arm-none-eabi/14.2.1/../../../../arm-none-eabi/lib/thumb/v7e-m/nofp/libg.a(libc_a-mprec.o)
                0x0800a03c                __mcmp
 .text.__mdiff  0x0800a07c      0x174 /usr/bin/../lib/gcc/arm-none-eabi/14.2.1/../../../../arm-none-eabi/lib/thumb/v7e-m/nofp/libg.a(libc_a-mprec.o)
                0x0800a07c                __mdiff
 .text.__d2b    0x0800a1f0       0xb8 /usr/bin/../lib/gcc/arm-none-eabi/14.2.1/../../../../arm-none-eabi/lib/thumb/v7e-m/nofp/libg.a(libc_a-mprec.o)
                0x0800a1f0                __d2b
 .text._realloc_r
                0x0800a2a8      0x348 /usr/bin/../lib/gcc/arm-none-eabi/14.2.1/../../../../arm-none-eabi/lib/thumb/v7e-m/nofp/libg.a(libc_a-reallocr.o)
                0x0800a2a8                _realloc_r
 .text.__ascii_wctomb
                0x0800a5f0       0x1c /usr/bin/../lib/gcc/arm-none-eabi/14.2.1/../../../../arm-none-eabi/lib/thumb/v7e-m/nofp/libg.a(libc_a-wctomb_r.o)
                0x0800a5f0                __ascii_wctomb
 .text._wcrtomb_r
                0x0800a60c       0x4c /usr/bin/../lib/gcc/arm-none-eabi/14.2.1/../../../../arm-none-eabi/lib/thumb/v7e-m/nofp/libg.a(libc_a-wcrtomb.o)
                0x0800a60c                _wcrtomb_r
 .text._wcsrtombs_r
                0x0800a658       0x1c /usr/bin/../lib/gcc/arm-none-eabi/14.2.1/../../../../arm-none-eabi/lib/thumb/v7e-m/nofp/libg.a(libc_a-wcsrtombs.o)
                0x0800a658                _wcsrtombs_r
 .text.__smakebuf_r
                0x0800a674       0xd0 /usr/bin/../lib/gcc/arm-none-eabi/14.2.1/../../../../arm-none-eabi/lib/thumb/v7e-m/nofp/libg.a(libc_a-makebuf.o)
                0x0800a674                __smakebuf_r
 .text._fstat_r
                0x0800a744       0x2c /usr/bin/../lib/gcc/arm-none-eabi/14.2.1/../../../../arm-none-eabi/lib/thumb/v7e-m/nofp/libg.a(libc_a-fstatr.o)
                0x0800a744                _fstat_r
 .text._isatty_r
                0x0800a770       0x24 /usr/bin/../lib/gcc/arm-none-eabi/14.2.1/../../../../arm-none-eabi/lib/thumb/v7e-m/nofp/libg.a(libc_a-isattyr.o)
                0x0800a770                _isatty_r
 .text.__assert_func
                0x0800a794       0x40 /usr/bin/../lib/gcc/arm-none-eabi/14.2.1/../../../../arm-none-eabi/lib/thumb/v7e-m/nofp/libg.a(libc_a-assert.o)
                0x0800a794                __assert_func
 .text._calloc_r
                0x0800a7d4       0x6c /usr/bin/../lib/gcc/arm-none-eabi/14.2.1/../../../../arm-none-eabi/lib/thumb/v7e-m/nofp/libg.a(libc_a-callocr.o)
                0x0800a7d4                _calloc_r
 .text._wcsnrtombs_l
                0x0800a840       0xec /usr/bin/../lib/gcc/arm-none-eabi/14.2.1/../../../../arm-none-eabi/lib/thumb/v7e-m/nofp/libg.a(libc_a-wcsnrtombs.o)
                0x0800a840                _wcsnrtombs_l
 .text._wcsnrtombs_r
                0x0800a92c       0x24 /usr/bin/../lib/gcc/arm-none-eabi/14.2.1/../../../../arm-none-eabi/lib/thumb/v7e-m/nofp/libg.a(libc_a-wcsnrtombs.o)
                0x0800a92c                _wcsnrtombs_r
 .text.fiprintf
                0x0800a950       0x28 /usr/bin/../lib/gcc/arm-none-eabi/14.2.1/../../../../arm-none-eabi/lib/thumb/v7e-m/nofp/libg.a(libc_a-fiprintf.o)
                0x0800a950                fiprintf
 .text._vfiprintf_r
                0x0800a978     0x1278 /usr/bin/../lib/gcc/arm-none-eabi/14.2.1/../../../../arm-none-eabi/lib/thumb/v7e-m/nofp/libg.a(libc_a-vfiprintf.o)
                0x0800a978                _vfiprintf_r
 .text.__sbprintf
                0x0800bbf0       0x84 /usr/bin/../lib/gcc/arm-none-eabi/14.2.1/../../../../arm-none-eabi/lib/thumb/v7e-m/nofp/libg.a(libc_a-vfiprintf.o)
 .text.abort    0x0800bc74       0x10 /usr/bin/../lib/gcc/arm-none-eabi/14.2.1/../../../../arm-none-eabi/lib/thumb/v7e-m/nofp/libg.a(libc_a-abort.o)
                0x0800bc74                abort
 .text.raise    0x0800bc84       0x58 /usr/bin/../lib/gcc/arm-none-eabi/14.2.1/../../../../arm-none-eabi/lib/thumb/v7e-m/nofp/libg.a(libc_a-signal.o)
                0x0800bc84                raise
 .text._kill_r  0x0800bcdc       0x2c /usr/bin/../lib/gcc/arm-none-eabi/14.2.1/../../../../arm-none-eabi/lib/thumb/v7e-m/nofp/libg.a(libc_a-signalr.o)
                0x0800bcdc                _kill_r
 .text._getpid_r
                0x0800bd08        0x4 /usr/bin/../lib/gcc/arm-none-eabi/14.2.1/../../../../arm-none-eabi/lib/thumb/v7e-m/nofp/libg.a(libc_a-signalr.o)
                0x0800bd08                _getpid_r
 *(.glue_7)
 .glue_7        0x0800bd0c        0x0 linker stubs
 *(.glue_7t)
 .glue_7t       0x0800bd0c        0x0 linker stubs
 *(.eh_frame)
 .eh_frame      0x0800bd0c        0x0 /usr/bin/../lib/gcc/arm-none-eabi/14.2.1/thumb/v7e-m/nofp/crtbegin.o
 *(.init)
 .init          0x0800bd0c        0x4 /usr/bin/../lib/gcc/arm-none-eabi/14.2.1/thumb/v7e-m/nofp/crti.o
                0x0800bd0c                _init
 .init          0x0800bd10        0x8 /usr/bin/../lib/gcc/arm-none-eabi/14.2.1/thumb/v7e-m/nofp/crtn.o
 *(.fini)
 .fini          0x0800bd18        0x4 /usr/bin/../lib/gcc/arm-none-eabi/14.2.1/thumb/v7e-m/nofp/crti.o
                0x0800bd18                _fini
 .fini          0x0800bd1c        0x8 /usr/bin/../lib/gcc/arm-none-eabi/14.2.1/thumb/v7e-m/nofp/crtn.o
                0x0800bd24                        . = ALIGN (0x4)
                0x0800bd24                        _etext = .

.vfp11_veneer   0x0800bd24        0x0
 .vfp11_veneer  0x0800bd24        0x0 linker stubs

.v4_bx          0x0800bd24        0x0
 .v4_bx         0x0800bd24        0x0 linker stubs

.iplt           0x0800bd24        0x0
 .iplt          0x0800bd24        0x0 /usr/bin/../lib/gcc/arm-none-eabi/14.2.1/thumb/v7e-m/nofp/crtbegin.o

.rodata         0x0800bd28      0x450
                0x0800bd28                        . = ALIGN (0x4)
 *(.rodata)
 *(.rodata*)
 .rodata.APBPrescTable
                0x0800bd28        0x8 CMakeFiles/ads1256.elf.dir/Core/Src/system_stm32f4xx.c.obj
                0x0800bd28                APBPrescTable
 .rodata.AHBPrescTable
                0x0800bd30       0x10 CMakeFiles/ads1256.elf.dir/Core/Src/system_stm32f4xx.c.obj
                0x0800bd30                AHBPrescTable
 .rodata.key_event_handler.str1.4
                0x0800bd40      0x1f3 CMakeFiles/ads1256.elf.dir/usr/app_main.c.obj
                                  0x4 (size before relaxing)
 .rodata.adc_init.str1.4
                0x0800bf33        0xe CMakeFiles/ads1256.elf.dir/usr/app_main.c.obj
 .rodata.app_main.str1.4
                0x0800bf33       0x28 CMakeFiles/ads1256.elf.dir/usr/app_main.c.obj
 .rodata.ADS125X_Init.str1.4
                0x0800bf33        0xf CMakeFiles/ads1256.elf.dir/usr/ads1256/ads125x.c.obj
 *fill*         0x0800bf33        0x1 
 .rodata._ctype_
                0x0800bf34      0x101 /usr/bin/../lib/gcc/arm-none-eabi/14.2.1/../../../../arm-none-eabi/lib/thumb/v7e-m/nofp/libg.a(libc_a-ctype_.o)
                0x0800bf34                _ctype_
 .rodata._puts_r.str1.4
                0x0800c035        0x2 /usr/bin/../lib/gcc/arm-none-eabi/14.2.1/../../../../arm-none-eabi/lib/thumb/v7e-m/nofp/libg.a(libc_a-puts.o)
 .rodata._vfprintf_r.str1.4
                0x0800c035       0x42 /usr/bin/../lib/gcc/arm-none-eabi/14.2.1/../../../../arm-none-eabi/lib/thumb/v7e-m/nofp/libg.a(libc_a-vfprintf.o)
 *fill*         0x0800c035        0x3 
 .rodata.zeroes.0
                0x0800c038       0x10 /usr/bin/../lib/gcc/arm-none-eabi/14.2.1/../../../../arm-none-eabi/lib/thumb/v7e-m/nofp/libg.a(libc_a-vfprintf.o)
 .rodata.blanks.1
                0x0800c048       0x10 /usr/bin/../lib/gcc/arm-none-eabi/14.2.1/../../../../arm-none-eabi/lib/thumb/v7e-m/nofp/libg.a(libc_a-vfprintf.o)
 .rodata.str1.4
                0x0800c058       0x4c /usr/bin/../lib/gcc/arm-none-eabi/14.2.1/../../../../arm-none-eabi/lib/thumb/v7e-m/nofp/libg.a(libc_a-locale.o)
 .rodata._dtoa_r.str1.4
                0x0800c058       0x81 /usr/bin/../lib/gcc/arm-none-eabi/14.2.1/../../../../arm-none-eabi/lib/thumb/v7e-m/nofp/libg.a(libc_a-dtoa.o)
 .rodata.__multadd.str1.4
                0x0800c058       0x6e /usr/bin/../lib/gcc/arm-none-eabi/14.2.1/../../../../arm-none-eabi/lib/thumb/v7e-m/nofp/libg.a(libc_a-mprec.o)
 .rodata.p05.0  0x0800c058        0xc /usr/bin/../lib/gcc/arm-none-eabi/14.2.1/../../../../arm-none-eabi/lib/thumb/v7e-m/nofp/libg.a(libc_a-mprec.o)
 *fill*         0x0800c064        0x4 
 .rodata.__mprec_bigtens
                0x0800c068       0x28 /usr/bin/../lib/gcc/arm-none-eabi/14.2.1/../../../../arm-none-eabi/lib/thumb/v7e-m/nofp/libg.a(libc_a-mprec.o)
                0x0800c068                __mprec_bigtens
 .rodata.__mprec_tens
                0x0800c090       0xc8 /usr/bin/../lib/gcc/arm-none-eabi/14.2.1/../../../../arm-none-eabi/lib/thumb/v7e-m/nofp/libg.a(libc_a-mprec.o)
                0x0800c090                __mprec_tens
 .rodata.__assert_func.str1.4
                0x0800c158       0x43 /usr/bin/../lib/gcc/arm-none-eabi/14.2.1/../../../../arm-none-eabi/lib/thumb/v7e-m/nofp/libg.a(libc_a-assert.o)
 .rodata._vfiprintf_r.str1.4
                0x0800c158       0x2f /usr/bin/../lib/gcc/arm-none-eabi/14.2.1/../../../../arm-none-eabi/lib/thumb/v7e-m/nofp/libg.a(libc_a-vfiprintf.o)
 .rodata.zeroes.0
                0x0800c158       0x10 /usr/bin/../lib/gcc/arm-none-eabi/14.2.1/../../../../arm-none-eabi/lib/thumb/v7e-m/nofp/libg.a(libc_a-vfiprintf.o)
 .rodata.blanks.1
                0x0800c168       0x10 /usr/bin/../lib/gcc/arm-none-eabi/14.2.1/../../../../arm-none-eabi/lib/thumb/v7e-m/nofp/libg.a(libc_a-vfiprintf.o)
                0x0800c19c                        . = ALIGN (0x4)

.ARM.extab      0x0800c178        0x0
                0x0800c178                        . = ALIGN (0x4)
 *(.ARM.extab* .gnu.linkonce.armextab.*)
                0x0800c178                        . = ALIGN (0x4)

.ARM            0x0800c178        0x8
                0x0800c178                        . = ALIGN (0x4)
                0x0800c178                        __exidx_start = .
 *(.ARM.exidx*)
 .ARM.exidx     0x0800c178        0x8 /usr/bin/../lib/gcc/arm-none-eabi/14.2.1/../../../../arm-none-eabi/lib/thumb/v7e-m/nofp/libg.a(libc_a-strlen.o)
 .ARM.exidx     0x0800c180        0x0 /usr/bin/../lib/gcc/arm-none-eabi/14.2.1/../../../../arm-none-eabi/lib/thumb/v7e-m/nofp/libg.a(libc_a-memchr.o)
                                  0x8 (size before relaxing)
 .ARM.exidx     0x0800c180        0x0 /usr/bin/../lib/gcc/arm-none-eabi/14.2.1/../../../../arm-none-eabi/lib/thumb/v7e-m/nofp/libg.a(libc_a-memcpy.o)
                                  0x8 (size before relaxing)
 .ARM.exidx.text.__udivmoddi4
                0x0800c180        0x0 /usr/bin/../lib/gcc/arm-none-eabi/14.2.1/thumb/v7e-m/nofp/libgcc.a(_udivmoddi4.o)
                                  0x8 (size before relaxing)
                0x0800c180                        __exidx_end = .
                0x0800c180                        . = ALIGN (0x4)

.preinit_array  0x0800c180        0x0
                0x0800c180                        . = ALIGN (0x4)
                0x0800c180                        PROVIDE (__preinit_array_start = .)
 *(.preinit_array*)
                0x0800c180                        PROVIDE (__preinit_array_end = .)
                0x0800c180                        . = ALIGN (0x4)

.init_array     0x0800c180        0x8
                0x0800c180                        . = ALIGN (0x4)
                0x0800c180                        PROVIDE (__init_array_start = .)
 *(SORT_BY_NAME(.init_array.*))
 .init_array.00000
                0x0800c180        0x4 /usr/bin/../lib/gcc/arm-none-eabi/14.2.1/../../../../arm-none-eabi/lib/thumb/v7e-m/nofp/libg.a(libc_a-__call_atexit.o)
 *(.init_array*)
 .init_array    0x0800c184        0x4 /usr/bin/../lib/gcc/arm-none-eabi/14.2.1/thumb/v7e-m/nofp/crtbegin.o
                0x0800c188                        PROVIDE (__init_array_end = .)
                0x0800c188                        . = ALIGN (0x4)

.fini_array     0x0800c188        0x4
                0x0800c188                        . = ALIGN (0x4)
                0x0800c188                        PROVIDE (__fini_array_start = .)
 *(SORT_BY_NAME(.fini_array.*))
 *(.fini_array*)
 .fini_array    0x0800c188        0x4 /usr/bin/../lib/gcc/arm-none-eabi/14.2.1/thumb/v7e-m/nofp/crtbegin.o
                0x0800c18c                        PROVIDE (__fini_array_end = .)
                0x0800c18c                        . = ALIGN (0x4)
                0x0800c18c                        _sidata = LOADADDR (.data)

.rel.dyn        0x0800c18c        0x0
 .rel.iplt      0x0800c18c        0x0 /usr/bin/../lib/gcc/arm-none-eabi/14.2.1/thumb/v7e-m/nofp/crtbegin.o

.data           0x20000000      0x6e0 load address 0x0800c18c
                0x20000000                        . = ALIGN (0x4)
                0x20000000                        _sdata = .
 *(.data)
 *(.data*)
 .data.SystemCoreClock
                0x20000000        0x4 CMakeFiles/ads1256.elf.dir/Core/Src/system_stm32f4xx.c.obj
                0x20000000                SystemCoreClock
 .data.uwTickFreq
                0x20000004        0x1 CMakeFiles/ads1256.elf.dir/Drivers/STM32F4xx_HAL_Driver/Src/stm32f4xx_hal.c.obj
                0x20000004                uwTickFreq
 *fill*         0x20000005        0x3 
 .data.uwTickPrio
                0x20000008        0x4 CMakeFiles/ads1256.elf.dir/Drivers/STM32F4xx_HAL_Driver/Src/stm32f4xx_hal.c.obj
                0x20000008                uwTickPrio
 .data.__malloc_sbrk_base
                0x2000000c        0x4 /usr/bin/../lib/gcc/arm-none-eabi/14.2.1/../../../../arm-none-eabi/lib/thumb/v7e-m/nofp/libg.a(libc_a-mallocr.o)
                0x2000000c                __malloc_sbrk_base
 .data.__malloc_trim_threshold
                0x20000010        0x4 /usr/bin/../lib/gcc/arm-none-eabi/14.2.1/../../../../arm-none-eabi/lib/thumb/v7e-m/nofp/libg.a(libc_a-mallocr.o)
                0x20000010                __malloc_trim_threshold
 *fill*         0x20000014        0x4 
 .data.__malloc_av_
                0x20000018      0x408 /usr/bin/../lib/gcc/arm-none-eabi/14.2.1/../../../../arm-none-eabi/lib/thumb/v7e-m/nofp/libg.a(libc_a-mallocr.o)
                0x20000018                __malloc_av_
 .data.__sglue  0x20000420        0xc /usr/bin/../lib/gcc/arm-none-eabi/14.2.1/../../../../arm-none-eabi/lib/thumb/v7e-m/nofp/libg.a(libc_a-findfp.o)
                0x20000420                __sglue
 .data._impure_ptr
                0x2000042c        0x4 /usr/bin/../lib/gcc/arm-none-eabi/14.2.1/../../../../arm-none-eabi/lib/thumb/v7e-m/nofp/libg.a(libc_a-impure.o)
                0x2000042c                _impure_ptr
 .data._impure_data
                0x20000430      0x140 /usr/bin/../lib/gcc/arm-none-eabi/14.2.1/../../../../arm-none-eabi/lib/thumb/v7e-m/nofp/libg.a(libc_a-impure.o)
                0x20000430                _impure_data
 .data.__atexit_recursive_mutex
                0x20000570        0x4 /usr/bin/../lib/gcc/arm-none-eabi/14.2.1/../../../../arm-none-eabi/lib/thumb/v7e-m/nofp/libg.a(libc_a-__call_atexit.o)
                0x20000570                __atexit_recursive_mutex
 .data.__global_locale
                0x20000574      0x16c /usr/bin/../lib/gcc/arm-none-eabi/14.2.1/../../../../arm-none-eabi/lib/thumb/v7e-m/nofp/libg.a(libc_a-locale.o)
                0x20000574                __global_locale
 *(.RamFunc)
 *(.RamFunc*)
                0x200006e0                        . = ALIGN (0x4)
                0x200006e0                        _edata = .

.tm_clone_table
                0x200006e0        0x0 load address 0x0800c86c
 .tm_clone_table
                0x200006e0        0x0 /usr/bin/../lib/gcc/arm-none-eabi/14.2.1/thumb/v7e-m/nofp/crtbegin.o
 .tm_clone_table
                0x200006e0        0x0 /usr/bin/../lib/gcc/arm-none-eabi/14.2.1/thumb/v7e-m/nofp/crtend.o

.igot.plt       0x200006e0        0x0 load address 0x0800c86c
 .igot.plt      0x200006e0        0x0 /usr/bin/../lib/gcc/arm-none-eabi/14.2.1/thumb/v7e-m/nofp/crtbegin.o
                0x200006e0                        . = ALIGN (0x4)

.bss            0x200006e0     0x3fbc load address 0x0800c86c
                0x200006e0                        _sbss = .
                0x200006e0                        __bss_start__ = _sbss
 *(.bss)
 *(.bss*)
 .bss.completed.1
                0x200006e0        0x1 /usr/bin/../lib/gcc/arm-none-eabi/14.2.1/thumb/v7e-m/nofp/crtbegin.o
 *fill*         0x200006e1        0x3 
 .bss.object.0  0x200006e4       0x18 /usr/bin/../lib/gcc/arm-none-eabi/14.2.1/thumb/v7e-m/nofp/crtbegin.o
 .bss.hspi2     0x200006fc       0x58 CMakeFiles/ads1256.elf.dir/Core/Src/spi.c.obj
                0x200006fc                hspi2
 .bss.hspi1     0x20000754       0x58 CMakeFiles/ads1256.elf.dir/Core/Src/spi.c.obj
                0x20000754                hspi1
 .bss.__sbrk_heap_end
                0x200007ac        0x4 CMakeFiles/ads1256.elf.dir/Core/Src/sysmem.c.obj
 .bss.htim11    0x200007b0       0x48 CMakeFiles/ads1256.elf.dir/Core/Src/tim.c.obj
                0x200007b0                htim11
 .bss.htim3     0x200007f8       0x48 CMakeFiles/ads1256.elf.dir/Core/Src/tim.c.obj
                0x200007f8                htim3
 .bss.htim2     0x20000840       0x48 CMakeFiles/ads1256.elf.dir/Core/Src/tim.c.obj
                0x20000840                htim2
 .bss.htim1     0x20000888       0x48 CMakeFiles/ads1256.elf.dir/Core/Src/tim.c.obj
                0x20000888                htim1
 .bss.huart1    0x200008d0       0x48 CMakeFiles/ads1256.elf.dir/Core/Src/usart.c.obj
                0x200008d0                huart1
 .bss.uwTick    0x20000918        0x4 CMakeFiles/ads1256.elf.dir/Drivers/STM32F4xx_HAL_Driver/Src/stm32f4xx_hal.c.obj
                0x20000918                uwTick
 .bss.last_pulse_width.0
                0x2000091c        0x2 CMakeFiles/ads1256.elf.dir/usr/app_main.c.obj
 .bss.pulse_width.1
                0x2000091e        0x2 CMakeFiles/ads1256.elf.dir/usr/app_main.c.obj
 .bss.d.2       0x20000920        0x2 CMakeFiles/ads1256.elf.dir/usr/app_main.c.obj
 .bss.t.3       0x20000922        0x2 CMakeFiles/ads1256.elf.dir/usr/app_main.c.obj
 .bss.cnt.4     0x20000924        0x2 CMakeFiles/ads1256.elf.dir/usr/app_main.c.obj
 *fill*         0x20000926        0x2 
 .bss.ms.5      0x20000928        0x4 CMakeFiles/ads1256.elf.dir/usr/app_main.c.obj
 .bss.print_flag
                0x2000092c        0x1 CMakeFiles/ads1256.elf.dir/usr/app_main.c.obj
                0x2000092c                print_flag
 .bss.time_100ms_flag
                0x2000092d        0x1 CMakeFiles/ads1256.elf.dir/usr/app_main.c.obj
                0x2000092d                time_100ms_flag
 *fill*         0x2000092e        0x2 
 .bss.ad_voltdata_out
                0x20000930     0x3000 CMakeFiles/ads1256.elf.dir/usr/app_main.c.obj
                0x20000930                ad_voltdata_out
 .bss.ad_voltdata
                0x20003930      0x800 CMakeFiles/ads1256.elf.dir/usr/app_main.c.obj
                0x20003930                ad_voltdata
 .bss.ad_rawdata
                0x20004130      0x194 CMakeFiles/ads1256.elf.dir/usr/app_main.c.obj
                0x20004130                ad_rawdata
 .bss.adc1      0x200042c4       0x28 CMakeFiles/ads1256.elf.dir/usr/app_main.c.obj
                0x200042c4                adc1
 .bss.adc_get_ch
                0x200042ec        0x1 CMakeFiles/ads1256.elf.dir/usr/app_main.c.obj
                0x200042ec                adc_get_ch
 .bss.adc_get_flag
                0x200042ed        0x1 CMakeFiles/ads1256.elf.dir/usr/app_main.c.obj
                0x200042ed                adc_get_flag
 .bss.pul_index
                0x200042ee        0x1 CMakeFiles/ads1256.elf.dir/usr/app_main.c.obj
 *fill*         0x200042ef        0x1 
 .bss.pulse_width_arr
                0x200042f0       0x3c CMakeFiles/ads1256.elf.dir/usr/app_main.c.obj
                0x200042f0                pulse_width_arr
 .bss.key2_click
                0x2000432c        0x1 CMakeFiles/ads1256.elf.dir/usr/app_main.c.obj
 .bss.key1_click
                0x2000432d        0x1 CMakeFiles/ads1256.elf.dir/usr/app_main.c.obj
 .bss.key_1     0x2000432e        0x1 CMakeFiles/ads1256.elf.dir/usr/app_main.c.obj
 .bss.key_0     0x2000432f        0x1 CMakeFiles/ads1256.elf.dir/usr/app_main.c.obj
 .bss.ADC_Switch
                0x20004330        0x2 CMakeFiles/ads1256.elf.dir/usr/app_main.c.obj
                0x20004330                ADC_Switch
 *fill*         0x20004332        0x2 
 .bss.key_event_callback
                0x20004334        0x4 CMakeFiles/ads1256.elf.dir/usr/KEY/key.c.obj
 .bss.systick_count
                0x20004338        0x4 CMakeFiles/ads1256.elf.dir/usr/KEY/key.c.obj
 .bss.key_num   0x2000433c        0x1 CMakeFiles/ads1256.elf.dir/usr/KEY/key.c.obj
 *fill*         0x2000433d        0x3 
 .bss.keys      0x20004340       0x48 CMakeFiles/ads1256.elf.dir/usr/KEY/key.c.obj
 .bss.__malloc_current_mallinfo
                0x20004388       0x28 /usr/bin/../lib/gcc/arm-none-eabi/14.2.1/../../../../arm-none-eabi/lib/thumb/v7e-m/nofp/libg.a(libc_a-mallocr.o)
                0x20004388                __malloc_current_mallinfo
 .bss.__malloc_max_total_mem
                0x200043b0        0x4 /usr/bin/../lib/gcc/arm-none-eabi/14.2.1/../../../../arm-none-eabi/lib/thumb/v7e-m/nofp/libg.a(libc_a-mallocr.o)
                0x200043b0                __malloc_max_total_mem
 .bss.__malloc_max_sbrked_mem
                0x200043b4        0x4 /usr/bin/../lib/gcc/arm-none-eabi/14.2.1/../../../../arm-none-eabi/lib/thumb/v7e-m/nofp/libg.a(libc_a-mallocr.o)
                0x200043b4                __malloc_max_sbrked_mem
 .bss.__malloc_top_pad
                0x200043b8        0x4 /usr/bin/../lib/gcc/arm-none-eabi/14.2.1/../../../../arm-none-eabi/lib/thumb/v7e-m/nofp/libg.a(libc_a-mallocr.o)
                0x200043b8                __malloc_top_pad
 .bss.__sf      0x200043bc      0x138 /usr/bin/../lib/gcc/arm-none-eabi/14.2.1/../../../../arm-none-eabi/lib/thumb/v7e-m/nofp/libg.a(libc_a-findfp.o)
                0x200043bc                __sf
 .bss.__stdio_exit_handler
                0x200044f4        0x4 /usr/bin/../lib/gcc/arm-none-eabi/14.2.1/../../../../arm-none-eabi/lib/thumb/v7e-m/nofp/libg.a(libc_a-findfp.o)
                0x200044f4                __stdio_exit_handler
 .bss.errno     0x200044f8        0x4 /usr/bin/../lib/gcc/arm-none-eabi/14.2.1/../../../../arm-none-eabi/lib/thumb/v7e-m/nofp/libg.a(libc_a-reent.o)
                0x200044f8                errno
 .bss.__lock___malloc_recursive_mutex
                0x200044fc        0x1 /usr/bin/../lib/gcc/arm-none-eabi/14.2.1/../../../../arm-none-eabi/lib/thumb/v7e-m/nofp/libg.a(libc_a-lock.o)
                0x200044fc                __lock___malloc_recursive_mutex
 *fill*         0x200044fd        0x3 
 .bss.__lock___atexit_recursive_mutex
                0x20004500        0x1 /usr/bin/../lib/gcc/arm-none-eabi/14.2.1/../../../../arm-none-eabi/lib/thumb/v7e-m/nofp/libg.a(libc_a-lock.o)
                0x20004500                __lock___atexit_recursive_mutex
 *fill*         0x20004501        0x3 
 .bss.__lock___sfp_recursive_mutex
                0x20004504        0x1 /usr/bin/../lib/gcc/arm-none-eabi/14.2.1/../../../../arm-none-eabi/lib/thumb/v7e-m/nofp/libg.a(libc_a-lock.o)
                0x20004504                __lock___sfp_recursive_mutex
 *fill*         0x20004505        0x3 
 .bss.__atexit  0x20004508        0x4 /usr/bin/../lib/gcc/arm-none-eabi/14.2.1/../../../../arm-none-eabi/lib/thumb/v7e-m/nofp/libg.a(libc_a-__call_atexit.o)
                0x20004508                __atexit
 .bss.__atexit0
                0x2000450c      0x190 /usr/bin/../lib/gcc/arm-none-eabi/14.2.1/../../../../arm-none-eabi/lib/thumb/v7e-m/nofp/libg.a(libc_a-__atexit.o)
                0x2000450c                __atexit0
 *(COMMON)
                0x2000469c                        . = ALIGN (0x4)
                0x2000469c                        _ebss = .
                0x2000469c                        __bss_end__ = _ebss

._user_heap_stack
                0x2000469c     0x1604 load address 0x0800c86c
                0x200046a0                        . = ALIGN (0x8)
 *fill*         0x2000469c        0x4 
                [!provide]                        PROVIDE (end = .)
                0x200046a0                        PROVIDE (_end = .)
                0x200048a0                        . = (. + _Min_Heap_Size)
 *fill*         0x200046a0      0x200 
                0x20005ca0                        . = (. + _Min_Stack_Size)
 *fill*         0x200048a0     0x1400 
                0x20005ca0                        . = ALIGN (0x8)

/DISCARD/
 libc.a(*)
 libm.a(*)
 libgcc.a(*)

.ARM.attributes
                0x00000000       0x2a
 *(.ARM.attributes)
 .ARM.attributes
                0x00000000       0x1e /usr/bin/../lib/gcc/arm-none-eabi/14.2.1/thumb/v7e-m/nofp/crti.o
 .ARM.attributes
                0x0000001e       0x2e /usr/bin/../lib/gcc/arm-none-eabi/14.2.1/thumb/v7e-m/nofp/crtbegin.o
 .ARM.attributes
                0x0000004c       0x2e CMakeFiles/ads1256.elf.dir/Core/Src/gpio.c.obj
 .ARM.attributes
                0x0000007a       0x2e CMakeFiles/ads1256.elf.dir/Core/Src/main.c.obj
 .ARM.attributes
                0x000000a8       0x2e CMakeFiles/ads1256.elf.dir/Core/Src/spi.c.obj
 .ARM.attributes
                0x000000d6       0x2e CMakeFiles/ads1256.elf.dir/Core/Src/stm32f4xx_hal_msp.c.obj
 .ARM.attributes
                0x00000104       0x2e CMakeFiles/ads1256.elf.dir/Core/Src/stm32f4xx_it.c.obj
 .ARM.attributes
                0x00000132       0x2e CMakeFiles/ads1256.elf.dir/Core/Src/syscalls.c.obj
 .ARM.attributes
                0x00000160       0x2e CMakeFiles/ads1256.elf.dir/Core/Src/sysmem.c.obj
 .ARM.attributes
                0x0000018e       0x2e CMakeFiles/ads1256.elf.dir/Core/Src/system_stm32f4xx.c.obj
 .ARM.attributes
                0x000001bc       0x2e CMakeFiles/ads1256.elf.dir/Core/Src/tim.c.obj
 .ARM.attributes
                0x000001ea       0x2e CMakeFiles/ads1256.elf.dir/Core/Src/usart.c.obj
 .ARM.attributes
                0x00000218       0x21 CMakeFiles/ads1256.elf.dir/Core/Startup/startup_stm32f401ccux.s.obj
 .ARM.attributes
                0x00000239       0x2e CMakeFiles/ads1256.elf.dir/Drivers/STM32F4xx_HAL_Driver/Src/stm32f4xx_hal.c.obj
 .ARM.attributes
                0x00000267       0x2e CMakeFiles/ads1256.elf.dir/Drivers/STM32F4xx_HAL_Driver/Src/stm32f4xx_hal_cortex.c.obj
 .ARM.attributes
                0x00000295       0x2e CMakeFiles/ads1256.elf.dir/Drivers/STM32F4xx_HAL_Driver/Src/stm32f4xx_hal_dma.c.obj
 .ARM.attributes
                0x000002c3       0x2e CMakeFiles/ads1256.elf.dir/Drivers/STM32F4xx_HAL_Driver/Src/stm32f4xx_hal_gpio.c.obj
 .ARM.attributes
                0x000002f1       0x2e CMakeFiles/ads1256.elf.dir/Drivers/STM32F4xx_HAL_Driver/Src/stm32f4xx_hal_rcc.c.obj
 .ARM.attributes
                0x0000031f       0x2e CMakeFiles/ads1256.elf.dir/Drivers/STM32F4xx_HAL_Driver/Src/stm32f4xx_hal_spi.c.obj
 .ARM.attributes
                0x0000034d       0x2e CMakeFiles/ads1256.elf.dir/Drivers/STM32F4xx_HAL_Driver/Src/stm32f4xx_hal_tim.c.obj
 .ARM.attributes
                0x0000037b       0x2e CMakeFiles/ads1256.elf.dir/Drivers/STM32F4xx_HAL_Driver/Src/stm32f4xx_hal_tim_ex.c.obj
 .ARM.attributes
                0x000003a9       0x2e CMakeFiles/ads1256.elf.dir/Drivers/STM32F4xx_HAL_Driver/Src/stm32f4xx_hal_uart.c.obj
 .ARM.attributes
                0x000003d7       0x2e CMakeFiles/ads1256.elf.dir/usr/app_main.c.obj
 .ARM.attributes
                0x00000405       0x2e CMakeFiles/ads1256.elf.dir/usr/KEY/key.c.obj
 .ARM.attributes
                0x00000433       0x2e CMakeFiles/ads1256.elf.dir/usr/ads1256/ads125x.c.obj
 .ARM.attributes
                0x00000461       0x1e /usr/bin/../lib/gcc/arm-none-eabi/14.2.1/thumb/v7e-m/nofp/libgcc.a(_arm_addsubdf3.o)
 .ARM.attributes
                0x0000047f       0x1e /usr/bin/../lib/gcc/arm-none-eabi/14.2.1/thumb/v7e-m/nofp/libgcc.a(_arm_muldivdf3.o)
 .ARM.attributes
                0x0000049d       0x1e /usr/bin/../lib/gcc/arm-none-eabi/14.2.1/thumb/v7e-m/nofp/libgcc.a(_arm_truncdfsf2.o)
 .ARM.attributes
                0x000004bb       0x1e /usr/bin/../lib/gcc/arm-none-eabi/14.2.1/thumb/v7e-m/nofp/libgcc.a(_arm_addsubsf3.o)
 .ARM.attributes
                0x000004d9       0x1e /usr/bin/../lib/gcc/arm-none-eabi/14.2.1/thumb/v7e-m/nofp/libgcc.a(_arm_muldivsf3.o)
 .ARM.attributes
                0x000004f7       0x1e /usr/bin/../lib/gcc/arm-none-eabi/14.2.1/thumb/v7e-m/nofp/libgcc.a(_aeabi_uldivmod.o)
 .ARM.attributes
                0x00000515       0x2e /usr/bin/../lib/gcc/arm-none-eabi/14.2.1/thumb/v7e-m/nofp/libgcc.a(_udivmoddi4.o)
 .ARM.attributes
                0x00000543       0x1e /usr/bin/../lib/gcc/arm-none-eabi/14.2.1/thumb/v7e-m/nofp/libgcc.a(_dvmd_tls.o)
 .ARM.attributes
                0x00000561       0x2e /usr/bin/../lib/gcc/arm-none-eabi/14.2.1/../../../../arm-none-eabi/lib/thumb/v7e-m/nofp/libg.a(libc_a-mallocr.o)
 .ARM.attributes
                0x0000058f       0x2e /usr/bin/../lib/gcc/arm-none-eabi/14.2.1/../../../../arm-none-eabi/lib/thumb/v7e-m/nofp/libg.a(libc_a-mlock.o)
 .ARM.attributes
                0x000005bd       0x2e /usr/bin/../lib/gcc/arm-none-eabi/14.2.1/../../../../arm-none-eabi/lib/thumb/v7e-m/nofp/libg.a(libc_a-ctype_.o)
 .ARM.attributes
                0x000005eb       0x2e /usr/bin/../lib/gcc/arm-none-eabi/14.2.1/../../../../arm-none-eabi/lib/thumb/v7e-m/nofp/libg.a(libc_a-findfp.o)
 .ARM.attributes
                0x00000619       0x2e /usr/bin/../lib/gcc/arm-none-eabi/14.2.1/../../../../arm-none-eabi/lib/thumb/v7e-m/nofp/libg.a(libc_a-fwalk.o)
 .ARM.attributes
                0x00000647       0x2e /usr/bin/../lib/gcc/arm-none-eabi/14.2.1/../../../../arm-none-eabi/lib/thumb/v7e-m/nofp/libg.a(libc_a-printf.o)
 .ARM.attributes
                0x00000675       0x2e /usr/bin/../lib/gcc/arm-none-eabi/14.2.1/../../../../arm-none-eabi/lib/thumb/v7e-m/nofp/libg.a(libc_a-putchar.o)
 .ARM.attributes
                0x000006a3       0x2e /usr/bin/../lib/gcc/arm-none-eabi/14.2.1/../../../../arm-none-eabi/lib/thumb/v7e-m/nofp/libg.a(libc_a-puts.o)
 .ARM.attributes
                0x000006d1       0x2e /usr/bin/../lib/gcc/arm-none-eabi/14.2.1/../../../../arm-none-eabi/lib/thumb/v7e-m/nofp/libg.a(libc_a-stdio.o)
 .ARM.attributes
                0x000006ff       0x2e /usr/bin/../lib/gcc/arm-none-eabi/14.2.1/../../../../arm-none-eabi/lib/thumb/v7e-m/nofp/libg.a(libc_a-memset.o)
 .ARM.attributes
                0x0000072d       0x2e /usr/bin/../lib/gcc/arm-none-eabi/14.2.1/../../../../arm-none-eabi/lib/thumb/v7e-m/nofp/libg.a(libc_a-strncpy.o)
 .ARM.attributes
                0x0000075b       0x2e /usr/bin/../lib/gcc/arm-none-eabi/14.2.1/../../../../arm-none-eabi/lib/thumb/v7e-m/nofp/libg.a(libc_a-closer.o)
 .ARM.attributes
                0x00000789       0x2e /usr/bin/../lib/gcc/arm-none-eabi/14.2.1/../../../../arm-none-eabi/lib/thumb/v7e-m/nofp/libg.a(libc_a-reent.o)
 .ARM.attributes
                0x000007b7       0x2e /usr/bin/../lib/gcc/arm-none-eabi/14.2.1/../../../../arm-none-eabi/lib/thumb/v7e-m/nofp/libg.a(libc_a-impure.o)
 .ARM.attributes
                0x000007e5       0x2e /usr/bin/../lib/gcc/arm-none-eabi/14.2.1/../../../../arm-none-eabi/lib/thumb/v7e-m/nofp/libg.a(libc_a-lseekr.o)
 .ARM.attributes
                0x00000813       0x2e /usr/bin/../lib/gcc/arm-none-eabi/14.2.1/../../../../arm-none-eabi/lib/thumb/v7e-m/nofp/libg.a(libc_a-readr.o)
 .ARM.attributes
                0x00000841       0x2e /usr/bin/../lib/gcc/arm-none-eabi/14.2.1/../../../../arm-none-eabi/lib/thumb/v7e-m/nofp/libg.a(libc_a-sbrkr.o)
 .ARM.attributes
                0x0000086f       0x2e /usr/bin/../lib/gcc/arm-none-eabi/14.2.1/../../../../arm-none-eabi/lib/thumb/v7e-m/nofp/libg.a(libc_a-writer.o)
 .ARM.attributes
                0x0000089d       0x2e /usr/bin/../lib/gcc/arm-none-eabi/14.2.1/../../../../arm-none-eabi/lib/thumb/v7e-m/nofp/libg.a(libc_a-errno.o)
 .ARM.attributes
                0x000008cb       0x2e /usr/bin/../lib/gcc/arm-none-eabi/14.2.1/../../../../arm-none-eabi/lib/thumb/v7e-m/nofp/libg.a(libc_a-init.o)
 .ARM.attributes
                0x000008f9       0x2e /usr/bin/../lib/gcc/arm-none-eabi/14.2.1/../../../../arm-none-eabi/lib/thumb/v7e-m/nofp/libg.a(libc_a-lock.o)
 .ARM.attributes
                0x00000927       0x2e /usr/bin/../lib/gcc/arm-none-eabi/14.2.1/../../../../arm-none-eabi/lib/thumb/v7e-m/nofp/libg.a(libc_a-sysconf.o)
 .ARM.attributes
                0x00000955       0x1c /usr/bin/../lib/gcc/arm-none-eabi/14.2.1/../../../../arm-none-eabi/lib/thumb/v7e-m/nofp/libg.a(libc_a-strlen.o)
 .ARM.attributes
                0x00000971       0x2e /usr/bin/../lib/gcc/arm-none-eabi/14.2.1/../../../../arm-none-eabi/lib/thumb/v7e-m/nofp/libg.a(libc_a-__call_atexit.o)
 .ARM.attributes
                0x0000099f       0x2e /usr/bin/../lib/gcc/arm-none-eabi/14.2.1/../../../../arm-none-eabi/lib/thumb/v7e-m/nofp/libg.a(libc_a-atexit.o)
 .ARM.attributes
                0x000009cd       0x2e /usr/bin/../lib/gcc/arm-none-eabi/14.2.1/../../../../arm-none-eabi/lib/thumb/v7e-m/nofp/libg.a(libc_a-freer.o)
 .ARM.attributes
                0x000009fb       0x2e /usr/bin/../lib/gcc/arm-none-eabi/14.2.1/../../../../arm-none-eabi/lib/thumb/v7e-m/nofp/libg.a(libc_a-vfprintf.o)
 .ARM.attributes
                0x00000a29       0x2e /usr/bin/../lib/gcc/arm-none-eabi/14.2.1/../../../../arm-none-eabi/lib/thumb/v7e-m/nofp/libg.a(libc_a-sprint_r.o)
 .ARM.attributes
                0x00000a57       0x2e /usr/bin/../lib/gcc/arm-none-eabi/14.2.1/../../../../arm-none-eabi/lib/thumb/v7e-m/nofp/libg.a(libc_a-fclose.o)
 .ARM.attributes
                0x00000a85       0x2e /usr/bin/../lib/gcc/arm-none-eabi/14.2.1/../../../../arm-none-eabi/lib/thumb/v7e-m/nofp/libg.a(libc_a-fflush.o)
 .ARM.attributes
                0x00000ab3       0x2e /usr/bin/../lib/gcc/arm-none-eabi/14.2.1/../../../../arm-none-eabi/lib/thumb/v7e-m/nofp/libg.a(libc_a-fvwrite.o)
 .ARM.attributes
                0x00000ae1       0x2e /usr/bin/../lib/gcc/arm-none-eabi/14.2.1/../../../../arm-none-eabi/lib/thumb/v7e-m/nofp/libg.a(libc_a-putc.o)
 .ARM.attributes
                0x00000b0f       0x2e /usr/bin/../lib/gcc/arm-none-eabi/14.2.1/../../../../arm-none-eabi/lib/thumb/v7e-m/nofp/libg.a(libc_a-wbuf.o)
 .ARM.attributes
                0x00000b3d       0x2e /usr/bin/../lib/gcc/arm-none-eabi/14.2.1/../../../../arm-none-eabi/lib/thumb/v7e-m/nofp/libg.a(libc_a-wsetup.o)
 .ARM.attributes
                0x00000b6b       0x2e /usr/bin/../lib/gcc/arm-none-eabi/14.2.1/../../../../arm-none-eabi/lib/thumb/v7e-m/nofp/libg.a(libc_a-memmove.o)
 .ARM.attributes
                0x00000b99       0x2e /usr/bin/../lib/gcc/arm-none-eabi/14.2.1/../../../../arm-none-eabi/lib/thumb/v7e-m/nofp/libg.a(libc_a-locale.o)
 .ARM.attributes
                0x00000bc7       0x2e /usr/bin/../lib/gcc/arm-none-eabi/14.2.1/../../../../arm-none-eabi/lib/thumb/v7e-m/nofp/libg.a(libc_a-localeconv.o)
 .ARM.attributes
                0x00000bf5       0x2e /usr/bin/../lib/gcc/arm-none-eabi/14.2.1/../../../../arm-none-eabi/lib/thumb/v7e-m/nofp/libg.a(libc_a-fini.o)
 .ARM.attributes
                0x00000c23       0x1c /usr/bin/../lib/gcc/arm-none-eabi/14.2.1/../../../../arm-none-eabi/lib/thumb/v7e-m/nofp/libg.a(libc_a-memchr.o)
 .ARM.attributes
                0x00000c3f       0x1c /usr/bin/../lib/gcc/arm-none-eabi/14.2.1/../../../../arm-none-eabi/lib/thumb/v7e-m/nofp/libg.a(libc_a-memcpy.o)
 .ARM.attributes
                0x00000c5b       0x2e /usr/bin/../lib/gcc/arm-none-eabi/14.2.1/../../../../arm-none-eabi/lib/thumb/v7e-m/nofp/libg.a(libm_a-s_frexp.o)
 .ARM.attributes
                0x00000c89       0x2e /usr/bin/../lib/gcc/arm-none-eabi/14.2.1/../../../../arm-none-eabi/lib/thumb/v7e-m/nofp/libg.a(libc_a-__atexit.o)
 .ARM.attributes
                0x00000cb7       0x2e /usr/bin/../lib/gcc/arm-none-eabi/14.2.1/../../../../arm-none-eabi/lib/thumb/v7e-m/nofp/libg.a(libc_a-dtoa.o)
 .ARM.attributes
                0x00000ce5       0x2e /usr/bin/../lib/gcc/arm-none-eabi/14.2.1/../../../../arm-none-eabi/lib/thumb/v7e-m/nofp/libg.a(libc_a-mbtowc_r.o)
 .ARM.attributes
                0x00000d13       0x2e /usr/bin/../lib/gcc/arm-none-eabi/14.2.1/../../../../arm-none-eabi/lib/thumb/v7e-m/nofp/libg.a(libc_a-mprec.o)
 .ARM.attributes
                0x00000d41       0x2e /usr/bin/../lib/gcc/arm-none-eabi/14.2.1/../../../../arm-none-eabi/lib/thumb/v7e-m/nofp/libg.a(libc_a-reallocr.o)
 .ARM.attributes
                0x00000d6f       0x2e /usr/bin/../lib/gcc/arm-none-eabi/14.2.1/../../../../arm-none-eabi/lib/thumb/v7e-m/nofp/libg.a(libc_a-wctomb_r.o)
 .ARM.attributes
                0x00000d9d       0x2e /usr/bin/../lib/gcc/arm-none-eabi/14.2.1/../../../../arm-none-eabi/lib/thumb/v7e-m/nofp/libg.a(libc_a-wcrtomb.o)
 .ARM.attributes
                0x00000dcb       0x2e /usr/bin/../lib/gcc/arm-none-eabi/14.2.1/../../../../arm-none-eabi/lib/thumb/v7e-m/nofp/libg.a(libc_a-wcsrtombs.o)
 .ARM.attributes
                0x00000df9       0x2e /usr/bin/../lib/gcc/arm-none-eabi/14.2.1/../../../../arm-none-eabi/lib/thumb/v7e-m/nofp/libg.a(libc_a-makebuf.o)
 .ARM.attributes
                0x00000e27       0x2e /usr/bin/../lib/gcc/arm-none-eabi/14.2.1/../../../../arm-none-eabi/lib/thumb/v7e-m/nofp/libg.a(libc_a-fstatr.o)
 .ARM.attributes
                0x00000e55       0x2e /usr/bin/../lib/gcc/arm-none-eabi/14.2.1/../../../../arm-none-eabi/lib/thumb/v7e-m/nofp/libg.a(libc_a-isattyr.o)
 .ARM.attributes
                0x00000e83       0x2e /usr/bin/../lib/gcc/arm-none-eabi/14.2.1/../../../../arm-none-eabi/lib/thumb/v7e-m/nofp/libg.a(libc_a-assert.o)
 .ARM.attributes
                0x00000eb1       0x2e /usr/bin/../lib/gcc/arm-none-eabi/14.2.1/../../../../arm-none-eabi/lib/thumb/v7e-m/nofp/libg.a(libc_a-callocr.o)
 .ARM.attributes
                0x00000edf       0x2e /usr/bin/../lib/gcc/arm-none-eabi/14.2.1/../../../../arm-none-eabi/lib/thumb/v7e-m/nofp/libg.a(libc_a-wcsnrtombs.o)
 .ARM.attributes
                0x00000f0d       0x2e /usr/bin/../lib/gcc/arm-none-eabi/14.2.1/../../../../arm-none-eabi/lib/thumb/v7e-m/nofp/libg.a(libc_a-fiprintf.o)
 .ARM.attributes
                0x00000f3b       0x2e /usr/bin/../lib/gcc/arm-none-eabi/14.2.1/../../../../arm-none-eabi/lib/thumb/v7e-m/nofp/libg.a(libc_a-vfiprintf.o)
 .ARM.attributes
                0x00000f69       0x2e /usr/bin/../lib/gcc/arm-none-eabi/14.2.1/../../../../arm-none-eabi/lib/thumb/v7e-m/nofp/libg.a(libc_a-abort.o)
 .ARM.attributes
                0x00000f97       0x2e /usr/bin/../lib/gcc/arm-none-eabi/14.2.1/../../../../arm-none-eabi/lib/thumb/v7e-m/nofp/libg.a(libc_a-signal.o)
 .ARM.attributes
                0x00000fc5       0x2e /usr/bin/../lib/gcc/arm-none-eabi/14.2.1/../../../../arm-none-eabi/lib/thumb/v7e-m/nofp/libg.a(libc_a-signalr.o)
 .ARM.attributes
                0x00000ff3       0x1e /usr/bin/../lib/gcc/arm-none-eabi/14.2.1/thumb/v7e-m/nofp/libgcc.a(_arm_cmpdf2.o)
 .ARM.attributes
                0x00001011       0x1e /usr/bin/../lib/gcc/arm-none-eabi/14.2.1/thumb/v7e-m/nofp/libgcc.a(_arm_unorddf2.o)
 .ARM.attributes
                0x0000102f       0x1e /usr/bin/../lib/gcc/arm-none-eabi/14.2.1/thumb/v7e-m/nofp/libgcc.a(_arm_fixdfsi.o)
 .ARM.attributes
                0x0000104d       0x2e /usr/bin/../lib/gcc/arm-none-eabi/14.2.1/thumb/v7e-m/nofp/crtend.o
 .ARM.attributes
                0x0000107b       0x1e /usr/bin/../lib/gcc/arm-none-eabi/14.2.1/thumb/v7e-m/nofp/crtn.o
OUTPUT(ads1256.elf elf32-littlearm)
LOAD linker stubs
LOAD /usr/bin/../lib/gcc/arm-none-eabi/14.2.1/../../../../arm-none-eabi/lib/thumb/v7e-m/nofp/libc.a
LOAD /usr/bin/../lib/gcc/arm-none-eabi/14.2.1/../../../../arm-none-eabi/lib/thumb/v7e-m/nofp/libm.a
LOAD /usr/bin/../lib/gcc/arm-none-eabi/14.2.1/thumb/v7e-m/nofp/libgcc.a

.debug_info     0x00000000    0x18610
 .debug_info    0x00000000      0x70a CMakeFiles/ads1256.elf.dir/Core/Src/gpio.c.obj
 .debug_info    0x0000070a      0xa8f CMakeFiles/ads1256.elf.dir/Core/Src/main.c.obj
 .debug_info    0x00001199      0xcb9 CMakeFiles/ads1256.elf.dir/Core/Src/spi.c.obj
 .debug_info    0x00001e52      0x28d CMakeFiles/ads1256.elf.dir/Core/Src/stm32f4xx_hal_msp.c.obj
 .debug_info    0x000020df      0xa59 CMakeFiles/ads1256.elf.dir/Core/Src/stm32f4xx_it.c.obj
 .debug_info    0x00002b38      0x789 CMakeFiles/ads1256.elf.dir/Core/Src/syscalls.c.obj
 .debug_info    0x000032c1      0x171 CMakeFiles/ads1256.elf.dir/Core/Src/sysmem.c.obj
 .debug_info    0x00003432      0x35c CMakeFiles/ads1256.elf.dir/Core/Src/system_stm32f4xx.c.obj
 .debug_info    0x0000378e     0x1234 CMakeFiles/ads1256.elf.dir/Core/Src/tim.c.obj
 .debug_info    0x000049c2      0x9ac CMakeFiles/ads1256.elf.dir/Core/Src/usart.c.obj
 .debug_info    0x0000536e       0x30 CMakeFiles/ads1256.elf.dir/Core/Startup/startup_stm32f401ccux.s.obj
 .debug_info    0x0000539e      0x959 CMakeFiles/ads1256.elf.dir/Drivers/STM32F4xx_HAL_Driver/Src/stm32f4xx_hal.c.obj
 .debug_info    0x00005cf7      0xf5f CMakeFiles/ads1256.elf.dir/Drivers/STM32F4xx_HAL_Driver/Src/stm32f4xx_hal_cortex.c.obj
 .debug_info    0x00006c56      0xad8 CMakeFiles/ads1256.elf.dir/Drivers/STM32F4xx_HAL_Driver/Src/stm32f4xx_hal_dma.c.obj
 .debug_info    0x0000772e      0x73a CMakeFiles/ads1256.elf.dir/Drivers/STM32F4xx_HAL_Driver/Src/stm32f4xx_hal_gpio.c.obj
 .debug_info    0x00007e68      0xac3 CMakeFiles/ads1256.elf.dir/Drivers/STM32F4xx_HAL_Driver/Src/stm32f4xx_hal_rcc.c.obj
 .debug_info    0x0000892b     0x1cd7 CMakeFiles/ads1256.elf.dir/Drivers/STM32F4xx_HAL_Driver/Src/stm32f4xx_hal_spi.c.obj
 .debug_info    0x0000a602     0x3c4c CMakeFiles/ads1256.elf.dir/Drivers/STM32F4xx_HAL_Driver/Src/stm32f4xx_hal_tim.c.obj
 .debug_info    0x0000e24e     0x1ad7 CMakeFiles/ads1256.elf.dir/Drivers/STM32F4xx_HAL_Driver/Src/stm32f4xx_hal_tim_ex.c.obj
 .debug_info    0x0000fd25     0x401f CMakeFiles/ads1256.elf.dir/Drivers/STM32F4xx_HAL_Driver/Src/stm32f4xx_hal_uart.c.obj
 .debug_info    0x00013d44     0x29e9 CMakeFiles/ads1256.elf.dir/usr/app_main.c.obj
 .debug_info    0x0001672d      0x679 CMakeFiles/ads1256.elf.dir/usr/KEY/key.c.obj
 .debug_info    0x00016da6     0x186a CMakeFiles/ads1256.elf.dir/usr/ads1256/ads125x.c.obj

.debug_abbrev   0x00000000     0x33bb
 .debug_abbrev  0x00000000      0x185 CMakeFiles/ads1256.elf.dir/Core/Src/gpio.c.obj
 .debug_abbrev  0x00000185      0x2b2 CMakeFiles/ads1256.elf.dir/Core/Src/main.c.obj
 .debug_abbrev  0x00000437      0x239 CMakeFiles/ads1256.elf.dir/Core/Src/spi.c.obj